commit 5a4361fa037090adf729ab3f161832d969abc576
Author:     Dan Davison <dandavison7@gmail.com>
AuthorDate: Sun Jun 23 17:28:25 2019 -0400
Commit:     Dan Davison <dandavison7@gmail.com>
CommitDate: Sun Jun 23 17:28:25 2019 -0400

    cargo new delta


[34madded: .gitignore[0m
[34m────────────────────────────────────────────────────────────────────────────────[0m

[34m[38;5;88m    [34m[38;5;28m  1 [34m[32m/target[0m
[34m[38;5;88m    [34m[38;5;28m  2 [34m[32m**/*.rs.bk[0m

[34madded: Cargo.toml[0m
[34m────────────────────────────────────────────────────────────────────────────────[0m

[34m[38;5;88m    [34m[38;5;28m  1 [34m[32m[package][0m
[34m[38;5;88m    [34m[38;5;28m  2 [34m[32mname = "delta"[0m
[34m[38;5;88m    [34m[38;5;28m  3 [34m[32mversion = "0.1.0"[0m
[34m[38;5;88m    [34m[38;5;28m  4 [34m[32mauthors = ["Dan Davison <dandavison7@gmail.com>"][0m
[34m[38;5;88m    [34m[38;5;28m  5 [34m[32medition = "2018"[0m
[34m[38;5;88m    [34m[38;5;28m  6 [34m[0m
[34m[38;5;88m    [34m[38;5;28m  7 [34m[32m[dependencies][0m

[34madded: src/main.rs[0m
[34m────────────────────────────────────────────────────────────────────────────────[0m

[34m[38;5;88m    [34m[38;5;28m  1 [34m[32mfn main() {[0m
[34m[38;5;88m    [34m[38;5;28m  2 [34m[32m    println!("Hello, world!");[0m
[34m[38;5;88m    [34m[38;5;28m  3 [34m[32m}[0m
