commit 5ce64e9d06c21e3e845c42a94461b7fe1d9752ae
Author:     Dan Davison <dandavison7@gmail.com>
AuthorDate: Sun Jun 23 19:44:01 2019 -0400
Commit:     Dan Davison <dandavison7@gmail.com>
CommitDate: Sun Jun 23 21:29:47 2019 -0400

    Obtain file name


[34mΔ src/main.rs[0m
[34m────────────────────────────────────────────────────────────────────────────────[0m

[34m───────────────[0m[34m┐[0m
[34m•[0m  fn main() { [34m│[0m
[34m───────────────[0m[34m┘[0m
[34m[38;2;68;68;68m 10 [34m[38;2;68;68;68m 10 [34m[0m    let mut patch_set = PatchSet::new();
[34m[38;2;68;68;68m 11 [34m[38;2;68;68;68m 11 [34m[0m    patch_set.parse(&mut input).ok().expect("Error parsing diff");
[34m[38;2;68;68;68m 12 [34m[38;2;68;68;68m 12 [34m[0m    for patched_file in patch_set {
[34m[38;5;88m    [34m[38;5;28m 13 [34m[32m        io::stdout().write_all(format!("\n<<<<<<<<<<<<<<<<<<<<<< file: {}\n", patched_file.source_file).as_bytes());[0m
[34m[38;2;68;68;68m 13 [34m[38;2;68;68;68m 14 [34m[0m        for hunk in patched_file {
[34m[38;5;88m 14 [34m[38;5;28m    [34m[31m            io::stdout().write_all(b"\n<<<<<<<<<<<<<<<<<<<<<<<<<<<<<<<<<<<<<\n");[0m
[34m[38;2;68;68;68m 15 [34m[38;2;68;68;68m 15 [34m[0m            io::stdout().write_all(hunk.to_string().as_bytes());
[34m[38;2;68;68;68m 16 [34m[38;2;68;68;68m 16 [34m[0m        }
[34m[38;2;68;68;68m 17 [34m[38;2;68;68;68m 17 [34m[0m    }
