commit be5f329e1b5394e840012f2d70456cd0422001c2
Author:     Dan Davison <dandavison7@gmail.com>
AuthorDate: Tue Jun 25 23:57:13 2019 -0400
Commit:     Dan Davison <dandavison7@gmail.com>
CommitDate: Wed Jun 26 09:59:01 2019 -0400

    Refactor colorizing


[34mΔ src/main.rs[0m
[34m────────────────────────────────────────────────────────────────────────────────[0m

[34m─────────────────────────────────────[0m[34m┐[0m
[34m•[0m  fn my_as_24_bit_terminal_escaped( [34m│[0m
[34m─────────────────────────────────────[0m[34m┘[0m
[34m[38;2;68;68;68m 83 [34m[38;2;68;68;68m 83 [34m[0m    buf: &mut String,
[34m[38;2;68;68;68m 84 [34m[38;2;68;68;68m 84 [34m[0m) -> () {
[34m[38;2;68;68;68m 85 [34m[38;2;68;68;68m 85 [34m[0m    for &(ref style, text) in v.iter() {
[34m[38;5;88m 86 [34m[38;5;28m    [34m[31m        match background_color {[0m
[34m[38;5;88m 87 [34m[38;5;28m    [34m[31m            Some(background_color) => {[0m
[34m[38;5;88m 88 [34m[38;5;28m    [34m[31m                write!([0m
[34m[38;5;88m 89 [34m[38;5;28m    [34m[31m                    buf,[0m
[34m[38;5;88m 90 [34m[38;5;28m    [34m[31m                    "\x1b[48;2;{};{};{}m",[0m
[34m[38;5;88m 91 [34m[38;5;28m    [34m[31m        [1;7m           [0m[31m background_color[1;7m.r[0m[31m,[0m
[34m[38;5;88m 92 [34m[38;5;28m    [34m[31m                    background_color.g,[0m
[34m[38;5;88m 93 [34m[38;5;28m    [34m[31m                    background_color.b[0m
[34m[38;5;88m 94 [34m[38;5;28m    [34m[31m                ).unwrap()[0m
[34m[38;5;88m 95 [34m[38;5;28m    [34m[31m            }[0m
[34m[38;5;88m 96 [34m[38;5;28m    [34m[31m            None => (),[0m
[34m[38;5;88m 97 [34m[38;5;28m    [34m[31m        }[0m
[34m[38;5;88m 98 [34m[38;5;28m    [34m[31m        write!([0m
[34m[38;5;88m 99 [34m[38;5;28m    [34m[31m            buf,[0m
[34m[38;5;88m 100[34m[38;5;28m    [34m[31m            "\x1b[38;2;{};{};{}m{}",[0m
[34m[38;5;88m 101[34m[38;5;28m    [34m[31m            style.foreground.r,[0m
[34m[38;5;88m 102[34m[38;5;28m    [34m[31m            style.foreground.g,[0m
[34m[38;5;88m 103[34m[38;5;28m    [34m[31m            style.foreground.b,[0m
[34m[38;5;88m 104[34m[38;5;28m    [34m[31m            text[0m
[34m[38;5;88m 105[34m[38;5;28m    [34m[31m        ).unwrap();[0m
[34m[38;5;88m    [34m[38;5;28m 86 [34m[32m        [1;7mcolorize(text, Some(style.foreground),[0m[32m background_color[1;7m, false[0m[32m,[1;7m buf);[0m
[34m[38;2;68;68;68m 106[34m[38;2;68;68;68m 87 [34m[0m    }
[34m[38;2;68;68;68m 107[34m[38;2;68;68;68m 88 [34m[0m    buf.push_str("\x1b[0m");
[34m[38;2;68;68;68m 108[34m[38;2;68;68;68m 89 [34m[0m}
[34m[38;2;68;68;68m 109[34m[38;2;68;68;68m 90 [34m[0m
[34m[38;5;88m    [34m[38;5;28m 91 [34m[32m/// Write text to buffer with color escape codes applied.[0m
[34m[38;5;88m    [34m[38;5;28m 92 [34m[32mfn colorize([0m
[34m[38;5;88m    [34m[38;5;28m 93 [34m[32m    text: &str,[0m
[34m[38;5;88m    [34m[38;5;28m 94 [34m[32m    foreground_color: Option<Color>,[0m
[34m[38;5;88m    [34m[38;5;28m 95 [34m[32m    background_color: Option<Color>,[0m
[34m[38;5;88m    [34m[38;5;28m 96 [34m[32m    reset_color: bool,[0m
[34m[38;5;88m    [34m[38;5;28m 97 [34m[32m    buf: &mut String,[0m
[34m[38;5;88m    [34m[38;5;28m 98 [34m[32m) -> () {[0m
[34m[38;5;88m    [34m[38;5;28m 99 [34m[32m    match background_color {[0m
[34m[38;5;88m    [34m[38;5;28m 100[34m[32m        Some(background_color) => {[0m
[34m[38;5;88m    [34m[38;5;28m 101[34m[32m            write!([0m
[34m[38;5;88m    [34m[38;5;28m 102[34m[32m                buf,[0m
[34m[38;5;88m    [34m[38;5;28m 103[34m[32m                "\x1b[48;2;{};{};{}m",[0m
[34m[38;5;88m    [34m[38;5;28m 104[34m[32m                background_color.r,[0m
[34m[38;5;88m    [34m[38;5;28m 105[34m[32m                background_color.g,[0m
[34m[38;5;88m    [34m[38;5;28m 106[34m[32m                background_color.b[0m
[34m[38;5;88m    [34m[38;5;28m 107[34m[32m            ).unwrap();[0m
[34m[38;5;88m    [34m[38;5;28m 108[34m[32m            if reset_color {[0m
[34m[38;5;88m    [34m[38;5;28m 109[34m[32m                buf.push_str("\x1b[0m");[0m
[34m[38;5;88m    [34m[38;5;28m 110[34m[32m            }[0m
[34m[38;5;88m    [34m[38;5;28m 111[34m[32m        }[0m
[34m[38;5;88m    [34m[38;5;28m 112[34m[32m        None => (),[0m
[34m[38;5;88m    [34m[38;5;28m 113[34m[32m    }[0m
[34m[38;5;88m    [34m[38;5;28m 114[34m[32m    match foreground_color {[0m
[34m[38;5;88m    [34m[38;5;28m 115[34m[32m        Some(foreground_color) => {[0m
[34m[38;5;88m    [34m[38;5;28m 116[34m[32m            write!([0m
[34m[38;5;88m    [34m[38;5;28m 117[34m[32m                buf,[0m
[34m[38;5;88m    [34m[38;5;28m 118[34m[32m                "\x1b[38;2;{};{};{}m{}",[0m
[34m[38;5;88m    [34m[38;5;28m 119[34m[32m                foreground_color.r,[0m
[34m[38;5;88m    [34m[38;5;28m 120[34m[32m                foreground_color.g,[0m
[34m[38;5;88m    [34m[38;5;28m 121[34m[32m                foreground_color.b,[0m
[34m[38;5;88m    [34m[38;5;28m 122[34m[32m                text[0m
[34m[38;5;88m    [34m[38;5;28m 123[34m[32m            ).unwrap();[0m
[34m[38;5;88m    [34m[38;5;28m 124[34m[32m            if reset_color {[0m
[34m[38;5;88m    [34m[38;5;28m 125[34m[32m                buf.push_str("\x1b[0m");[0m
[34m[38;5;88m    [34m[38;5;28m 126[34m[32m            }[0m
[34m[38;5;88m    [34m[38;5;28m 127[34m[32m        }[0m
[34m[38;5;88m    [34m[38;5;28m 128[34m[32m        None => {[0m
[34m[38;5;88m    [34m[38;5;28m 129[34m[32m            write!(buf, "{}", text).unwrap();[0m
[34m[38;5;88m    [34m[38;5;28m 130[34m[32m        }[0m
[34m[38;5;88m    [34m[38;5;28m 131[34m[32m    }[0m
[34m[38;5;88m    [34m[38;5;28m 132[34m[32m}[0m
[34m[38;5;88m    [34m[38;5;28m 133[34m[0m
[34m[38;2;68;68;68m 110[34m[38;2;68;68;68m 134[34m[0m/// Given input like
[34m[38;2;68;68;68m 111[34m[38;2;68;68;68m 135[34m[0m/// "diff --git a/src/main.rs b/src/main.rs"
[34m[38;2;68;68;68m 112[34m[38;2;68;68;68m 136[34m[0m/// Return "rs", i.e. a single file extension consistent with both files.
