commit c6f1a38bcc9e61aad7598845176817c21bac54cd
Author:     Dan Davison <dandavison7@gmail.com>
AuthorDate: Wed Jun 26 00:28:35 2019 -0400
Commit:     Dan Davison <dandavison7@gmail.com>
CommitDate: Wed Jun 26 09:59:01 2019 -0400

    Retain original colors except in diff hunks


[34mΔ Cargo.toml[0m
[34m────────────────────────────────────────────────────────────────────────────────[0m

[34m─────────────────────────────────────────────────────[0m[34m┐[0m
[34m•[0m  authors = ["Dan Davison <dandavison7@gmail.com>"] [34m│[0m
[34m─────────────────────────────────────────────────────[0m[34m┘[0m
[34m[38;2;68;68;68m  5 [34m[38;2;68;68;68m  5 [34m[0medition = "2018"
[34m[38;2;68;68;68m  6 [34m[38;2;68;68;68m  6 [34m[0m
[34m[38;2;68;68;68m  7 [34m[38;2;68;68;68m  7 [34m[0m[dependencies]
[34m[38;5;88m    [34m[38;5;28m  8 [34m[32mconsole = "0.7.7"[0m
[34m[38;2;68;68;68m  8 [34m[38;2;68;68;68m  9 [34m[0mparsepatch = "0.2.0"
[34m[38;2;68;68;68m  9 [34m[38;2;68;68;68m 10 [34m[0msyntect = "3.2"

[34mΔ src/main.rs[0m
[34m────────────────────────────────────────────────────────────────────────────────[0m

[34m────────────────────────[0m[34m┐[0m
[34m•[0m  use std::fmt::Write; [34m│[0m
[34m────────────────────────[0m[34m┘[0m
[34m[38;2;68;68;68m  2 [34m[38;2;68;68;68m  2 [34m[0muse std::io::{self, BufRead};
[34m[38;2;68;68;68m  3 [34m[38;2;68;68;68m  3 [34m[0muse std::path::Path;
[34m[38;2;68;68;68m  4 [34m[38;2;68;68;68m  4 [34m[0m
[34m[38;5;88m    [34m[38;5;28m  5 [34m[32muse console::strip_ansi_codes;[0m
[34m[38;2;68;68;68m  5 [34m[38;2;68;68;68m  6 [34m[0muse syntect::easy::HighlightLines;
[34m[38;2;68;68;68m  6 [34m[38;2;68;68;68m  7 [34m[0muse syntect::highlighting::{Color, Style, ThemeSet};
[34m[38;2;68;68;68m  7 [34m[38;2;68;68;68m  8 [34m[0muse syntect::parsing::{SyntaxReference, SyntaxSet};

[34m───────────────[0m[34m┐[0m
[34m•[0m  fn main() { [34m│[0m
[34m───────────────[0m[34m┘[0m
[34m[38;2;68;68;68m 40 [34m[38;2;68;68;68m 41 [34m[0m    let mut have_printed_line: bool;
[34m[38;2;68;68;68m 41 [34m[38;2;68;68;68m 42 [34m[0m
[34m[38;2;68;68;68m 42 [34m[38;2;68;68;68m 43 [34m[0m    for _line in io::stdin().lock().lines() {
[34m[38;5;88m 43 [34m[38;5;28m    [34m[31m        let [1;7mline[0m[31m = _line.unwrap(); // TODO: handle None[0m
[34m[38;5;88m    [34m[38;5;28m 44 [34m[32m        let [1;7mraw_line[0m[32m = _line.unwrap(); // TODO: handle None[0m
[34m[38;5;88m    [34m[38;5;28m 45 [34m[32m        let line = strip_ansi_codes(&raw_line).to_string();[0m
[34m[38;2;68;68;68m 44 [34m[38;2;68;68;68m 46 [34m[0m        have_printed_line = false;
[34m[38;2;68;68;68m 45 [34m[38;2;68;68;68m 47 [34m[0m        if line.starts_with("diff --") {
[34m[38;2;68;68;68m 46 [34m[38;2;68;68;68m 48 [34m[0m            state = State::DiffMeta;

[34m───────────────[0m[34m┐[0m
[34m•[0m  fn main() { [34m│[0m
[34m───────────────[0m[34m┘[0m
[34m[38;2;68;68;68m 71 [34m[38;2;68;68;68m 73 [34m[0m            }
[34m[38;2;68;68;68m 72 [34m[38;2;68;68;68m 74 [34m[0m        }
[34m[38;2;68;68;68m 73 [34m[38;2;68;68;68m 75 [34m[0m        if !have_printed_line {
[34m[38;5;88m 74 [34m[38;5;28m    [34m[31m            println!("{}", [1;7mline[0m[31m);[0m
[34m[38;5;88m    [34m[38;5;28m 76 [34m[32m            println!("{}", [1;7mraw_line[0m[32m);[0m
[34m[38;2;68;68;68m 75 [34m[38;2;68;68;68m 77 [34m[0m        }
[34m[38;2;68;68;68m 76 [34m[38;2;68;68;68m 78 [34m[0m    }
[34m[38;2;68;68;68m 77 [34m[38;2;68;68;68m 79 [34m[0m}
