commit fab69669814b3d88868b5a4f6f0dc03b5165a3aa
Author:     Dan Davison <dandavison7@gmail.com>
AuthorDate: Wed Jun 26 01:06:44 2019 -0400
Commit:     Dan Davison <dandavison7@gmail.com>
CommitDate: Wed Jun 26 10:46:59 2019 -0400

    Dark theme


[34mΔ src/main.rs[0m
[34m────────────────────────────────────────────────────────────────────────────────[0m

[34m──────────────────────────────────────[0m[34m┐[0m
[34m•[0m  use syntect::easy::HighlightLines; [34m│[0m
[34m──────────────────────────────────────[0m[34m┘[0m
[34m[38;2;68;68;68m  7 [34m[38;2;68;68;68m  7 [34m[0muse syntect::highlighting::{Color, Style, ThemeSet};
[34m[38;2;68;68;68m  8 [34m[38;2;68;68;68m  8 [34m[0muse syntect::parsing::{SyntaxReference, SyntaxSet};
[34m[38;2;68;68;68m  9 [34m[38;2;68;68;68m  9 [34m[0m
[34m[38;5;88m 10 [34m[38;5;28m    [34m[31mpub const DELTA_THEME_DEFAULT: &str = "[1;7mInspiredGitHub"; // [0m[31mbase16-mocha.dark[0m
[34m[38;5;88m    [34m[38;5;28m 10 [34m[32mpub const DELTA_THEME_DEFAULT: &str = "base16-mocha.dark[1;7m";[0m
[34m[38;2;68;68;68m 11 [34m[38;2;68;68;68m 11 [34m[0m
[34m[38;2;68;68;68m 12 [34m[38;2;68;68;68m 12 [34m[0mconst GREEN: Color = Color {
[34m[38;5;88m 13 [34m[38;5;28m    [34m[31m    r: [1;7m0xd0[0m[31m,[0m
[34m[38;5;88m 14 [34m[38;5;28m    [34m[31m    g: [1;7m0xff[0m[31m,[0m
[34m[38;5;88m 15 [34m[38;5;28m    [34m[31m    b: [1;7m0xd0[0m[31m,[0m
[34m[38;5;88m    [34m[38;5;28m 13 [34m[32m    r: [1;7m0x01[0m[32m,[0m
[34m[38;5;88m    [34m[38;5;28m 14 [34m[32m    g: [1;7m0x18[0m[32m,[0m
[34m[38;5;88m    [34m[38;5;28m 15 [34m[32m    b: [1;7m0x00[0m[32m,[0m
[34m[38;2;68;68;68m 16 [34m[38;2;68;68;68m 16 [34m[0m    a: 0x00,
[34m[38;2;68;68;68m 17 [34m[38;2;68;68;68m 17 [34m[0m};
[34m[38;2;68;68;68m 18 [34m[38;2;68;68;68m 18 [34m[0m
[34m[38;2;68;68;68m 19 [34m[38;2;68;68;68m 19 [34m[0mconst RED: Color = Color {
[34m[38;5;88m 20 [34m[38;5;28m    [34m[31m    r: [1;7m0xff[0m[31m,[0m
[34m[38;5;88m 21 [34m[38;5;28m    [34m[31m    g: [1;7m0xd0[0m[31m,[0m
[34m[38;5;88m 22 [34m[38;5;28m    [34m[31m    b: [1;7m0xd0[0m[31m,[0m
[34m[38;5;88m    [34m[38;5;28m 20 [34m[32m    r: [1;7m0x24[0m[32m,[0m
[34m[38;5;88m    [34m[38;5;28m 21 [34m[32m    g: [1;7m0x00[0m[32m,[0m
[34m[38;5;88m    [34m[38;5;28m 22 [34m[32m    b: [1;7m0x01[0m[32m,[0m
[34m[38;2;68;68;68m 23 [34m[38;2;68;68;68m 23 [34m[0m    a: 0x00,
[34m[38;2;68;68;68m 24 [34m[38;2;68;68;68m 24 [34m[0m};
[34m[38;2;68;68;68m 25 [34m[38;2;68;68;68m 25 [34m[0m
