commit 4d54c0f7e28e95d4958bd2dcbf76189fd8cfe305
Author:     Dan Davison <dandavison7@gmail.com>
AuthorDate: Wed Jun 26 09:57:07 2019 -0400
Commit:     Dan Davison <dandavison7@gmail.com>
CommitDate: Wed Jun 26 10:46:59 2019 -0400

    Handle broken pipe


[34mΔ src/main.rs[0m
[34m────────────────────────────────────────────────────────────────────────────────[0m

[34m[38;5;88m  1 [34m[38;5;28m    [34m[31muse std::[1;7mfmt[0m[31m::[1;7mWrite[0m[31m;[0m
[34m[38;5;88m  2 [34m[38;5;28m    [34m[31muse std::io::{self, BufRead};[0m
[34m[38;5;88m    [34m[38;5;28m  1 [34m[32muse std::[1;7mio[0m[32m::[1;7m{self, BufRead, ErrorKind}[0m[32m;[0m
[34m[38;2;68;68;68m  3 [34m[38;2;68;68;68m  2 [34m[0muse std::path::Path;
[34m[38;5;88m    [34m[38;5;28m  3 [34m[32muse std::process;[0m
[34m[38;2;68;68;68m  4 [34m[38;2;68;68;68m  4 [34m[0m
[34m[38;2;68;68;68m  5 [34m[38;2;68;68;68m  5 [34m[0muse console::strip_ansi_codes;
[34m[38;2;68;68;68m  6 [34m[38;2;68;68;68m  6 [34m[0muse syntect::easy::HighlightLines;

[34m────────────────[0m[34m┐[0m
[34m•[0m  enum State { [34m│[0m
[34m────────────────[0m[34m┘[0m
[34m[38;2;68;68;68m 32 [34m[38;2;68;68;68m 32 [34m[0m}
[34m[38;2;68;68;68m 33 [34m[38;2;68;68;68m 33 [34m[0m
[34m[38;2;68;68;68m 34 [34m[38;2;68;68;68m 34 [34m[0mfn main() {
[34m[38;5;88m    [34m[38;5;28m 35 [34m[32m    match delta() {[0m
[34m[38;5;88m    [34m[38;5;28m 36 [34m[32m        Err(error) => {[0m
[34m[38;5;88m    [34m[38;5;28m 37 [34m[32m            match error.kind() {[0m
[34m[38;5;88m    [34m[38;5;28m 38 [34m[32m                ErrorKind::BrokenPipe => process::exit(0),[0m
[34m[38;5;88m    [34m[38;5;28m 39 [34m[32m                _ => eprintln!("{}", error),[0m
[34m[38;5;88m    [34m[38;5;28m 40 [34m[32m            }[0m
[34m[38;5;88m    [34m[38;5;28m 41 [34m[32m        }[0m
[34m[38;5;88m    [34m[38;5;28m 42 [34m[32m        _ => (),[0m
[34m[38;5;88m    [34m[38;5;28m 43 [34m[32m    }[0m
[34m[38;5;88m    [34m[38;5;28m 44 [34m[32m}[0m
[34m[38;5;88m    [34m[38;5;28m 45 [34m[0m
[34m[38;5;88m    [34m[38;5;28m 46 [34m[32mfn delta() -> std::io::Result<()> {[0m
[34m[38;5;88m    [34m[38;5;28m 47 [34m[32m    use std::io::Write;[0m
[34m[38;2;68;68;68m 35 [34m[38;2;68;68;68m 48 [34m[0m    let ps = SyntaxSet::load_defaults_newlines();
[34m[38;2;68;68;68m 36 [34m[38;2;68;68;68m 49 [34m[0m    let ts = ThemeSet::load_defaults();
[34m[38;2;68;68;68m 37 [34m[38;2;68;68;68m 50 [34m[0m    let theme = &ts.themes[DELTA_THEME_DEFAULT];

[34m───────────────[0m[34m┐[0m
[34m•[0m  fn main() { [34m│[0m
[34m───────────────[0m[34m┘[0m
[34m[38;2;68;68;68m 39 [34m[38;2;68;68;68m 52 [34m[0m    let mut state = State::Unknown;
[34m[38;2;68;68;68m 40 [34m[38;2;68;68;68m 53 [34m[0m    let mut syntax: Option<&SyntaxReference> = None;
[34m[38;2;68;68;68m 41 [34m[38;2;68;68;68m 54 [34m[0m    let mut have_printed_line: bool;
[34m[38;5;88m    [34m[38;5;28m 55 [34m[32m    let stdin = io::stdin();[0m
[34m[38;5;88m    [34m[38;5;28m 56 [34m[32m    let mut stdout = io::stdout();[0m
[34m[38;2;68;68;68m 42 [34m[38;2;68;68;68m 57 [34m[0m
[34m[38;5;88m 43 [34m[38;5;28m    [34m[31m    for _line in [1;7mio::[0m[31mstdin[1;7m()[0m[31m.lock().lines() {[0m
[34m[38;5;88m    [34m[38;5;28m 58 [34m[32m    for _line in stdin.lock().lines() {[0m
[34m[38;2;68;68;68m 44 [34m[38;2;68;68;68m 59 [34m[0m        let raw_line = _line.unwrap(); // TODO: handle None
[34m[38;2;68;68;68m 45 [34m[38;2;68;68;68m 60 [34m[0m        let line = strip_ansi_codes(&raw_line).to_string();
[34m[38;2;68;68;68m 46 [34m[38;2;68;68;68m 61 [34m[0m        have_printed_line = false;

[34m───────────────[0m[34m┐[0m
[34m•[0m  fn main() { [34m│[0m
[34m───────────────[0m[34m┘[0m
[34m[38;2;68;68;68m 67 [34m[38;2;68;68;68m 82 [34m[0m                    let ranges: Vec<(Style, &str)> =
[34m[38;2;68;68;68m 68 [34m[38;2;68;68;68m 83 [34m[0m                        highlighter.highlight(line_without_plus_minus, &ps);
[34m[38;2;68;68;68m 69 [34m[38;2;68;68;68m 84 [34m[0m                    my_as_24_bit_terminal_escaped(&ranges[..], background_color, &mut output);
[34m[38;5;88m 70 [34m[38;5;28m    [34m[31m                    [1;7mprintln[0m[31m!(" {}", output);[0m
[34m[38;5;88m    [34m[38;5;28m 85 [34m[32m                    [1;7mwriteln[0m[32m!([1;7mstdout, [0m[32m" {}", output)[1;7m?[0m[32m;[0m
[34m[38;2;68;68;68m 71 [34m[38;2;68;68;68m 86 [34m[0m                    output.truncate(0);
[34m[38;2;68;68;68m 72 [34m[38;2;68;68;68m 87 [34m[0m                    have_printed_line = true;
[34m[38;2;68;68;68m 73 [34m[38;2;68;68;68m 88 [34m[0m                }

[34m───────────────[0m[34m┐[0m
[34m•[0m  fn main() { [34m│[0m
[34m───────────────[0m[34m┘[0m
[34m[38;2;68;68;68m 75 [34m[38;2;68;68;68m 90 [34m[0m            }
[34m[38;2;68;68;68m 76 [34m[38;2;68;68;68m 91 [34m[0m        }
[34m[38;2;68;68;68m 77 [34m[38;2;68;68;68m 92 [34m[0m        if !have_printed_line {
[34m[38;5;88m 78 [34m[38;5;28m    [34m[31m            [1;7mprintln[0m[31m!("{}", raw_line);[0m
[34m[38;5;88m    [34m[38;5;28m 93 [34m[32m            [1;7mwriteln[0m[32m!([1;7mstdout, [0m[32m"{}", raw_line)[1;7m?[0m[32m;[0m
[34m[38;2;68;68;68m 79 [34m[38;2;68;68;68m 94 [34m[0m        }
[34m[38;2;68;68;68m 80 [34m[38;2;68;68;68m 95 [34m[0m    }
[34m[38;5;88m    [34m[38;5;28m 96 [34m[32m    Ok(())[0m
[34m[38;2;68;68;68m 81 [34m[38;2;68;68;68m 97 [34m[0m}
[34m[38;2;68;68;68m 82 [34m[38;2;68;68;68m 98 [34m[0m
[34m[38;2;68;68;68m 83 [34m[38;2;68;68;68m 99 [34m[0m/// Based on as_24_bit_terminal_escaped from syntect

[34m────────────────[0m[34m┐[0m
[34m•[0m  fn colorize( [34m│[0m
[34m────────────────[0m[34m┘[0m
[34m[38;2;68;68;68m 100[34m[38;2;68;68;68m 116[34m[0m    reset_color: bool,
[34m[38;2;68;68;68m 101[34m[38;2;68;68;68m 117[34m[0m    buf: &mut String,
[34m[38;2;68;68;68m 102[34m[38;2;68;68;68m 118[34m[0m) -> () {
[34m[38;5;88m    [34m[38;5;28m 119[34m[32m    use std::fmt::Write;[0m
[34m[38;2;68;68;68m 103[34m[38;2;68;68;68m 120[34m[0m    match background_color {
[34m[38;2;68;68;68m 104[34m[38;2;68;68;68m 121[34m[0m        Some(background_color) => {
[34m[38;2;68;68;68m 105[34m[38;2;68;68;68m 122[34m[0m            write!(
