commit 598461c1395904f1e7a10414b6ad94fddaf02521
Author:     Dan Davison <dandavison7@gmail.com>
AuthorDate: Wed Jun 26 11:07:15 2019 -0400
Commit:     Dan Davison <dandavison7@gmail.com>
CommitDate: Wed Jun 26 21:19:12 2019 -0400

    CLI


[34mΔ Cargo.toml[0m
[34m────────────────────────────────────────────────────────────────────────────────[0m

[34m────────────────────[0m[34m┐[0m
[34m•[0m  edition = "2018" [34m│[0m
[34m────────────────────[0m[34m┘[0m
[34m[38;2;68;68;68m  7 [34m[38;2;68;68;68m  7 [34m[0m[dependencies]
[34m[38;2;68;68;68m  8 [34m[38;2;68;68;68m  8 [34m[0mconsole = "0.7.7"
[34m[38;2;68;68;68m  9 [34m[38;2;68;68;68m  9 [34m[0mparsepatch = "0.2.0"
[34m[38;5;88m    [34m[38;5;28m 10 [34m[32mstructopt = "0.2.16"[0m
[34m[38;2;68;68;68m 10 [34m[38;2;68;68;68m 11 [34m[0msyntect = "3.2"

[34mΔ src/main.rs[0m
[34m────────────────────────────────────────────────────────────────────────────────[0m

[34m[38;5;88m    [34m[38;5;28m  1 [34m[32mextern crate structopt;[0m
[34m[38;5;88m    [34m[38;5;28m  2 [34m[0m
[34m[38;2;68;68;68m  1 [34m[38;2;68;68;68m  3 [34m[0muse std::io::{self, BufRead, ErrorKind};
[34m[38;2;68;68;68m  2 [34m[38;2;68;68;68m  4 [34m[0muse std::path::Path;
[34m[38;2;68;68;68m  3 [34m[38;2;68;68;68m  5 [34m[0muse std::process;
[34m[38;2;68;68;68m  4 [34m[38;2;68;68;68m  6 [34m[0m
[34m[38;2;68;68;68m  5 [34m[38;2;68;68;68m  7 [34m[0muse console::strip_ansi_codes;
[34m[38;5;88m    [34m[38;5;28m  8 [34m[32muse structopt::StructOpt;[0m
[34m[38;2;68;68;68m  6 [34m[38;2;68;68;68m  9 [34m[0muse syntect::easy::HighlightLines;
[34m[38;2;68;68;68m  7 [34m[38;2;68;68;68m 10 [34m[0muse syntect::highlighting::{Color, Style, ThemeSet};
[34m[38;2;68;68;68m  8 [34m[38;2;68;68;68m 11 [34m[0muse syntect::parsing::{SyntaxReference, SyntaxSet};

[34m──────────────────────────────[0m[34m┐[0m
[34m•[0m  const RED: Color = Color { [34m│[0m
[34m──────────────────────────────[0m[34m┘[0m
[34m[38;2;68;68;68m 23 [34m[38;2;68;68;68m 26 [34m[0m    a: 0x00,
[34m[38;2;68;68;68m 24 [34m[38;2;68;68;68m 27 [34m[0m};
[34m[38;2;68;68;68m 25 [34m[38;2;68;68;68m 28 [34m[0m
[34m[38;5;88m    [34m[38;5;28m 29 [34m[32m#[derive(StructOpt, Debug)][0m
[34m[38;5;88m    [34m[38;5;28m 30 [34m[32m#[structopt(name = "delta")][0m
[34m[38;5;88m    [34m[38;5;28m 31 [34m[32mstruct Opt {[0m
[34m[38;5;88m    [34m[38;5;28m 32 [34m[32m    /// Use diff highlighting colors appropriate for a light terminal[0m
[34m[38;5;88m    [34m[38;5;28m 33 [34m[32m    /// background[0m
[34m[38;5;88m    [34m[38;5;28m 34 [34m[32m    #[structopt(long = "light")][0m
[34m[38;5;88m    [34m[38;5;28m 35 [34m[32m    light: bool,[0m
[34m[38;5;88m    [34m[38;5;28m 36 [34m[0m
[34m[38;5;88m    [34m[38;5;28m 37 [34m[32m    /// Use diff highlighting colors appropriate for a dark terminal[0m
[34m[38;5;88m    [34m[38;5;28m 38 [34m[32m    /// background[0m
[34m[38;5;88m    [34m[38;5;28m 39 [34m[32m    #[structopt(long = "dark")][0m
[34m[38;5;88m    [34m[38;5;28m 40 [34m[32m    dark: bool,[0m
[34m[38;5;88m    [34m[38;5;28m 41 [34m[0m
[34m[38;5;88m    [34m[38;5;28m 42 [34m[32m    /// The width (in characters) of the diff highlighting. By[0m
[34m[38;5;88m    [34m[38;5;28m 43 [34m[32m    /// default, the highlighting extends to the last character on[0m
[34m[38;5;88m    [34m[38;5;28m 44 [34m[32m    /// each line[0m
[34m[38;5;88m    [34m[38;5;28m 45 [34m[32m    #[structopt(short = "-w", long = "width")][0m
[34m[38;5;88m    [34m[38;5;28m 46 [34m[32m    width: Option<u16>,[0m
[34m[38;5;88m    [34m[38;5;28m 47 [34m[32m}[0m
[34m[38;5;88m    [34m[38;5;28m 48 [34m[0m
[34m[38;2;68;68;68m 26 [34m[38;2;68;68;68m 49 [34m[0m#[derive(PartialEq)]
[34m[38;2;68;68;68m 27 [34m[38;2;68;68;68m 50 [34m[0menum State {
[34m[38;2;68;68;68m 28 [34m[38;2;68;68;68m 51 [34m[0m    Commit,

[34m───────────────────────────────────────[0m[34m┐[0m
[34m•[0m  fn delta() -> std::io::Result<()> { [34m│[0m
[34m───────────────────────────────────────[0m[34m┘[0m
[34m[38;2;68;68;68m 54 [34m[38;2;68;68;68m 77 [34m[0m    let mut did_emit_line: bool;
[34m[38;2;68;68;68m 55 [34m[38;2;68;68;68m 78 [34m[0m    let stdin = io::stdin();
[34m[38;2;68;68;68m 56 [34m[38;2;68;68;68m 79 [34m[0m    let mut stdout = io::stdout();
[34m[38;5;88m    [34m[38;5;28m 80 [34m[32m    let opt = Opt::from_args();[0m
[34m[38;2;68;68;68m 57 [34m[38;2;68;68;68m 81 [34m[0m
[34m[38;2;68;68;68m 58 [34m[38;2;68;68;68m 82 [34m[0m    for _line in stdin.lock().lines() {
[34m[38;2;68;68;68m 59 [34m[38;2;68;68;68m 83 [34m[0m        let raw_line = _line?;
