commit 6d9a7abf06c823f2b9e3f074cf0cbede871b8a40
Author:     Dan Davison <dandavison7@gmail.com>
AuthorDate: Thu Jun 27 09:42:23 2019 -0400
Commit:     Dan Davison <dandavison7@gmail.com>
CommitDate: Thu Jun 27 10:27:15 2019 -0400

    CLI (Hack)


[34mΔ src/main.rs[0m
[34m────────────────────────────────────────────────────────────────────────────────[0m

[34m─────────────────────────────[0m[34m┐[0m
[34m•[0m  use structopt::StructOpt; [34m│[0m
[34m─────────────────────────────[0m[34m┘[0m
[34m[38;2;68;68;68m 11 [34m[38;2;68;68;68m 11 [34m[0muse syntect::highlighting::ThemeSet;
[34m[38;2;68;68;68m 12 [34m[38;2;68;68;68m 12 [34m[0muse syntect::parsing::{SyntaxReference, SyntaxSet};
[34m[38;2;68;68;68m 13 [34m[38;2;68;68;68m 13 [34m[0m
[34m[38;5;88m 14 [34m[38;5;28m    [34m[31mpub const DELTA_THEME_DEFAULT: &str = "base16-mocha.dark";[0m
[34m[38;5;88m 15 [34m[38;5;28m    [34m[0m
[34m[38;2;68;68;68m 16 [34m[38;2;68;68;68m 14 [34m[0m#[derive(StructOpt, Debug)]
[34m[38;2;68;68;68m 17 [34m[38;2;68;68;68m 15 [34m[0m#[structopt(name = "delta")]
[34m[38;2;68;68;68m 18 [34m[38;2;68;68;68m 16 [34m[0mstruct Opt {
[34m[38;2;68;68;68m 19 [34m[38;2;68;68;68m 17 [34m[0m    /// Use diff highlighting colors appropriate for a light terminal
[34m[38;5;88m 20 [34m[38;5;28m    [34m[31m    /// background[0m
[34m[38;5;88m    [34m[38;5;28m 18 [34m[32m    /// background[1;7m. This is the default.[0m
[34m[38;2;68;68;68m 21 [34m[38;2;68;68;68m 19 [34m[0m    #[structopt(long = "light")]
[34m[38;2;68;68;68m 22 [34m[38;2;68;68;68m 20 [34m[0m    light: bool,
[34m[38;2;68;68;68m 23 [34m[38;2;68;68;68m 21 [34m[0m
[34m[38;2;68;68;68m 24 [34m[38;2;68;68;68m 22 [34m[0m    /// Use diff highlighting colors appropriate for a dark terminal
[34m[38;5;88m 25 [34m[38;5;28m    [34m[31m    /// background[0m
[34m[38;5;88m    [34m[38;5;28m 23 [34m[32m    /// background[1;7m.[0m
[34m[38;2;68;68;68m 26 [34m[38;2;68;68;68m 24 [34m[0m    #[structopt(long = "dark")]
[34m[38;2;68;68;68m 27 [34m[38;2;68;68;68m 25 [34m[0m    dark: bool,
[34m[38;2;68;68;68m 28 [34m[38;2;68;68;68m 26 [34m[0m
[34m[38;5;88m    [34m[38;5;28m 27 [34m[32m    #[structopt(long = "theme")][0m
[34m[38;5;88m    [34m[38;5;28m 28 [34m[32m    /// The syntax highlighting theme to use. Options are Light:[0m
[34m[38;5;88m    [34m[38;5;28m 29 [34m[32m    /// ("InspiredGitHub", "Solarized (light)", "base16-ocean.light"),[0m
[34m[38;5;88m    [34m[38;5;28m 30 [34m[32m    /// Dark: ("Solarized, (dark)", "base16-eighties.dark",[0m
[34m[38;5;88m    [34m[38;5;28m 31 [34m[32m    /// "base16-mocha.dark", "base16-ocean.dark").[0m
[34m[38;5;88m    [34m[38;5;28m 32 [34m[32m    theme: Option<String>,[0m
[34m[38;5;88m    [34m[38;5;28m 33 [34m[0m
[34m[38;2;68;68;68m 29 [34m[38;2;68;68;68m 34 [34m[0m    /// The width (in characters) of the diff highlighting. By
[34m[38;2;68;68;68m 30 [34m[38;2;68;68;68m 35 [34m[0m    /// default, the highlighting extends to the last character on
[34m[38;2;68;68;68m 31 [34m[38;2;68;68;68m 36 [34m[0m    /// each line
[34m[38;5;88m 32 [34m[38;5;28m    [34m[31m    #[structopt(short = "[1;7m-[0m[31mw", long = "width")][0m
[34m[38;5;88m    [34m[38;5;28m 37 [34m[32m    #[structopt(short = "w", long = "width")][0m
[34m[38;2;68;68;68m 33 [34m[38;2;68;68;68m 38 [34m[0m    width: Option<u16>,
[34m[38;2;68;68;68m 34 [34m[38;2;68;68;68m 39 [34m[0m}
[34m[38;2;68;68;68m 35 [34m[38;2;68;68;68m 40 [34m[0m

[34m───────────────────────────────────────[0m[34m┐[0m
[34m•[0m  fn delta() -> std::io::Result<()> { [34m│[0m
[34m───────────────────────────────────────[0m[34m┘[0m
[34m[38;2;68;68;68m 57 [34m[38;2;68;68;68m 62 [34m[0m    use std::io::Write;
[34m[38;2;68;68;68m 58 [34m[38;2;68;68;68m 63 [34m[0m    let syntax_set = SyntaxSet::load_defaults_newlines();
[34m[38;2;68;68;68m 59 [34m[38;2;68;68;68m 64 [34m[0m    let theme_set = ThemeSet::load_defaults();
[34m[38;5;88m 60 [34m[38;5;28m    [34m[31m    let theme = &theme_set.themes[DELTA_THEME_DEFAULT];[0m
[34m[38;2;68;68;68m 61 [34m[38;2;68;68;68m 65 [34m[0m    let mut output = String::new();
[34m[38;2;68;68;68m 62 [34m[38;2;68;68;68m 66 [34m[0m    let mut state = State::Unknown;
[34m[38;2;68;68;68m 63 [34m[38;2;68;68;68m 67 [34m[0m    let mut syntax: Option<&SyntaxReference> = None;
[34m[38;2;68;68;68m 64 [34m[38;2;68;68;68m 68 [34m[0m    let mut did_emit_line: bool;
[34m[38;2;68;68;68m 65 [34m[38;2;68;68;68m 69 [34m[0m    let stdin = io::stdin();
[34m[38;2;68;68;68m 66 [34m[38;2;68;68;68m 70 [34m[0m    let mut stdout = io::stdout();
[34m[38;5;88m    [34m[38;5;28m 71 [34m[32m    let mut opt = Opt::from_args();[0m
[34m[38;5;88m    [34m[38;5;28m 72 [34m[0m
[34m[38;5;88m    [34m[38;5;28m 73 [34m[32m    if opt.light && opt.dark {[0m
[34m[38;5;88m    [34m[38;5;28m 74 [34m[32m        panic!("--light or --dark cannot be used together. Default is --light.")[0m
[34m[38;5;88m    [34m[38;5;28m 75 [34m[32m    }[0m
[34m[38;5;88m    [34m[38;5;28m 76 [34m[32m    match &opt.theme {[0m
[34m[38;5;88m    [34m[38;5;28m 77 [34m[32m        Some(theme) => {[0m
[34m[38;5;88m    [34m[38;5;28m 78 [34m[32m            if paint::LIGHT_THEMES.contains(&theme.as_str()) {[0m
[34m[38;5;88m    [34m[38;5;28m 79 [34m[32m                if opt.dark {[0m
[34m[38;5;88m    [34m[38;5;28m 80 [34m[32m                    panic!("--dark is invalid with light theme '{}'", theme);[0m
[34m[38;5;88m    [34m[38;5;28m 81 [34m[32m                } else {[0m
[34m[38;5;88m    [34m[38;5;28m 82 [34m[32m                    opt.light = true;[0m
[34m[38;5;88m    [34m[38;5;28m 83 [34m[32m                }[0m
[34m[38;5;88m    [34m[38;5;28m 84 [34m[32m            } else if paint::DARK_THEMES.contains(&theme.as_str()) {[0m
[34m[38;5;88m    [34m[38;5;28m 85 [34m[32m                if opt.light {[0m
[34m[38;5;88m    [34m[38;5;28m 86 [34m[32m                    panic!("--light is invalid with dark theme '{}'", theme);[0m
[34m[38;5;88m    [34m[38;5;28m 87 [34m[32m                } else {[0m
[34m[38;5;88m    [34m[38;5;28m 88 [34m[32m                    opt.dark = true;[0m
[34m[38;5;88m    [34m[38;5;28m 89 [34m[32m                }[0m
[34m[38;5;88m    [34m[38;5;28m 90 [34m[32m            } else {[0m
[34m[38;5;88m    [34m[38;5;28m 91 [34m[32m                panic!("Invalid theme: '{}'", theme);[0m
[34m[38;5;88m    [34m[38;5;28m 92 [34m[32m            }[0m
[34m[38;5;88m    [34m[38;5;28m 93 [34m[32m        }[0m
[34m[38;5;88m    [34m[38;5;28m 94 [34m[32m        None => {[0m
[34m[38;5;88m    [34m[38;5;28m 95 [34m[32m            if !(opt.light || opt.dark) {[0m
[34m[38;5;88m    [34m[38;5;28m 96 [34m[32m                opt.light = true;[0m
[34m[38;5;88m    [34m[38;5;28m 97 [34m[32m            }[0m
[34m[38;5;88m    [34m[38;5;28m 98 [34m[32m            opt.theme = match opt.light {[0m
[34m[38;5;88m    [34m[38;5;28m 99 [34m[32m                true => Some("InspiredGitHub".to_string()),[0m
[34m[38;5;88m    [34m[38;5;28m 100[34m[32m                false => Some("base16-mocha.dark".to_string()),[0m
[34m[38;5;88m    [34m[38;5;28m 101[34m[32m            }[0m
[34m[38;5;88m    [34m[38;5;28m 102[34m[32m        }[0m
[34m[38;5;88m    [34m[38;5;28m 103[34m[32m    }[0m
[34m[38;5;88m    [34m[38;5;28m 104[34m[32m    let theme_name = opt.theme.unwrap();[0m
[34m[38;5;88m    [34m[38;5;28m 105[34m[32m    let theme = &theme_set.themes[&theme_name];[0m
[34m[38;5;88m    [34m[38;5;28m 106[34m[0m
[34m[38;2;68;68;68m 67 [34m[38;2;68;68;68m 107[34m[0m
[34m[38;2;68;68;68m 68 [34m[38;2;68;68;68m 108[34m[0m    for _line in stdin.lock().lines() {
[34m[38;2;68;68;68m 69 [34m[38;2;68;68;68m 109[34m[0m        let raw_line = _line?;

[34m───────────────────────────────────────[0m[34m┐[0m
[34m•[0m  fn delta() -> std::io::Result<()> { [34m│[0m
[34m───────────────────────────────────────[0m[34m┘[0m
[34m[38;2;68;68;68m 82 [34m[38;2;68;68;68m 122[34m[0m        } else if state == State::DiffHunk {
[34m[38;2;68;68;68m 83 [34m[38;2;68;68;68m 123[34m[0m            match syntax {
[34m[38;2;68;68;68m 84 [34m[38;2;68;68;68m 124[34m[0m                Some(syntax) => {
[34m[38;5;88m 85 [34m[38;5;28m    [34m[31m                    paint::paint_line(line, syntax, &syntax_set, theme, &mut output);[0m
[34m[38;5;88m    [34m[38;5;28m 125[34m[32m                    paint::paint_line(line, syntax, &syntax_set, theme, &[1;7mtheme_name, &[0m[32mmut output);[0m
[34m[38;2;68;68;68m 86 [34m[38;2;68;68;68m 126[34m[0m                    writeln!(stdout, "{}", output)?;
[34m[38;2;68;68;68m 87 [34m[38;2;68;68;68m 127[34m[0m                    output.truncate(0);
[34m[38;2;68;68;68m 88 [34m[38;2;68;68;68m 128[34m[0m                    did_emit_line = true;

[34mΔ src/paint.rs[0m
[34m────────────────────────────────────────────────────────────────────────────────[0m

[34m──────────────────────────────────────[0m[34m┐[0m
[34m•[0m  use syntect::easy::HighlightLines; [34m│[0m
[34m──────────────────────────────────────[0m[34m┘[0m
[34m[38;2;68;68;68m  2 [34m[38;2;68;68;68m  2 [34m[0muse syntect::highlighting::{Color, Style, Theme};
[34m[38;2;68;68;68m  3 [34m[38;2;68;68;68m  3 [34m[0muse syntect::parsing::{SyntaxReference, SyntaxSet};
[34m[38;2;68;68;68m  4 [34m[38;2;68;68;68m  4 [34m[0m
[34m[38;5;88m  5 [34m[38;5;28m    [34m[31mconst [1;7mGREEN[0m[31m: Color = Color {[0m
[34m[38;5;88m    [34m[38;5;28m  5 [34m[32mpub const LIGHT_THEMES: [&str; 3] = ["InspiredGitHub", "Solarized (light)", "base16-ocean.light"];[0m
[34m[38;5;88m    [34m[38;5;28m  6 [34m[0m
[34m[38;5;88m    [34m[38;5;28m  7 [34m[32mpub const DARK_THEMES: [&str; 4] = [[0m
[34m[38;5;88m    [34m[38;5;28m  8 [34m[32m    "Solarized (dark)",[0m
[34m[38;5;88m    [34m[38;5;28m  9 [34m[32m    "base16-eighties.dark",[0m
[34m[38;5;88m    [34m[38;5;28m 10 [34m[32m    "base16-mocha.dark",[0m
[34m[38;5;88m    [34m[38;5;28m 11 [34m[32m    "base16-ocean.dark",[0m
[34m[38;5;88m    [34m[38;5;28m 12 [34m[32m];[0m
[34m[38;5;88m    [34m[38;5;28m 13 [34m[0m
[34m[38;5;88m    [34m[38;5;28m 14 [34m[32mconst [1;7mLIGHT_THEME_GREEN[0m[32m: Color = Color {[0m
[34m[38;5;88m    [34m[38;5;28m 15 [34m[32m    r: 0xd0,[0m
[34m[38;5;88m    [34m[38;5;28m 16 [34m[32m    g: 0xff,[0m
[34m[38;5;88m    [34m[38;5;28m 17 [34m[32m    b: 0xd0,[0m
[34m[38;5;88m    [34m[38;5;28m 18 [34m[32m    a: 0x00,[0m
[34m[38;5;88m    [34m[38;5;28m 19 [34m[32m};[0m
[34m[38;5;88m    [34m[38;5;28m 20 [34m[0m
[34m[38;5;88m    [34m[38;5;28m 21 [34m[32mconst LIGHT_THEME_RED: Color = Color {[0m
[34m[38;5;88m    [34m[38;5;28m 22 [34m[32m    r: 0xff,[0m
[34m[38;5;88m    [34m[38;5;28m 23 [34m[32m    g: 0xd0,[0m
[34m[38;5;88m    [34m[38;5;28m 24 [34m[32m    b: 0xd0,[0m
[34m[38;5;88m    [34m[38;5;28m 25 [34m[32m    a: 0x00,[0m
[34m[38;5;88m    [34m[38;5;28m 26 [34m[32m};[0m
[34m[38;5;88m    [34m[38;5;28m 27 [34m[0m
[34m[38;5;88m    [34m[38;5;28m 28 [34m[32mconst DARK_THEME_GREEN: Color = Color {[0m
[34m[38;2;68;68;68m  6 [34m[38;2;68;68;68m 29 [34m[0m    r: 0x01,
[34m[38;2;68;68;68m  7 [34m[38;2;68;68;68m 30 [34m[0m    g: 0x18,
[34m[38;2;68;68;68m  8 [34m[38;2;68;68;68m 31 [34m[0m    b: 0x00,
[34m[38;2;68;68;68m  9 [34m[38;2;68;68;68m 32 [34m[0m    a: 0x00,
[34m[38;2;68;68;68m 10 [34m[38;2;68;68;68m 33 [34m[0m};
[34m[38;2;68;68;68m 11 [34m[38;2;68;68;68m 34 [34m[0m
[34m[38;5;88m 12 [34m[38;5;28m    [34m[31mconst [1;7mRED[0m[31m: Color = Color {[0m
[34m[38;5;88m    [34m[38;5;28m 35 [34m[32mconst [1;7mDARK_THEME_RED[0m[32m: Color = Color {[0m
[34m[38;2;68;68;68m 13 [34m[38;2;68;68;68m 36 [34m[0m    r: 0x24,
[34m[38;2;68;68;68m 14 [34m[38;2;68;68;68m 37 [34m[0m    g: 0x00,
[34m[38;2;68;68;68m 15 [34m[38;2;68;68;68m 38 [34m[0m    b: 0x01,

[34m──────────────────────[0m[34m┐[0m
[34m•[0m  pub fn paint_line( [34m│[0m
[34m──────────────────────[0m[34m┘[0m
[34m[38;2;68;68;68m 22 [34m[38;2;68;68;68m 45 [34m[0m    syntax: &SyntaxReference,
[34m[38;2;68;68;68m 23 [34m[38;2;68;68;68m 46 [34m[0m    syntax_set: &SyntaxSet,
[34m[38;2;68;68;68m 24 [34m[38;2;68;68;68m 47 [34m[0m    theme: &Theme,
[34m[38;5;88m    [34m[38;5;28m 48 [34m[32m    theme_name: &String,[0m
[34m[38;2;68;68;68m 25 [34m[38;2;68;68;68m 49 [34m[0m    buf: &mut String,
[34m[38;2;68;68;68m 26 [34m[38;2;68;68;68m 50 [34m[0m) {
[34m[38;2;68;68;68m 27 [34m[38;2;68;68;68m 51 [34m[0m    let mut highlighter = HighlightLines::new(syntax, theme);
[34m[38;2;68;68;68m 28 [34m[38;2;68;68;68m 52 [34m[0m    let first_char = line.chars().next();
[34m[38;5;88m 29 [34m[38;5;28m    [34m[31m    let background_color = match first_char {[0m
[34m[38;5;88m 30 [34m[38;5;28m    [34m[31m        Some('+') => Some([1;7mGREEN[0m[31m),[0m
[34m[38;5;88m 31 [34m[38;5;28m    [34m[31m        Some('-') => Some([1;7mRED[0m[31m),[0m
[34m[38;5;88m    [34m[38;5;28m 53 [34m[32m    let is_dark = DARK_THEMES.contains(&theme_name.as_str());[0m
[34m[38;5;88m    [34m[38;5;28m 54 [34m[32m    let background_color = match [1;7m([0m[32mfirst_char[1;7m, is_dark)[0m[32m {[0m
[34m[38;5;88m    [34m[38;5;28m 55 [34m[32m        [1;7m([0m[32mSome('+')[1;7m, true)[0m[32m => Some([1;7mDARK_THEME_GREEN[0m[32m),[0m
[34m[38;5;88m    [34m[38;5;28m 56 [34m[32m        [1;7m([0m[32mSome('-')[1;7m, true)[0m[32m => Some([1;7mDARK_THEME_RED[0m[32m),[0m
[34m[38;5;88m    [34m[38;5;28m 57 [34m[32m        (Some('+'), false) => Some(LIGHT_THEME_GREEN),[0m
[34m[38;5;88m    [34m[38;5;28m 58 [34m[32m        (Some('-'), false) => Some(LIGHT_THEME_RED),[0m
[34m[38;2;68;68;68m 32 [34m[38;2;68;68;68m 59 [34m[0m        _ => None,
[34m[38;2;68;68;68m 33 [34m[38;2;68;68;68m 60 [34m[0m    };
[34m[38;2;68;68;68m 34 [34m[38;2;68;68;68m 61 [34m[0m    if first_char == Some('+') || first_char == Some('-') {
