commit 941f87c72315ea4b201e30625e8160cb415bb5c9
Author:     Dan Davison <dandavison7@gmail.com>
AuthorDate: Thu Jun 27 10:27:24 2019 -0400
Commit:     Dan Davison <dandavison7@gmail.com>
CommitDate: Thu Jun 27 11:11:46 2019 -0400

    CLI: --minus-color and --plus-color


[34mΔ src/main.rs[0m
[34m────────────────────────────────────────────────────────────────────────────────[0m

[34m────────────────[0m[34m┐[0m
[34m•[0m  struct Opt { [34m│[0m
[34m────────────────[0m[34m┘[0m
[34m[38;2;68;68;68m 24 [34m[38;2;68;68;68m 24 [34m[0m    #[structopt(long = "dark")]
[34m[38;2;68;68;68m 25 [34m[38;2;68;68;68m 25 [34m[0m    dark: bool,
[34m[38;2;68;68;68m 26 [34m[38;2;68;68;68m 26 [34m[0m
[34m[38;5;88m    [34m[38;5;28m 27 [34m[32m    #[structopt(long = "plus-color")][0m
[34m[38;5;88m    [34m[38;5;28m 28 [34m[32m    /// The background color (RGB hex) to use for added lines. The[0m
[34m[38;5;88m    [34m[38;5;28m 29 [34m[32m    /// default is "#d0ffd0" if you are using --light, and "#013B01"[0m
[34m[38;5;88m    [34m[38;5;28m 30 [34m[32m    /// if you are using --dark.[0m
[34m[38;5;88m    [34m[38;5;28m 31 [34m[32m    plus_color: Option<String>,[0m
[34m[38;5;88m    [34m[38;5;28m 32 [34m[0m
[34m[38;5;88m    [34m[38;5;28m 33 [34m[32m    #[structopt(long = "minus-color")][0m
[34m[38;5;88m    [34m[38;5;28m 34 [34m[32m    /// The background color (RGB hex) to use for removed lines. The[0m
[34m[38;5;88m    [34m[38;5;28m 35 [34m[32m    /// default is "#ffd0d0" if you are using --light, and "#3f0001" if[0m
[34m[38;5;88m    [34m[38;5;28m 36 [34m[32m    /// you are using --dark.[0m
[34m[38;5;88m    [34m[38;5;28m 37 [34m[32m    minus_color: Option<String>,[0m
[34m[38;5;88m    [34m[38;5;28m 38 [34m[0m
[34m[38;2;68;68;68m 27 [34m[38;2;68;68;68m 39 [34m[0m    #[structopt(long = "theme")]
[34m[38;2;68;68;68m 28 [34m[38;2;68;68;68m 40 [34m[0m    /// The syntax highlighting theme to use. Options are Light:
[34m[38;2;68;68;68m 29 [34m[38;2;68;68;68m 41 [34m[0m    /// ("InspiredGitHub", "Solarized (light)", "base16-ocean.light"),

[34m───────────────────────────────────────[0m[34m┐[0m
[34m•[0m  fn delta() -> std::io::Result<()> { [34m│[0m
[34m───────────────────────────────────────[0m[34m┘[0m
[34m[38;2;68;68;68m 122[34m[38;2;68;68;68m 134[34m[0m        } else if state == State::DiffHunk {
[34m[38;2;68;68;68m 123[34m[38;2;68;68;68m 135[34m[0m            match syntax {
[34m[38;2;68;68;68m 124[34m[38;2;68;68;68m 136[34m[0m                Some(syntax) => {
[34m[38;5;88m 125[34m[38;5;28m    [34m[31m                    paint::paint_line(line, syntax, &syntax_set, theme, &theme_name, &mut output);[0m
[34m[38;5;88m    [34m[38;5;28m 137[34m[32m                    paint::paint_line([0m
[34m[38;5;88m    [34m[38;5;28m 138[34m[32m                        line,[0m
[34m[38;5;88m    [34m[38;5;28m 139[34m[32m                        syntax,[0m
[34m[38;5;88m    [34m[38;5;28m 140[34m[32m                        &syntax_set,[0m
[34m[38;5;88m    [34m[38;5;28m 141[34m[32m                        theme,[0m
[34m[38;5;88m    [34m[38;5;28m 142[34m[32m                        &theme_name,[0m
[34m[38;5;88m    [34m[38;5;28m 143[34m[32m                        &opt.minus_color,[0m
[34m[38;5;88m    [34m[38;5;28m 144[34m[32m                        &opt.plus_color,[0m
[34m[38;5;88m    [34m[38;5;28m 145[34m[32m                        &mut output,[0m
[34m[38;5;88m    [34m[38;5;28m 146[34m[32m                    );[0m
[34m[38;2;68;68;68m 126[34m[38;2;68;68;68m 147[34m[0m                    writeln!(stdout, "{}", output)?;
[34m[38;2;68;68;68m 127[34m[38;2;68;68;68m 148[34m[0m                    output.truncate(0);
[34m[38;2;68;68;68m 128[34m[38;2;68;68;68m 149[34m[0m                    did_emit_line = true;

[34mΔ src/paint.rs[0m
[34m────────────────────────────────────────────────────────────────────────────────[0m

[34m──────────────────────[0m[34m┐[0m
[34m•[0m  pub fn paint_line( [34m│[0m
[34m──────────────────────[0m[34m┘[0m
[34m[38;2;68;68;68m 46 [34m[38;2;68;68;68m 46 [34m[0m    syntax_set: &SyntaxSet,
[34m[38;2;68;68;68m 47 [34m[38;2;68;68;68m 47 [34m[0m    theme: &Theme,
[34m[38;2;68;68;68m 48 [34m[38;2;68;68;68m 48 [34m[0m    theme_name: &String,
[34m[38;5;88m    [34m[38;5;28m 49 [34m[32m    minus_color: &Option<String>,[0m
[34m[38;5;88m    [34m[38;5;28m 50 [34m[32m    plus_color: &Option<String>,[0m
[34m[38;2;68;68;68m 49 [34m[38;2;68;68;68m 51 [34m[0m    buf: &mut String,
[34m[38;2;68;68;68m 50 [34m[38;2;68;68;68m 52 [34m[0m) {
[34m[38;2;68;68;68m 51 [34m[38;2;68;68;68m 53 [34m[0m    let mut highlighter = HighlightLines::new(syntax, theme);
