commit 3692e62eb83278e60cf257445589622d7155ec35
Author:     Dan Davison <dandavison7@gmail.com>
AuthorDate: Thu Jun 27 10:54:46 2019 -0400
Commit:     Dan Davison <dandavison7@gmail.com>
CommitDate: Thu Jun 27 11:11:46 2019 -0400

    Tweak default colors


[34mΔ src/paint.rs[0m
[34m────────────────────────────────────────────────────────────────────────────────[0m

[34m──────────────────────────────────────────────────[0m[34m┐[0m
[34m•[0m  const LIGHT_THEME_MINUS_COLOR: Color = Color { [34m│[0m
[34m──────────────────────────────────────────────────[0m[34m┘[0m
[34m[38;2;68;68;68m 27 [34m[38;2;68;68;68m 27 [34m[0m
[34m[38;2;68;68;68m 28 [34m[38;2;68;68;68m 28 [34m[0mconst DARK_THEME_PLUS_COLOR: Color = Color {
[34m[38;2;68;68;68m 29 [34m[38;2;68;68;68m 29 [34m[0m    r: 0x01,
[34m[38;5;88m 30 [34m[38;5;28m    [34m[31m    g: [1;7m0x18[0m[31m,[0m
[34m[38;5;88m 31 [34m[38;5;28m    [34m[31m    b: [1;7m0x00[0m[31m,[0m
[34m[38;5;88m    [34m[38;5;28m 30 [34m[32m    g: [1;7m0x3B[0m[32m,[0m
[34m[38;5;88m    [34m[38;5;28m 31 [34m[32m    b: [1;7m0x01[0m[32m,[0m
[34m[38;2;68;68;68m 32 [34m[38;2;68;68;68m 32 [34m[0m    a: 0x00,
[34m[38;2;68;68;68m 33 [34m[38;2;68;68;68m 33 [34m[0m};
[34m[38;2;68;68;68m 34 [34m[38;2;68;68;68m 34 [34m[0m
[34m[38;2;68;68;68m 35 [34m[38;2;68;68;68m 35 [34m[0mconst DARK_THEME_MINUS_COLOR: Color = Color {
[34m[38;5;88m 36 [34m[38;5;28m    [34m[31m    r: [1;7m0x24[0m[31m,[0m
[34m[38;5;88m    [34m[38;5;28m 36 [34m[32m    r: [1;7m0x3F[0m[32m,[0m
[34m[38;2;68;68;68m 37 [34m[38;2;68;68;68m 37 [34m[0m    g: 0x00,
[34m[38;2;68;68;68m 38 [34m[38;2;68;68;68m 38 [34m[0m    b: 0x01,
[34m[38;2;68;68;68m 39 [34m[38;2;68;68;68m 39 [34m[0m    a: 0x00,
