commit 6a20a593f2fc07049afc3dcc1115431f77f3cd62
Author:     Dan Davison <dandavison7@gmail.com>
AuthorDate: Thu Jun 27 11:08:40 2019 -0400
Commit:     Dan Davison <dandavison7@gmail.com>
CommitDate: Thu Jun 27 11:11:46 2019 -0400

    Homor --width argument


[34mΔ src/main.rs[0m
[34m────────────────────────────────────────────────────────────────────────────────[0m

[34m────────────────[0m[34m┐[0m
[34m•[0m  struct Opt { [34m│[0m
[34m────────────────[0m[34m┘[0m
[34m[38;2;68;68;68m 48 [34m[38;2;68;68;68m 48 [34m[0m    /// default, the highlighting extends to the last character on
[34m[38;2;68;68;68m 49 [34m[38;2;68;68;68m 49 [34m[0m    /// each line
[34m[38;2;68;68;68m 50 [34m[38;2;68;68;68m 50 [34m[0m    #[structopt(short = "w", long = "width")]
[34m[38;5;88m 51 [34m[38;5;28m    [34m[31m    width: Option<[1;7mu16[0m[31m>,[0m
[34m[38;5;88m    [34m[38;5;28m 51 [34m[32m    width: Option<[1;7musize[0m[32m>,[0m
[34m[38;2;68;68;68m 52 [34m[38;2;68;68;68m 52 [34m[0m}
[34m[38;2;68;68;68m 53 [34m[38;2;68;68;68m 53 [34m[0m
[34m[38;2;68;68;68m 54 [34m[38;2;68;68;68m 54 [34m[0m#[derive(PartialEq)]

[34m───────────────────────────────────────[0m[34m┐[0m
[34m•[0m  fn delta() -> std::io::Result<()> { [34m│[0m
[34m───────────────────────────────────────[0m[34m┘[0m
[34m[38;2;68;68;68m 149[34m[38;2;68;68;68m 149[34m[0m                        &theme_name,
[34m[38;2;68;68;68m 150[34m[38;2;68;68;68m 150[34m[0m                        plus_color,
[34m[38;2;68;68;68m 151[34m[38;2;68;68;68m 151[34m[0m                        minus_color,
[34m[38;5;88m    [34m[38;5;28m 152[34m[32m                        opt.width,[0m
[34m[38;2;68;68;68m 152[34m[38;2;68;68;68m 153[34m[0m                        &mut output,
[34m[38;2;68;68;68m 153[34m[38;2;68;68;68m 154[34m[0m                    );
[34m[38;2;68;68;68m 154[34m[38;2;68;68;68m 155[34m[0m                    writeln!(stdout, "{}", output)?;

[34mΔ src/paint.rs[0m
[34m────────────────────────────────────────────────────────────────────────────────[0m

[34m──────────────────────[0m[34m┐[0m
[34m•[0m  pub fn paint_line( [34m│[0m
[34m──────────────────────[0m[34m┘[0m
[34m[38;2;68;68;68m 48 [34m[38;2;68;68;68m 48 [34m[0m    theme_name: &String,
[34m[38;2;68;68;68m 49 [34m[38;2;68;68;68m 49 [34m[0m    plus_color: Option<Color>,
[34m[38;2;68;68;68m 50 [34m[38;2;68;68;68m 50 [34m[0m    minus_color: Option<Color>,
[34m[38;5;88m    [34m[38;5;28m 51 [34m[32m    width: Option<usize>,[0m
[34m[38;2;68;68;68m 51 [34m[38;2;68;68;68m 52 [34m[0m    buf: &mut String,
[34m[38;2;68;68;68m 52 [34m[38;2;68;68;68m 53 [34m[0m) {
[34m[38;2;68;68;68m 53 [34m[38;2;68;68;68m 54 [34m[0m    let mut highlighter = HighlightLines::new(syntax, theme);

[34m──────────────────────[0m[34m┐[0m
[34m•[0m  pub fn paint_line( [34m│[0m
[34m──────────────────────[0m[34m┘[0m
[34m[38;2;68;68;68m 64 [34m[38;2;68;68;68m 65 [34m[0m        line = line[1..].to_string();
[34m[38;2;68;68;68m 65 [34m[38;2;68;68;68m 66 [34m[0m        buf.push_str(" ");
[34m[38;2;68;68;68m 66 [34m[38;2;68;68;68m 67 [34m[0m    }
[34m[38;5;88m 67 [34m[38;5;28m    [34m[31m    if line.len() < [1;7m100[0m[31m {[0m
[34m[38;5;88m 68 [34m[38;5;28m    [34m[31m        line = format!("{}{}", line, " ".repeat([1;7m100[0m[31m - line.len()));[0m
[34m[38;5;88m    [34m[38;5;28m 68 [34m[32m    match width {[0m
[34m[38;5;88m    [34m[38;5;28m 69 [34m[32m        Some(width) => {[0m
[34m[38;5;88m    [34m[38;5;28m 70 [34m[32m    [1;7m        [0m[32mif line.len() < [1;7mwidth[0m[32m {[0m
[34m[38;5;88m    [34m[38;5;28m 71 [34m[32m        [1;7m        [0m[32mline = format!("{}{}", line, " ".repeat([1;7mwidth[0m[32m - line.len()));[0m
[34m[38;5;88m    [34m[38;5;28m 72 [34m[32m            }[0m
[34m[38;5;88m    [34m[38;5;28m 73 [34m[32m        }[0m
[34m[38;5;88m    [34m[38;5;28m 74 [34m[32m        _ => (),[0m
[34m[38;2;68;68;68m 69 [34m[38;2;68;68;68m 75 [34m[0m    }
[34m[38;2;68;68;68m 70 [34m[38;2;68;68;68m 76 [34m[0m    let ranges: Vec<(Style, &str)> = highlighter.highlight(&line, &syntax_set);
[34m[38;2;68;68;68m 71 [34m[38;2;68;68;68m 77 [34m[0m    paint_ranges(&ranges[..], background_color, buf);
