commit de78804c542b00f84db1b97e482eeca256fae36d
Author:     Dan Davison <dandavison7@gmail.com>
AuthorDate: Fri Jun 28 01:03:02 2019 -0400
Commit:     Dan Davison <dandavison7@gmail.com>
CommitDate: Fri Jun 28 12:00:08 2019 -0400

    Refactor: arg parsing


[34mΔ src/main.rs[0m
[34m────────────────────────────────────────────────────────────────────────────────[0m

[34m───────────────[0m[34m┐[0m
[34m•[0m  fn main() { [34m│[0m
[34m───────────────[0m[34m┘[0m
[34m[38;2;68;68;68m 73 [34m[38;2;68;68;68m 73 [34m[0m}
[34m[38;2;68;68;68m 74 [34m[38;2;68;68;68m 74 [34m[0m
[34m[38;2;68;68;68m 75 [34m[38;2;68;68;68m 75 [34m[0mfn delta() -> std::io::Result<()> {
[34m[38;5;88m    [34m[38;5;28m 76 [34m[32m    let mut opt = Opt::from_args();[0m
[34m[38;2;68;68;68m 76 [34m[38;2;68;68;68m 77 [34m[0m    let theme_set = ThemeSet::load_defaults();
[34m[38;5;88m 77 [34m[38;5;28m    [34m[31m    let mut output = String::new();[0m
[34m[38;5;88m 78 [34m[38;5;28m    [34m[31m    let mut state = State::Unknown;[0m
[34m[38;5;88m 79 [34m[38;5;28m    [34m[31m    let mut syntax: Option<&SyntaxReference> = None;[0m
[34m[38;5;88m 80 [34m[38;5;28m    [34m[31m    let mut did_emit_line: bool;[0m
[34m[38;5;88m    [34m[38;5;28m 78 [34m[32m    let paint_config = parse_args(&theme_set, &mut opt);[0m
[34m[38;5;88m    [34m[38;5;28m 79 [34m[0m
[34m[38;2;68;68;68m 81 [34m[38;2;68;68;68m 80 [34m[0m    let stdin = io::stdin();
[34m[38;2;68;68;68m 82 [34m[38;2;68;68;68m 81 [34m[0m    let mut stdout = io::stdout();
[34m[38;5;88m 83 [34m[38;5;28m    [34m[31m    let mut opt = Opt::from_args();[0m
[34m[38;2;68;68;68m 84 [34m[38;2;68;68;68m 82 [34m[0m
[34m[38;5;88m 85 [34m[38;5;28m    [34m[31m    if opt.light && opt.dark {[0m
[34m[38;5;88m 86 [34m[38;5;28m    [34m[31m        eprintln!("--light or --dark cannot be used together. Default is --light.");[0m
[34m[38;5;88m 87 [34m[38;5;28m    [34m[31m        process::exit(1);[0m
[34m[38;5;88m 88 [34m[38;5;28m    [34m[31m    }[0m
[34m[38;5;88m 89 [34m[38;5;28m    [34m[31m    match &opt.theme {[0m
[34m[38;5;88m 90 [34m[38;5;28m    [34m[31m        Some(theme) => {[0m
[34m[38;5;88m 91 [34m[38;5;28m    [34m[31m            if !theme_set.themes.contains_key(theme.as_str()) {[0m
[34m[38;5;88m 92 [34m[38;5;28m    [34m[31m                eprintln!("Invalid theme: '{}'", theme);[0m
[34m[38;5;88m 93 [34m[38;5;28m    [34m[31m                process::exit(1);[0m
[34m[38;5;88m 94 [34m[38;5;28m    [34m[31m            }[0m
[34m[38;5;88m 95 [34m[38;5;28m    [34m[31m        }[0m
[34m[38;5;88m 96 [34m[38;5;28m    [34m[31m        None => {[0m
[34m[38;5;88m 97 [34m[38;5;28m    [34m[31m            if !(opt.light || opt.dark) {[0m
[34m[38;5;88m 98 [34m[38;5;28m    [34m[31m                opt.light = true;[0m
[34m[38;5;88m 99 [34m[38;5;28m    [34m[31m            }[0m
[34m[38;5;88m 100[34m[38;5;28m    [34m[31m            opt.theme = match opt.light {[0m
[34m[38;5;88m 101[34m[38;5;28m    [34m[31m                true => Some("InspiredGitHub".to_string()),[0m
[34m[38;5;88m 102[34m[38;5;28m    [34m[31m                false => Some("base16-mocha.dark".to_string()),[0m
[34m[38;5;88m 103[34m[38;5;28m    [34m[31m            }[0m
[34m[38;5;88m 104[34m[38;5;28m    [34m[31m        }[0m
[34m[38;5;88m 105[34m[38;5;28m    [34m[31m    }[0m
[34m[38;5;88m 106[34m[38;5;28m    [34m[31m    let minus_color = opt.minus_color.as_ref().and_then([0m
[34m[38;5;88m 107[34m[38;5;28m    [34m[31m        |s| Color::from_str(s).ok(),[0m
[34m[38;5;88m 108[34m[38;5;28m    [34m[31m    );[0m
[34m[38;5;88m 109[34m[38;5;28m    [34m[31m    let plus_color = opt.plus_color.as_ref().and_then([0m
[34m[38;5;88m 110[34m[38;5;28m    [34m[31m        |s| Color::from_str(s).ok(),[0m
[34m[38;5;88m 111[34m[38;5;28m    [34m[31m    );[0m
[34m[38;5;88m 112[34m[38;5;28m    [34m[31m    let theme_name = opt.theme.unwrap();[0m
[34m[38;5;88m 113[34m[38;5;28m    [34m[31m    let paint_config = paint::get_config([0m
[34m[38;5;88m 114[34m[38;5;28m    [34m[31m        &theme_set.themes[&theme_name],[0m
[34m[38;5;88m 115[34m[38;5;28m    [34m[31m        &theme_name,[0m
[34m[38;5;88m 116[34m[38;5;28m    [34m[31m        plus_color,[0m
[34m[38;5;88m 117[34m[38;5;28m    [34m[31m        minus_color,[0m
[34m[38;5;88m 118[34m[38;5;28m    [34m[31m        opt.width,[0m
[34m[38;5;88m 119[34m[38;5;28m    [34m[31m    );[0m
[34m[38;5;88m    [34m[38;5;28m 83 [34m[32m    let mut syntax: Option<&SyntaxReference> = None;[0m
[34m[38;5;88m    [34m[38;5;28m 84 [34m[32m    let mut output = String::new();[0m
[34m[38;5;88m    [34m[38;5;28m 85 [34m[32m    let mut state = State::Unknown;[0m
[34m[38;5;88m    [34m[38;5;28m 86 [34m[32m    let mut did_emit_line: bool;[0m
[34m[38;2;68;68;68m 120[34m[38;2;68;68;68m 87 [34m[0m
[34m[38;2;68;68;68m 121[34m[38;2;68;68;68m 88 [34m[0m    for _line in stdin.lock().lines() {
[34m[38;2;68;68;68m 122[34m[38;2;68;68;68m 89 [34m[0m        let raw_line = _line?;

[34m───────────────────────────────────────[0m[34m┐[0m
[34m•[0m  fn delta() -> std::io::Result<()> { [34m│[0m
[34m───────────────────────────────────────[0m[34m┘[0m
[34m[38;2;68;68;68m 149[34m[38;2;68;68;68m 116[34m[0m    }
[34m[38;2;68;68;68m 150[34m[38;2;68;68;68m 117[34m[0m    Ok(())
[34m[38;2;68;68;68m 151[34m[38;2;68;68;68m 118[34m[0m}
[34m[38;5;88m    [34m[38;5;28m 119[34m[0m
[34m[38;5;88m    [34m[38;5;28m 120[34m[32mfn parse_args<'a>(theme_set: &'a ThemeSet, opt: &'a mut Opt) -> paint::Config<'a> {[0m
[34m[38;5;88m    [34m[38;5;28m 121[34m[0m
[34m[38;5;88m    [34m[38;5;28m 122[34m[32m    if opt.light && opt.dark {[0m
[34m[38;5;88m    [34m[38;5;28m 123[34m[32m        eprintln!("--light or --dark cannot be used together. Default is --light.");[0m
[34m[38;5;88m    [34m[38;5;28m 124[34m[32m        process::exit(1);[0m
[34m[38;5;88m    [34m[38;5;28m 125[34m[32m    }[0m
[34m[38;5;88m    [34m[38;5;28m 126[34m[32m    let theme_name = match opt.theme {[0m
[34m[38;5;88m    [34m[38;5;28m 127[34m[32m        Some(ref theme) => {[0m
[34m[38;5;88m    [34m[38;5;28m 128[34m[32m            if !theme_set.themes.contains_key(theme.as_str()) {[0m
[34m[38;5;88m    [34m[38;5;28m 129[34m[32m                eprintln!("Invalid theme: '{}'", theme);[0m
[34m[38;5;88m    [34m[38;5;28m 130[34m[32m                process::exit(1);[0m
[34m[38;5;88m    [34m[38;5;28m 131[34m[32m            }[0m
[34m[38;5;88m    [34m[38;5;28m 132[34m[32m            theme[0m
[34m[38;5;88m    [34m[38;5;28m 133[34m[32m        }[0m
[34m[38;5;88m    [34m[38;5;28m 134[34m[32m        None => {[0m
[34m[38;5;88m    [34m[38;5;28m 135[34m[32m            if !(opt.light || opt.dark) {[0m
[34m[38;5;88m    [34m[38;5;28m 136[34m[32m                opt.light = true;[0m
[34m[38;5;88m    [34m[38;5;28m 137[34m[32m            }[0m
[34m[38;5;88m    [34m[38;5;28m 138[34m[32m            match opt.light {[0m
[34m[38;5;88m    [34m[38;5;28m 139[34m[32m                true => "InspiredGitHub",[0m
[34m[38;5;88m    [34m[38;5;28m 140[34m[32m                false => "base16-mocha.dark",[0m
[34m[38;5;88m    [34m[38;5;28m 141[34m[32m            }[0m
[34m[38;5;88m    [34m[38;5;28m 142[34m[32m        }[0m
[34m[38;5;88m    [34m[38;5;28m 143[34m[32m    };[0m
[34m[38;5;88m    [34m[38;5;28m 144[34m[32m    let minus_color = opt.minus_color.as_ref().and_then([0m
[34m[38;5;88m    [34m[38;5;28m 145[34m[32m        |s| Color::from_str(s).ok(),[0m
[34m[38;5;88m    [34m[38;5;28m 146[34m[32m    );[0m
[34m[38;5;88m    [34m[38;5;28m 147[34m[32m    let plus_color = opt.plus_color.as_ref().and_then([0m
[34m[38;5;88m    [34m[38;5;28m 148[34m[32m        |s| Color::from_str(s).ok(),[0m
[34m[38;5;88m    [34m[38;5;28m 149[34m[32m    );[0m
[34m[38;5;88m    [34m[38;5;28m 150[34m[32m    paint::get_config([0m
[34m[38;5;88m    [34m[38;5;28m 151[34m[32m        &theme_set.themes[theme_name],[0m
[34m[38;5;88m    [34m[38;5;28m 152[34m[32m        theme_name,[0m
[34m[38;5;88m    [34m[38;5;28m 153[34m[32m        plus_color,[0m
[34m[38;5;88m    [34m[38;5;28m 154[34m[32m        minus_color,[0m
[34m[38;5;88m    [34m[38;5;28m 155[34m[32m        opt.width,[0m
[34m[38;5;88m    [34m[38;5;28m 156[34m[32m    )[0m
[34m[38;5;88m    [34m[38;5;28m 157[34m[32m}[0m

[34mΔ src/paint.rs[0m
[34m────────────────────────────────────────────────────────────────────────────────[0m

[34m───────────────────────────[0m[34m┐[0m
[34m•[0m  pub struct Config<'a> { [34m│[0m
[34m───────────────────────────[0m[34m┘[0m
[34m[38;2;68;68;68m 49 [34m[38;2;68;68;68m 49 [34m[0m
[34m[38;2;68;68;68m 50 [34m[38;2;68;68;68m 50 [34m[0mpub fn get_config<'a>(
[34m[38;2;68;68;68m 51 [34m[38;2;68;68;68m 51 [34m[0m    theme: &'a Theme,
[34m[38;5;88m 52 [34m[38;5;28m    [34m[31m    theme_name: &'a [1;7mString[0m[31m,[0m
[34m[38;5;88m    [34m[38;5;28m 52 [34m[32m    theme_name: &'a [1;7mstr[0m[32m,[0m
[34m[38;2;68;68;68m 53 [34m[38;2;68;68;68m 53 [34m[0m    plus_color: Option<Color>,
[34m[38;2;68;68;68m 54 [34m[38;2;68;68;68m 54 [34m[0m    minus_color: Option<Color>,
[34m[38;2;68;68;68m 55 [34m[38;2;68;68;68m 55 [34m[0m    width: Option<usize>,
[34m[38;2;68;68;68m 56 [34m[38;2;68;68;68m 56 [34m[0m) -> Config<'a> {
[34m[38;2;68;68;68m 57 [34m[38;2;68;68;68m 57 [34m[0m
[34m[38;5;88m 58 [34m[38;5;28m    [34m[31m    let is_dark = DARK_THEMES.contains(&theme_name[1;7m.as_str()[0m[31m);[0m
[34m[38;5;88m    [34m[38;5;28m 58 [34m[32m    let is_dark = DARK_THEMES.contains(&theme_name);[0m
[34m[38;2;68;68;68m 59 [34m[38;2;68;68;68m 59 [34m[0m
[34m[38;2;68;68;68m 60 [34m[38;2;68;68;68m 60 [34m[0m    Config {
[34m[38;2;68;68;68m 61 [34m[38;2;68;68;68m 61 [34m[0m        theme: theme,
