commit 01e3c321216316aa8d06fd3d1e6055b8df404211
Author:     Dan Davison <dandavison7@gmail.com>
AuthorDate: Fri Jun 28 13:51:52 2019 -0400
Commit:     Dan Davison <dandavison7@gmail.com>
CommitDate: Fri Jun 28 23:46:19 2019 -0400

    Allow output to be extended to terminal width ref #3


[34mΔ src/main.rs[0m
[34m────────────────────────────────────────────────────────────────────────────────[0m

[34m───────────────────[0m[34m┐[0m
[34m•[0m  mod parse_diff; [34m│[0m
[34m───────────────────[0m[34m┘[0m
[34m[38;2;68;68;68m  6 [34m[38;2;68;68;68m  6 [34m[0muse std::io::{self, BufRead, ErrorKind, Write};
[34m[38;2;68;68;68m  7 [34m[38;2;68;68;68m  7 [34m[0muse std::process;
[34m[38;2;68;68;68m  8 [34m[38;2;68;68;68m  8 [34m[0m
[34m[38;5;88m  9 [34m[38;5;28m    [34m[31muse console::strip_ansi_codes;[0m
[34m[38;5;88m    [34m[38;5;28m  9 [34m[32muse console::[1;7m{[0m[32mstrip_ansi_codes[1;7m, Term}[0m[32m;[0m
[34m[38;2;68;68;68m 10 [34m[38;2;68;68;68m 10 [34m[0muse structopt::StructOpt;
[34m[38;2;68;68;68m 11 [34m[38;2;68;68;68m 11 [34m[0muse syntect::highlighting::ThemeSet;
[34m[38;2;68;68;68m 12 [34m[38;2;68;68;68m 12 [34m[0muse syntect::parsing::SyntaxReference;

[34m────────────────[0m[34m┐[0m
[34m•[0m  struct Opt { [34m│[0m
[34m────────────────[0m[34m┘[0m
[34m[38;2;68;68;68m 46 [34m[38;2;68;68;68m 46 [34m[0m
[34m[38;2;68;68;68m 47 [34m[38;2;68;68;68m 47 [34m[0m    /// The width (in characters) of the diff highlighting. By
[34m[38;2;68;68;68m 48 [34m[38;2;68;68;68m 48 [34m[0m    /// default, the highlighting extends to the last character on
[34m[38;5;88m 49 [34m[38;5;28m    [34m[31m    /// each line[0m
[34m[38;5;88m    [34m[38;5;28m 49 [34m[32m    /// each line. Use --width=max to set width equal to current[0m
[34m[38;5;88m    [34m[38;5;28m 50 [34m[32m    /// terminal width.[0m
[34m[38;2;68;68;68m 50 [34m[38;2;68;68;68m 51 [34m[0m    #[structopt(short = "w", long = "width")]
[34m[38;5;88m 51 [34m[38;5;28m    [34m[31m    width: Option<[1;7musize[0m[31m>,[0m
[34m[38;5;88m    [34m[38;5;28m 52 [34m[32m    width: Option<[1;7mString[0m[32m>,[0m
[34m[38;2;68;68;68m 52 [34m[38;2;68;68;68m 53 [34m[0m}
[34m[38;2;68;68;68m 53 [34m[38;2;68;68;68m 54 [34m[0m
[34m[38;2;68;68;68m 54 [34m[38;2;68;68;68m 55 [34m[0m#[derive(PartialEq)]

[34m────────────────────────────────────────────────────────────────────────────────────[0m[34m┐[0m
[34m•[0m  fn parse_args<'a>(theme_set: &'a ThemeSet, opt: &'a mut Opt) -> paint::Config<'a [34m│[0m
[34m────────────────────────────────────────────────────────────────────────────────────[0m[34m┘[0m
[34m[38;2;68;68;68m 123[34m[38;2;68;68;68m 124[34m[0m        process::exit(1);
[34m[38;2;68;68;68m 124[34m[38;2;68;68;68m 125[34m[0m    }
[34m[38;2;68;68;68m 125[34m[38;2;68;68;68m 126[34m[0m
[34m[38;5;88m    [34m[38;5;28m 127[34m[32m    let width = match opt.width.as_ref().map(String::as_str) {[0m
[34m[38;5;88m    [34m[38;5;28m 128[34m[32m        Some("max") => Some(Term::stdout().size().1 as usize),[0m
[34m[38;5;88m    [34m[38;5;28m 129[34m[32m        Some(width) => {[0m
[34m[38;5;88m    [34m[38;5;28m 130[34m[32m            Some(width.parse::<usize>().unwrap_or_else([0m
[34m[38;5;88m    [34m[38;5;28m 131[34m[32m                |_| panic!("Invalid width: {}", width),[0m
[34m[38;5;88m    [34m[38;5;28m 132[34m[32m            ))[0m
[34m[38;5;88m    [34m[38;5;28m 133[34m[32m        }[0m
[34m[38;5;88m    [34m[38;5;28m 134[34m[32m        None => None,[0m
[34m[38;5;88m    [34m[38;5;28m 135[34m[32m    };[0m
[34m[38;5;88m    [34m[38;5;28m 136[34m[0m
[34m[38;2;68;68;68m 126[34m[38;2;68;68;68m 137[34m[0m    paint::get_config(
[34m[38;2;68;68;68m 127[34m[38;2;68;68;68m 138[34m[0m        &opt.theme,
[34m[38;2;68;68;68m 128[34m[38;2;68;68;68m 139[34m[0m        theme_set,
[34m[38;2;68;68;68m 129[34m[38;2;68;68;68m 140[34m[0m        opt.dark,
[34m[38;2;68;68;68m 130[34m[38;2;68;68;68m 141[34m[0m        &opt.plus_color,
[34m[38;2;68;68;68m 131[34m[38;2;68;68;68m 142[34m[0m        &opt.minus_color,
[34m[38;5;88m 132[34m[38;5;28m    [34m[31m        [1;7mopt.[0m[31mwidth,[0m
[34m[38;5;88m    [34m[38;5;28m 143[34m[32m        width,[0m
[34m[38;2;68;68;68m 133[34m[38;2;68;68;68m 144[34m[0m    )
[34m[38;2;68;68;68m 134[34m[38;2;68;68;68m 145[34m[0m}
