commit df892375a0677d4f7b274aff070d1349718883af
Author:     Dan Davison <dandavison7@gmail.com>
AuthorDate: Sun Jun 30 17:09:54 2019 -0400
Commit:     Dan Davison <dandavison7@gmail.com>
CommitDate: Sun Jun 30 17:09:54 2019 -0400

    Honor {--light, --dark} in --compare-themes


[34mΔ src/main.rs[0m
[34m────────────────────────────────────────────────────────────────────────────────[0m

[34m───────────────────────────────────────────────────────────────────────────[0m[34m┐[0m
[34m•[0m  fn compare_themes(assets: &HighlightingAssets) -> std::io::Result<()> { [34m│[0m
[34m───────────────────────────────────────────────────────────────────────────[0m[34m┘[0m
[34m[38;2;68;68;68m 210[34m[38;2;68;68;68m 210[34m[0m    let hline = "-".repeat(100);
[34m[38;2;68;68;68m 211[34m[38;2;68;68;68m 211[34m[0m
[34m[38;2;68;68;68m 212[34m[38;2;68;68;68m 212[34m[0m    for (theme, _) in assets.theme_set.themes.iter() {
[34m[38;5;88m    [34m[38;5;28m 213[34m[0m
[34m[38;5;88m    [34m[38;5;28m 214[34m[32m        if opt.light && !paint::is_light_theme(theme) || opt.dark && paint::is_light_theme(theme) {[0m
[34m[38;5;88m    [34m[38;5;28m 215[34m[32m            continue;[0m
[34m[38;5;88m    [34m[38;5;28m 216[34m[32m        }[0m
[34m[38;5;88m    [34m[38;5;28m 217[34m[0m
[34m[38;2;68;68;68m 213[34m[38;2;68;68;68m 218[34m[0m        writeln!(stdout, "{}\n{}\n{}\n", hline, theme, hline)?;
[34m[38;2;68;68;68m 214[34m[38;2;68;68;68m 219[34m[0m        opt.theme = Some(theme.to_string());
[34m[38;2;68;68;68m 215[34m[38;2;68;68;68m 220[34m[0m        paint_config = process_command_line_arguments(&assets, &opt);
