commit e4197550687f14435be3b73afb8507d3b2609dee
Author:     Dan Davison <dandavison7@gmail.com>
AuthorDate: Sun Jun 30 18:37:27 2019 -0400
Commit:     Dan Davison <dandavison7@gmail.com>
CommitDate: Sun Jun 30 18:54:19 2019 -0400

    Support --width=max. Fixes #3
    
    This (manually) reverts 8b111cb4496d9250cb0c25d828f03d64274992ed


[34mΔ src/main.rs[0m
[34m────────────────────────────────────────────────────────────────────────────────[0m

[34m─────────────────────────────────────────────────────────[0m[34m┐[0m
[34m•[0m  use std::io::{self, BufRead, ErrorKind, Read, Write}; [34m│[0m
[34m─────────────────────────────────────────────────────────[0m[34m┘[0m
[34m[38;2;68;68;68m 10 [34m[38;2;68;68;68m 10 [34m[0muse std::process;
[34m[38;2;68;68;68m 11 [34m[38;2;68;68;68m 11 [34m[0m
[34m[38;2;68;68;68m 12 [34m[38;2;68;68;68m 12 [34m[0muse assets::{HighlightingAssets, list_languages};
[34m[38;5;88m 13 [34m[38;5;28m    [34m[31muse console::strip_ansi_codes;[0m
[34m[38;5;88m    [34m[38;5;28m 13 [34m[32muse console::[1;7m{Term, [0m[32mstrip_ansi_codes[1;7m}[0m[32m;[0m
[34m[38;2;68;68;68m 14 [34m[38;2;68;68;68m 14 [34m[0muse output::{OutputType, PagingMode};
[34m[38;2;68;68;68m 15 [34m[38;2;68;68;68m 15 [34m[0muse structopt::StructOpt;
[34m[38;2;68;68;68m 16 [34m[38;2;68;68;68m 16 [34m[0muse syntect::parsing::SyntaxReference;

[34m────────────────[0m[34m┐[0m
[34m•[0m  struct Opt { [34m│[0m
[34m────────────────[0m[34m┘[0m
[34m[38;2;68;68;68m 52 [34m[38;2;68;68;68m 52 [34m[0m
[34m[38;2;68;68;68m 53 [34m[38;2;68;68;68m 53 [34m[0m    /// The width (in characters) of the diff highlighting. By
[34m[38;2;68;68;68m 54 [34m[38;2;68;68;68m 54 [34m[0m    /// default, the highlighting extends to the last character on
[34m[38;5;88m 55 [34m[38;5;28m    [34m[31m    /// each line.[0m
[34m[38;5;88m    [34m[38;5;28m 55 [34m[32m    /// each line. Use --width=max to set width equal to current[0m
[34m[38;5;88m    [34m[38;5;28m 56 [34m[32m    /// terminal width.[0m
[34m[38;2;68;68;68m 56 [34m[38;2;68;68;68m 57 [34m[0m    #[structopt(short = "w", long = "width")]
[34m[38;2;68;68;68m 57 [34m[38;2;68;68;68m 58 [34m[0m    width: Option<String>,
[34m[38;2;68;68;68m 58 [34m[38;2;68;68;68m 59 [34m[0m

[34m──────────────────────────────────────────[0m[34m┐[0m
[34m•[0m  fn process_command_line_arguments<'a>( [34m│[0m
[34m──────────────────────────────────────────[0m[34m┘[0m
[34m[38;2;68;68;68m 195[34m[38;2;68;68;68m 196[34m[0m    };
[34m[38;2;68;68;68m 196[34m[38;2;68;68;68m 197[34m[0m
[34m[38;2;68;68;68m 197[34m[38;2;68;68;68m 198[34m[0m    let width = match opt.width.as_ref().map(String::as_str) {
[34m[38;5;88m    [34m[38;5;28m 199[34m[32m        Some("max") => Some((Term::stdout().size().1 - 1) as usize),[0m
[34m[38;2;68;68;68m 198[34m[38;2;68;68;68m 200[34m[0m        Some(width) => {
[34m[38;2;68;68;68m 199[34m[38;2;68;68;68m 201[34m[0m            Some(width.parse::<usize>().unwrap_or_else(
[34m[38;2;68;68;68m 200[34m[38;2;68;68;68m 202[34m[0m                |_| panic!("Invalid width: {}", width),
