commit 8dd83d321cb803f7180549d82dcff89ed7710814
Author:     Dan Davison <dandavison7@gmail.com>
AuthorDate: Sun Jun 30 23:02:52 2019 -0400
Commit:     Dan Davison <dandavison7@gmail.com>
CommitDate: Sun Jun 30 23:02:52 2019 -0400

    Rearrange


[34mΔ src/main.rs[0m
[34m────────────────────────────────────────────────────────────────────────────────[0m

[34m──────────────────────────────────────[0m[34m┐[0m
[34m•[0m  fn main() -> std::io::Result<()> { [34m│[0m
[34m──────────────────────────────────────[0m[34m┘[0m
[34m[38;2;68;68;68m 114[34m[38;2;68;68;68m 114[34m[0m    Ok(())
[34m[38;2;68;68;68m 115[34m[38;2;68;68;68m 115[34m[0m}
[34m[38;2;68;68;68m 116[34m[38;2;68;68;68m 116[34m[0m
[34m[38;5;88m 117[34m[38;5;28m    [34m[31mfn delta([0m
[34m[38;5;88m 118[34m[38;5;28m    [34m[31m    lines: impl Iterator<Item = String>,[0m
[34m[38;5;88m 119[34m[38;5;28m    [34m[31m    paint_config: &paint::Config,[0m
[34m[38;5;88m 120[34m[38;5;28m    [34m[31m    assets: &HighlightingAssets,[0m
[34m[38;5;88m 121[34m[38;5;28m    [34m[31m) -> std::io::Result<()> {[0m
[34m[38;5;88m 122[34m[38;5;28m    [34m[0m
[34m[38;5;88m 123[34m[38;5;28m    [34m[31m    let mut syntax: Option<&SyntaxReference> = None;[0m
[34m[38;5;88m 124[34m[38;5;28m    [34m[31m    let mut output = String::new();[0m
[34m[38;5;88m 125[34m[38;5;28m    [34m[31m    let mut output_type =[0m
[34m[38;5;88m 126[34m[38;5;28m    [34m[31m        OutputType::from_mode(PagingMode::QuitIfOneScreen, Some(paint_config.pager)).unwrap();[0m
[34m[38;5;88m 127[34m[38;5;28m    [34m[31m    let writer = output_type.handle().unwrap();[0m
[34m[38;5;88m 128[34m[38;5;28m    [34m[31m    let mut state = State::Unknown;[0m
[34m[38;5;88m 129[34m[38;5;28m    [34m[31m    let mut did_emit_line: bool;[0m
[34m[38;5;88m 130[34m[38;5;28m    [34m[0m
[34m[38;5;88m 131[34m[38;5;28m    [34m[31m    for raw_line in lines {[0m
[34m[38;5;88m 132[34m[38;5;28m    [34m[31m        let line = strip_ansi_codes(&raw_line).to_string();[0m
[34m[38;5;88m 133[34m[38;5;28m    [34m[31m        did_emit_line = false;[0m
[34m[38;5;88m 134[34m[38;5;28m    [34m[31m        if line.starts_with("diff --") {[0m
[34m[38;5;88m 135[34m[38;5;28m    [34m[31m            state = State::DiffMeta;[0m
[34m[38;5;88m 136[34m[38;5;28m    [34m[31m            syntax = match parse_diff::get_file_extension_from_diff_line(&line) {[0m
[34m[38;5;88m 137[34m[38;5;28m    [34m[31m                // TODO: cache syntaxes?[0m
[34m[38;5;88m 138[34m[38;5;28m    [34m[31m                Some(extension) => assets.syntax_set.find_syntax_by_extension(extension),[0m
[34m[38;5;88m 139[34m[38;5;28m    [34m[31m                None => None,[0m
[34m[38;5;88m 140[34m[38;5;28m    [34m[31m            };[0m
[34m[38;5;88m 141[34m[38;5;28m    [34m[31m        } else if line.starts_with("commit") {[0m
[34m[38;5;88m 142[34m[38;5;28m    [34m[31m            state = State::Commit;[0m
[34m[38;5;88m 143[34m[38;5;28m    [34m[31m        } else if line.starts_with("@@") {[0m
[34m[38;5;88m 144[34m[38;5;28m    [34m[31m            state = State::DiffHunk;[0m
[34m[38;5;88m 145[34m[38;5;28m    [34m[31m        } else if state == State::DiffHunk {[0m
[34m[38;5;88m 146[34m[38;5;28m    [34m[31m            match syntax {[0m
[34m[38;5;88m 147[34m[38;5;28m    [34m[31m                Some(syntax) => {[0m
[34m[38;5;88m 148[34m[38;5;28m    [34m[31m                    paint::paint_line(line, syntax, &paint_config, &mut output);[0m
[34m[38;5;88m 149[34m[38;5;28m    [34m[31m                    writeln!(writer, "{}", output)?;[0m
[34m[38;5;88m 150[34m[38;5;28m    [34m[31m                    output.truncate(0);[0m
[34m[38;5;88m 151[34m[38;5;28m    [34m[31m                    did_emit_line = true;[0m
[34m[38;5;88m 152[34m[38;5;28m    [34m[31m                }[0m
[34m[38;5;88m 153[34m[38;5;28m    [34m[31m                None => (),[0m
[34m[38;5;88m 154[34m[38;5;28m    [34m[31m            }[0m
[34m[38;5;88m 155[34m[38;5;28m    [34m[31m        }[0m
[34m[38;5;88m 156[34m[38;5;28m    [34m[31m        if !did_emit_line {[0m
[34m[38;5;88m 157[34m[38;5;28m    [34m[31m            writeln!(writer, "{}", raw_line)?;[0m
[34m[38;5;88m 158[34m[38;5;28m    [34m[31m        }[0m
[34m[38;5;88m 159[34m[38;5;28m    [34m[31m    }[0m
[34m[38;5;88m 160[34m[38;5;28m    [34m[31m    Ok(())[0m
[34m[38;5;88m 161[34m[38;5;28m    [34m[31m}[0m
[34m[38;5;88m 162[34m[38;5;28m    [34m[0m
[34m[38;2;68;68;68m 163[34m[38;2;68;68;68m 117[34m[0mfn process_command_line_arguments<'a>(
[34m[38;2;68;68;68m 164[34m[38;2;68;68;68m 118[34m[0m    assets: &'a HighlightingAssets,
[34m[38;2;68;68;68m 165[34m[38;2;68;68;68m 119[34m[0m    opt: &'a Opt,

[34m──────────────────────────────────────────[0m[34m┐[0m
[34m•[0m  fn process_command_line_arguments<'a>( [34m│[0m
[34m──────────────────────────────────────────[0m[34m┘[0m
[34m[38;2;68;68;68m 206[34m[38;2;68;68;68m 160[34m[0m    )
[34m[38;2;68;68;68m 207[34m[38;2;68;68;68m 161[34m[0m}
[34m[38;2;68;68;68m 208[34m[38;2;68;68;68m 162[34m[0m
[34m[38;5;88m    [34m[38;5;28m 163[34m[32mfn delta([0m
[34m[38;5;88m    [34m[38;5;28m 164[34m[32m    lines: impl Iterator<Item = String>,[0m
[34m[38;5;88m    [34m[38;5;28m 165[34m[32m    paint_config: &paint::Config,[0m
[34m[38;5;88m    [34m[38;5;28m 166[34m[32m    assets: &HighlightingAssets,[0m
[34m[38;5;88m    [34m[38;5;28m 167[34m[32m) -> std::io::Result<()> {[0m
[34m[38;5;88m    [34m[38;5;28m 168[34m[0m
[34m[38;5;88m    [34m[38;5;28m 169[34m[32m    let mut syntax: Option<&SyntaxReference> = None;[0m
[34m[38;5;88m    [34m[38;5;28m 170[34m[32m    let mut output = String::new();[0m
[34m[38;5;88m    [34m[38;5;28m 171[34m[32m    let mut output_type =[0m
[34m[38;5;88m    [34m[38;5;28m 172[34m[32m        OutputType::from_mode(PagingMode::QuitIfOneScreen, Some(paint_config.pager)).unwrap();[0m
[34m[38;5;88m    [34m[38;5;28m 173[34m[32m    let writer = output_type.handle().unwrap();[0m
[34m[38;5;88m    [34m[38;5;28m 174[34m[32m    let mut state = State::Unknown;[0m
[34m[38;5;88m    [34m[38;5;28m 175[34m[32m    let mut did_emit_line: bool;[0m
[34m[38;5;88m    [34m[38;5;28m 176[34m[0m
[34m[38;5;88m    [34m[38;5;28m 177[34m[32m    for raw_line in lines {[0m
[34m[38;5;88m    [34m[38;5;28m 178[34m[32m        let line = strip_ansi_codes(&raw_line).to_string();[0m
[34m[38;5;88m    [34m[38;5;28m 179[34m[32m        did_emit_line = false;[0m
[34m[38;5;88m    [34m[38;5;28m 180[34m[32m        if line.starts_with("diff --") {[0m
[34m[38;5;88m    [34m[38;5;28m 181[34m[32m            state = State::DiffMeta;[0m
[34m[38;5;88m    [34m[38;5;28m 182[34m[32m            syntax = match parse_diff::get_file_extension_from_diff_line(&line) {[0m
[34m[38;5;88m    [34m[38;5;28m 183[34m[32m                // TODO: cache syntaxes?[0m
[34m[38;5;88m    [34m[38;5;28m 184[34m[32m                Some(extension) => assets.syntax_set.find_syntax_by_extension(extension),[0m
[34m[38;5;88m    [34m[38;5;28m 185[34m[32m                None => None,[0m
[34m[38;5;88m    [34m[38;5;28m 186[34m[32m            };[0m
[34m[38;5;88m    [34m[38;5;28m 187[34m[32m        } else if line.starts_with("commit") {[0m
[34m[38;5;88m    [34m[38;5;28m 188[34m[32m            state = State::Commit;[0m
[34m[38;5;88m    [34m[38;5;28m 189[34m[32m        } else if line.starts_with("@@") {[0m
[34m[38;5;88m    [34m[38;5;28m 190[34m[32m            state = State::DiffHunk;[0m
[34m[38;5;88m    [34m[38;5;28m 191[34m[32m        } else if state == State::DiffHunk {[0m
[34m[38;5;88m    [34m[38;5;28m 192[34m[32m            match syntax {[0m
[34m[38;5;88m    [34m[38;5;28m 193[34m[32m                Some(syntax) => {[0m
[34m[38;5;88m    [34m[38;5;28m 194[34m[32m                    paint::paint_line(line, syntax, &paint_config, &mut output);[0m
[34m[38;5;88m    [34m[38;5;28m 195[34m[32m                    writeln!(writer, "{}", output)?;[0m
[34m[38;5;88m    [34m[38;5;28m 196[34m[32m                    output.truncate(0);[0m
[34m[38;5;88m    [34m[38;5;28m 197[34m[32m                    did_emit_line = true;[0m
[34m[38;5;88m    [34m[38;5;28m 198[34m[32m                }[0m
[34m[38;5;88m    [34m[38;5;28m 199[34m[32m                None => (),[0m
[34m[38;5;88m    [34m[38;5;28m 200[34m[32m            }[0m
[34m[38;5;88m    [34m[38;5;28m 201[34m[32m        }[0m
[34m[38;5;88m    [34m[38;5;28m 202[34m[32m        if !did_emit_line {[0m
[34m[38;5;88m    [34m[38;5;28m 203[34m[32m            writeln!(writer, "{}", raw_line)?;[0m
[34m[38;5;88m    [34m[38;5;28m 204[34m[32m        }[0m
[34m[38;5;88m    [34m[38;5;28m 205[34m[32m    }[0m
[34m[38;5;88m    [34m[38;5;28m 206[34m[32m    Ok(())[0m
[34m[38;5;88m    [34m[38;5;28m 207[34m[32m}[0m
[34m[38;5;88m    [34m[38;5;28m 208[34m[0m
[34m[38;2;68;68;68m 209[34m[38;2;68;68;68m 209[34m[0mfn compare_themes(assets: &HighlightingAssets) -> std::io::Result<()> {
[34m[38;2;68;68;68m 210[34m[38;2;68;68;68m 210[34m[0m    let mut opt = Opt::from_args();
[34m[38;2;68;68;68m 211[34m[38;2;68;68;68m 211[34m[0m    let mut input = String::new();
