commit 2d9b3c025db1f096daeb4f1ca31ba6adb1ec7c22
Author:     Dan Davison <dandavison7@gmail.com>
AuthorDate: Sun Jun 30 16:02:42 2019 -0400
Commit:     Dan Davison <dandavison7@gmail.com>
CommitDate: Sun Jun 30 16:02:42 2019 -0400

    Clean up


[34mΔ src/main.rs[0m
[34m────────────────────────────────────────────────────────────────────────────────[0m

[34m──────────────────────────────────────[0m[34m┐[0m
[34m•[0m  fn main() -> std::io::Result<()> { [34m│[0m
[34m──────────────────────────────────────[0m[34m┘[0m
[34m[38;2;68;68;68m 88 [34m[38;2;68;68;68m 88 [34m[0m        process::exit(0);
[34m[38;2;68;68;68m 89 [34m[38;2;68;68;68m 89 [34m[0m    }
[34m[38;2;68;68;68m 90 [34m[38;2;68;68;68m 90 [34m[0m
[34m[38;5;88m 91 [34m[38;5;28m    [34m[31m    let paint_config = [1;7mparse_args[0m[31m(&assets, &opt);[0m
[34m[38;5;88m    [34m[38;5;28m 91 [34m[32m    let paint_config = [1;7mprocess_command_line_arguments[0m[32m(&assets, &opt);[0m
[34m[38;2;68;68;68m 92 [34m[38;2;68;68;68m 92 [34m[0m
[34m[38;2;68;68;68m 93 [34m[38;2;68;68;68m 93 [34m[0m    match delta(
[34m[38;2;68;68;68m 94 [34m[38;2;68;68;68m 94 [34m[0m        io::stdin().lock().lines().map(|l| l.unwrap()),

[34m─────────────[0m[34m┐[0m
[34m•[0m  fn delta( [34m│[0m
[34m─────────────[0m[34m┘[0m
[34m[38;2;68;68;68m 150[34m[38;2;68;68;68m 150[34m[0m    Ok(())
[34m[38;2;68;68;68m 151[34m[38;2;68;68;68m 151[34m[0m}
[34m[38;2;68;68;68m 152[34m[38;2;68;68;68m 152[34m[0m
[34m[38;5;88m 153[34m[38;5;28m    [34m[1;7;31mfn parse_args<'a>([0m[31massets: &'a HighlightingAssets,[1;7m opt: &'a Opt) -> paint::Config<'a> {[0m
[34m[38;5;88m    [34m[38;5;28m 153[34m[32mfn process_command_line_arguments<'a>([0m
[34m[38;5;88m    [34m[38;5;28m 154[34m[1;7;32m    [0m[32massets: &'a HighlightingAssets,[0m
[34m[38;5;88m    [34m[38;5;28m 155[34m[32m    opt: &'a Opt,[0m
[34m[38;5;88m    [34m[38;5;28m 156[34m[32m) -> paint::Config<'a> {[0m
[34m[38;2;68;68;68m 154[34m[38;2;68;68;68m 157[34m[0m
[34m[38;2;68;68;68m 155[34m[38;2;68;68;68m 158[34m[0m    if opt.light && opt.dark {
[34m[38;2;68;68;68m 156[34m[38;2;68;68;68m 159[34m[0m        eprintln!("--light and --dark cannot be used together.");

[34m───────────────────────────────────────────────────────────────────────────[0m[34m┐[0m
[34m•[0m  fn compare_themes(assets: &HighlightingAssets) -> std::io::Result<()> { [34m│[0m
[34m───────────────────────────────────────────────────────────────────────────[0m[34m┘[0m
[34m[38;2;68;68;68m 187[34m[38;2;68;68;68m 190[34m[0m    let mut paint_config: paint::Config;
[34m[38;2;68;68;68m 188[34m[38;2;68;68;68m 191[34m[0m    let hline = "-".repeat(100);
[34m[38;2;68;68;68m 189[34m[38;2;68;68;68m 192[34m[0m
[34m[38;5;88m 190[34m[38;5;28m    [34m[31m    for ([1;7mtheme_name[0m[31m, _) in assets.theme_set.themes.iter() {[0m
[34m[38;5;88m 191[34m[38;5;28m    [34m[31m        writeln!(stdout, "{}\n{}\n{}\n", hline, [1;7mtheme_name[0m[31m, hline)?;[0m
[34m[38;5;88m 192[34m[38;5;28m    [34m[31m        opt.theme = Some([1;7mtheme_name[0m[31m.to_string());[0m
[34m[38;5;88m 193[34m[38;5;28m    [34m[31m        paint_config = [1;7mparse_args[0m[31m(&assets, &opt);[0m
[34m[38;5;88m    [34m[38;5;28m 193[34m[32m    for ([1;7mtheme[0m[32m, _) in assets.theme_set.themes.iter() {[0m
[34m[38;5;88m    [34m[38;5;28m 194[34m[32m        writeln!(stdout, "{}\n{}\n{}\n", hline, [1;7mtheme[0m[32m, hline)?;[0m
[34m[38;5;88m    [34m[38;5;28m 195[34m[32m        opt.theme = Some([1;7mtheme[0m[32m.to_string());[0m
[34m[38;5;88m    [34m[38;5;28m 196[34m[32m        paint_config = [1;7mprocess_command_line_arguments[0m[32m(&assets, &opt);[0m
[34m[38;2;68;68;68m 194[34m[38;2;68;68;68m 197[34m[0m        delta(input.split("\n").map(String::from), &paint_config, &assets)?;
[34m[38;2;68;68;68m 195[34m[38;2;68;68;68m 198[34m[0m    }
[34m[38;2;68;68;68m 196[34m[38;2;68;68;68m 199[34m[0m
