commit 62c4d298066cf532797a8fadb9fedd6796869005
Author:     Dan Davison <dandavison7@gmail.com>
AuthorDate: Wed Jun 26 22:08:11 2019 -0400
Commit:     Dan Davison <dandavison7@gmail.com>
CommitDate: Thu Jun 27 09:42:59 2019 -0400

    Factor out paint module


[34mΔ src/main.rs[0m
[34m────────────────────────────────────────────────────────────────────────────────[0m

[34m[38;2;68;68;68m  1 [34m[38;2;68;68;68m  1 [34m[0mextern crate structopt;
[34m[38;2;68;68;68m  2 [34m[38;2;68;68;68m  2 [34m[0m
[34m[38;5;88m    [34m[38;5;28m  3 [34m[32mmod paint;[0m
[34m[38;2;68;68;68m  3 [34m[38;2;68;68;68m  4 [34m[0mmod parse;
[34m[38;2;68;68;68m  4 [34m[38;2;68;68;68m  5 [34m[0m
[34m[38;2;68;68;68m  5 [34m[38;2;68;68;68m  6 [34m[0muse std::io::{self, BufRead, ErrorKind};

[34m─────────────────────[0m[34m┐[0m
[34m•[0m  use std::process; [34m│[0m
[34m─────────────────────[0m[34m┘[0m
[34m[38;2;68;68;68m  7 [34m[38;2;68;68;68m  8 [34m[0m
[34m[38;2;68;68;68m  8 [34m[38;2;68;68;68m  9 [34m[0muse console::strip_ansi_codes;
[34m[38;2;68;68;68m  9 [34m[38;2;68;68;68m 10 [34m[0muse structopt::StructOpt;
[34m[38;5;88m 10 [34m[38;5;28m    [34m[31muse syntect::[1;7measy[0m[31m::[1;7mHighlightLines[0m[31m;[0m
[34m[38;5;88m 11 [34m[38;5;28m    [34m[31muse syntect::highlighting::{Color, Style, ThemeSet};[0m
[34m[38;5;88m    [34m[38;5;28m 11 [34m[32muse syntect::[1;7mhighlighting[0m[32m::[1;7mThemeSet[0m[32m;[0m
[34m[38;2;68;68;68m 12 [34m[38;2;68;68;68m 12 [34m[0muse syntect::parsing::{SyntaxReference, SyntaxSet};
[34m[38;2;68;68;68m 13 [34m[38;2;68;68;68m 13 [34m[0m
[34m[38;2;68;68;68m 14 [34m[38;2;68;68;68m 14 [34m[0mpub const DELTA_THEME_DEFAULT: &str = "base16-mocha.dark";
[34m[38;2;68;68;68m 15 [34m[38;2;68;68;68m 15 [34m[0m
[34m[38;5;88m 16 [34m[38;5;28m    [34m[31mconst GREEN: Color = Color {[0m
[34m[38;5;88m 17 [34m[38;5;28m    [34m[31m    r: 0x01,[0m
[34m[38;5;88m 18 [34m[38;5;28m    [34m[31m    g: 0x18,[0m
[34m[38;5;88m 19 [34m[38;5;28m    [34m[31m    b: 0x00,[0m
[34m[38;5;88m 20 [34m[38;5;28m    [34m[31m    a: 0x00,[0m
[34m[38;5;88m 21 [34m[38;5;28m    [34m[31m};[0m
[34m[38;5;88m 22 [34m[38;5;28m    [34m[0m
[34m[38;5;88m 23 [34m[38;5;28m    [34m[31mconst RED: Color = Color {[0m
[34m[38;5;88m 24 [34m[38;5;28m    [34m[31m    r: 0x24,[0m
[34m[38;5;88m 25 [34m[38;5;28m    [34m[31m    g: 0x00,[0m
[34m[38;5;88m 26 [34m[38;5;28m    [34m[31m    b: 0x01,[0m
[34m[38;5;88m 27 [34m[38;5;28m    [34m[31m    a: 0x00,[0m
[34m[38;5;88m 28 [34m[38;5;28m    [34m[31m};[0m
[34m[38;5;88m 29 [34m[38;5;28m    [34m[0m
[34m[38;2;68;68;68m 30 [34m[38;2;68;68;68m 16 [34m[0m#[derive(StructOpt, Debug)]
[34m[38;2;68;68;68m 31 [34m[38;2;68;68;68m 17 [34m[0m#[structopt(name = "delta")]
[34m[38;2;68;68;68m 32 [34m[38;2;68;68;68m 18 [34m[0mstruct Opt {

[34m───────────────────────────────────────[0m[34m┐[0m
[34m•[0m  fn delta() -> std::io::Result<()> { [34m│[0m
[34m───────────────────────────────────────[0m[34m┘[0m
[34m[38;2;68;68;68m 78 [34m[38;2;68;68;68m 64 [34m[0m    let mut did_emit_line: bool;
[34m[38;2;68;68;68m 79 [34m[38;2;68;68;68m 65 [34m[0m    let stdin = io::stdin();
[34m[38;2;68;68;68m 80 [34m[38;2;68;68;68m 66 [34m[0m    let mut stdout = io::stdout();
[34m[38;5;88m 81 [34m[38;5;28m    [34m[31m    let opt = Opt::from_args();[0m
[34m[38;2;68;68;68m 82 [34m[38;2;68;68;68m 67 [34m[0m
[34m[38;2;68;68;68m 83 [34m[38;2;68;68;68m 68 [34m[0m    for _line in stdin.lock().lines() {
[34m[38;2;68;68;68m 84 [34m[38;2;68;68;68m 69 [34m[0m        let raw_line = _line?;
[34m[38;5;88m 85 [34m[38;5;28m    [34m[31m        let [1;7mmut [0m[31mline = strip_ansi_codes(&raw_line).to_string();[0m
[34m[38;5;88m    [34m[38;5;28m 70 [34m[32m        let line[1;7m: String[0m[32m = strip_ansi_codes(&raw_line).to_string();[0m
[34m[38;2;68;68;68m 86 [34m[38;2;68;68;68m 71 [34m[0m        did_emit_line = false;
[34m[38;2;68;68;68m 87 [34m[38;2;68;68;68m 72 [34m[0m        if line.starts_with("diff --") {
[34m[38;2;68;68;68m 88 [34m[38;2;68;68;68m 73 [34m[0m            state = State::DiffMeta;

[34m───────────────────────────────────────[0m[34m┐[0m
[34m•[0m  fn delta() -> std::io::Result<()> { [34m│[0m
[34m───────────────────────────────────────[0m[34m┘[0m
[34m[38;2;68;68;68m 97 [34m[38;2;68;68;68m 82 [34m[0m        } else if state == State::DiffHunk {
[34m[38;2;68;68;68m 98 [34m[38;2;68;68;68m 83 [34m[0m            match syntax {
[34m[38;2;68;68;68m 99 [34m[38;2;68;68;68m 84 [34m[0m                Some(syntax) => {
[34m[38;5;88m 100[34m[38;5;28m    [34m[31m                    let mut highlighter = HighlightLines::new(syntax, theme);[0m
[34m[38;5;88m 101[34m[38;5;28m    [34m[31m                    let first_char = line.chars().next();[0m
[34m[38;5;88m 102[34m[38;5;28m    [34m[31m                    let background_color = match first_char {[0m
[34m[38;5;88m 103[34m[38;5;28m    [34m[31m                        Some('+') => Some(GREEN),[0m
[34m[38;5;88m 104[34m[38;5;28m    [34m[31m                        Some('-') => Some(RED),[0m
[34m[38;5;88m 105[34m[38;5;28m    [34m[31m                        _ => None,[0m
[34m[38;5;88m 106[34m[38;5;28m    [34m[31m                    };[0m
[34m[38;5;88m 107[34m[38;5;28m    [34m[31m                    if first_char == Some('+') || first_char == Some('-') {[0m
[34m[38;5;88m 108[34m[38;5;28m    [34m[31m                        line = line[1..].to_string();[0m
[34m[38;5;88m 109[34m[38;5;28m    [34m[31m                        output.push_str(" ");[0m
[34m[38;5;88m 110[34m[38;5;28m    [34m[31m                    }[0m
[34m[38;5;88m 111[34m[38;5;28m    [34m[31m                    if line.len() < 100 {[0m
[34m[38;5;88m 112[34m[38;5;28m    [34m[31m                        line = format!("{}{}", line, " ".repeat(100 - line.len()));[0m
[34m[38;5;88m 113[34m[38;5;28m    [34m[31m                    }[0m
[34m[38;5;88m 114[34m[38;5;28m    [34m[31m                    let ranges: Vec<(Style, &str)> = highlighter.highlight(&line, &syntax_set);[0m
[34m[38;5;88m 115[34m[38;5;28m    [34m[31m                    paint_ranges(&ranges[..], background_color, &mut output);[0m
[34m[38;5;88m    [34m[38;5;28m 85 [34m[32m                    paint::paint_line(line, syntax, &syntax_set, theme, &mut output);[0m
[34m[38;2;68;68;68m 116[34m[38;2;68;68;68m 86 [34m[0m                    writeln!(stdout, "{}", output)?;
[34m[38;2;68;68;68m 117[34m[38;2;68;68;68m 87 [34m[0m                    output.truncate(0);
[34m[38;2;68;68;68m 118[34m[38;2;68;68;68m 88 [34m[0m                    did_emit_line = true;

[34m───────────────────────────────────────[0m[34m┐[0m
[34m•[0m  fn delta() -> std::io::Result<()> { [34m│[0m
[34m───────────────────────────────────────[0m[34m┘[0m
[34m[38;2;68;68;68m 126[34m[38;2;68;68;68m 96 [34m[0m    }
[34m[38;2;68;68;68m 127[34m[38;2;68;68;68m 97 [34m[0m    Ok(())
[34m[38;2;68;68;68m 128[34m[38;2;68;68;68m 98 [34m[0m}
[34m[38;5;88m 129[34m[38;5;28m    [34m[0m
[34m[38;5;88m 130[34m[38;5;28m    [34m[31m/// Based on as_24_bit_terminal_escaped from syntect[0m
[34m[38;5;88m 131[34m[38;5;28m    [34m[31mfn paint_ranges([0m
[34m[38;5;88m 132[34m[38;5;28m    [34m[31m    foreground_style_ranges: &[(Style, &str)],[0m
[34m[38;5;88m 133[34m[38;5;28m    [34m[31m    background_color: Option<Color>,[0m
[34m[38;5;88m 134[34m[38;5;28m    [34m[31m    buf: &mut String,[0m
[34m[38;5;88m 135[34m[38;5;28m    [34m[31m) -> () {[0m
[34m[38;5;88m 136[34m[38;5;28m    [34m[31m    for &(ref style, text) in foreground_style_ranges.iter() {[0m
[34m[38;5;88m 137[34m[38;5;28m    [34m[31m        paint(text, Some(style.foreground), background_color, false, buf);[0m
[34m[38;5;88m 138[34m[38;5;28m    [34m[31m    }[0m
[34m[38;5;88m 139[34m[38;5;28m    [34m[31m    buf.push_str("\x1b[0m");[0m
[34m[38;5;88m 140[34m[38;5;28m    [34m[31m}[0m
[34m[38;5;88m 141[34m[38;5;28m    [34m[0m
[34m[38;5;88m 142[34m[38;5;28m    [34m[31m/// Write text to buffer with color escape codes applied.[0m
[34m[38;5;88m 143[34m[38;5;28m    [34m[31mfn paint([0m
[34m[38;5;88m 144[34m[38;5;28m    [34m[31m    text: &str,[0m
[34m[38;5;88m 145[34m[38;5;28m    [34m[31m    foreground_color: Option<Color>,[0m
[34m[38;5;88m 146[34m[38;5;28m    [34m[31m    background_color: Option<Color>,[0m
[34m[38;5;88m 147[34m[38;5;28m    [34m[31m    reset_color: bool,[0m
[34m[38;5;88m 148[34m[38;5;28m    [34m[31m    buf: &mut String,[0m
[34m[38;5;88m 149[34m[38;5;28m    [34m[31m) -> () {[0m
[34m[38;5;88m 150[34m[38;5;28m    [34m[31m    use std::fmt::Write;[0m
[34m[38;5;88m 151[34m[38;5;28m    [34m[31m    match background_color {[0m
[34m[38;5;88m 152[34m[38;5;28m    [34m[31m        Some(background_color) => {[0m
[34m[38;5;88m 153[34m[38;5;28m    [34m[31m            write!([0m
[34m[38;5;88m 154[34m[38;5;28m    [34m[31m                buf,[0m
[34m[38;5;88m 155[34m[38;5;28m    [34m[31m                "\x1b[48;2;{};{};{}m",[0m
[34m[38;5;88m 156[34m[38;5;28m    [34m[31m                background_color.r,[0m
[34m[38;5;88m 157[34m[38;5;28m    [34m[31m                background_color.g,[0m
[34m[38;5;88m 158[34m[38;5;28m    [34m[31m                background_color.b[0m
[34m[38;5;88m 159[34m[38;5;28m    [34m[31m            ).unwrap();[0m
[34m[38;5;88m 160[34m[38;5;28m    [34m[31m            if reset_color {[0m
[34m[38;5;88m 161[34m[38;5;28m    [34m[31m                buf.push_str("\x1b[0m");[0m
[34m[38;5;88m 162[34m[38;5;28m    [34m[31m            }[0m
[34m[38;5;88m 163[34m[38;5;28m    [34m[31m        }[0m
[34m[38;5;88m 164[34m[38;5;28m    [34m[31m        None => (),[0m
[34m[38;5;88m 165[34m[38;5;28m    [34m[31m    }[0m
[34m[38;5;88m 166[34m[38;5;28m    [34m[31m    match foreground_color {[0m
[34m[38;5;88m 167[34m[38;5;28m    [34m[31m        Some(foreground_color) => {[0m
[34m[38;5;88m 168[34m[38;5;28m    [34m[31m            write!([0m
[34m[38;5;88m 169[34m[38;5;28m    [34m[31m                buf,[0m
[34m[38;5;88m 170[34m[38;5;28m    [34m[31m                "\x1b[38;2;{};{};{}m{}",[0m
[34m[38;5;88m 171[34m[38;5;28m    [34m[31m                foreground_color.r,[0m
[34m[38;5;88m 172[34m[38;5;28m    [34m[31m                foreground_color.g,[0m
[34m[38;5;88m 173[34m[38;5;28m    [34m[31m                foreground_color.b,[0m
[34m[38;5;88m 174[34m[38;5;28m    [34m[31m                text[0m
[34m[38;5;88m 175[34m[38;5;28m    [34m[31m            ).unwrap();[0m
[34m[38;5;88m 176[34m[38;5;28m    [34m[31m            if reset_color {[0m
[34m[38;5;88m 177[34m[38;5;28m    [34m[31m                buf.push_str("\x1b[0m");[0m
[34m[38;5;88m 178[34m[38;5;28m    [34m[31m            }[0m
[34m[38;5;88m 179[34m[38;5;28m    [34m[31m        }[0m
[34m[38;5;88m 180[34m[38;5;28m    [34m[31m        None => {[0m
[34m[38;5;88m 181[34m[38;5;28m    [34m[31m            write!(buf, "{}", text).unwrap();[0m
[34m[38;5;88m 182[34m[38;5;28m    [34m[31m        }[0m
[34m[38;5;88m 183[34m[38;5;28m    [34m[31m    }[0m
[34m[38;5;88m 184[34m[38;5;28m    [34m[31m}[0m

[34madded: src/paint.rs[0m
[34m────────────────────────────────────────────────────────────────────────────────[0m

[34m[38;5;88m    [34m[38;5;28m  1 [34m[32muse syntect::easy::HighlightLines;[0m
[34m[38;5;88m    [34m[38;5;28m  2 [34m[32muse syntect::highlighting::{Color, Style, Theme};[0m
[34m[38;5;88m    [34m[38;5;28m  3 [34m[32muse syntect::parsing::{SyntaxReference, SyntaxSet};[0m
[34m[38;5;88m    [34m[38;5;28m  4 [34m[0m
[34m[38;5;88m    [34m[38;5;28m  5 [34m[32mconst GREEN: Color = Color {[0m
[34m[38;5;88m    [34m[38;5;28m  6 [34m[32m    r: 0x01,[0m
[34m[38;5;88m    [34m[38;5;28m  7 [34m[32m    g: 0x18,[0m
[34m[38;5;88m    [34m[38;5;28m  8 [34m[32m    b: 0x00,[0m
[34m[38;5;88m    [34m[38;5;28m  9 [34m[32m    a: 0x00,[0m
[34m[38;5;88m    [34m[38;5;28m 10 [34m[32m};[0m
[34m[38;5;88m    [34m[38;5;28m 11 [34m[0m
[34m[38;5;88m    [34m[38;5;28m 12 [34m[32mconst RED: Color = Color {[0m
[34m[38;5;88m    [34m[38;5;28m 13 [34m[32m    r: 0x24,[0m
[34m[38;5;88m    [34m[38;5;28m 14 [34m[32m    g: 0x00,[0m
[34m[38;5;88m    [34m[38;5;28m 15 [34m[32m    b: 0x01,[0m
[34m[38;5;88m    [34m[38;5;28m 16 [34m[32m    a: 0x00,[0m
[34m[38;5;88m    [34m[38;5;28m 17 [34m[32m};[0m
[34m[38;5;88m    [34m[38;5;28m 18 [34m[0m
[34m[38;5;88m    [34m[38;5;28m 19 [34m[32m/// Write line to buffer with color escape codes applied.[0m
[34m[38;5;88m    [34m[38;5;28m 20 [34m[32mpub fn paint_line([0m
[34m[38;5;88m    [34m[38;5;28m 21 [34m[32m    mut line: String, // TODO: pass reference[0m
[34m[38;5;88m    [34m[38;5;28m 22 [34m[32m    syntax: &SyntaxReference,[0m
[34m[38;5;88m    [34m[38;5;28m 23 [34m[32m    syntax_set: &SyntaxSet,[0m
[34m[38;5;88m    [34m[38;5;28m 24 [34m[32m    theme: &Theme,[0m
[34m[38;5;88m    [34m[38;5;28m 25 [34m[32m    buf: &mut String,[0m
[34m[38;5;88m    [34m[38;5;28m 26 [34m[32m) {[0m
[34m[38;5;88m    [34m[38;5;28m 27 [34m[32m    let mut highlighter = HighlightLines::new(syntax, theme);[0m
[34m[38;5;88m    [34m[38;5;28m 28 [34m[32m    let first_char = line.chars().next();[0m
[34m[38;5;88m    [34m[38;5;28m 29 [34m[32m    let background_color = match first_char {[0m
[34m[38;5;88m    [34m[38;5;28m 30 [34m[32m        Some('+') => Some(GREEN),[0m
[34m[38;5;88m    [34m[38;5;28m 31 [34m[32m        Some('-') => Some(RED),[0m
[34m[38;5;88m    [34m[38;5;28m 32 [34m[32m        _ => None,[0m
[34m[38;5;88m    [34m[38;5;28m 33 [34m[32m    };[0m
[34m[38;5;88m    [34m[38;5;28m 34 [34m[32m    if first_char == Some('+') || first_char == Some('-') {[0m
[34m[38;5;88m    [34m[38;5;28m 35 [34m[32m        line = line[1..].to_string();[0m
[34m[38;5;88m    [34m[38;5;28m 36 [34m[32m        buf.push_str(" ");[0m
[34m[38;5;88m    [34m[38;5;28m 37 [34m[32m    }[0m
[34m[38;5;88m    [34m[38;5;28m 38 [34m[32m    if line.len() < 100 {[0m
[34m[38;5;88m    [34m[38;5;28m 39 [34m[32m        line = format!("{}{}", line, " ".repeat(100 - line.len()));[0m
[34m[38;5;88m    [34m[38;5;28m 40 [34m[32m    }[0m
[34m[38;5;88m    [34m[38;5;28m 41 [34m[32m    let ranges: Vec<(Style, &str)> = highlighter.highlight(&line, &syntax_set);[0m
[34m[38;5;88m    [34m[38;5;28m 42 [34m[32m    paint_ranges(&ranges[..], background_color, buf);[0m
[34m[38;5;88m    [34m[38;5;28m 43 [34m[32m}[0m
[34m[38;5;88m    [34m[38;5;28m 44 [34m[0m
[34m[38;5;88m    [34m[38;5;28m 45 [34m[32m/// Based on as_24_bit_terminal_escaped from syntect[0m
[34m[38;5;88m    [34m[38;5;28m 46 [34m[32mfn paint_ranges([0m
[34m[38;5;88m    [34m[38;5;28m 47 [34m[32m    foreground_style_ranges: &[(Style, &str)],[0m
[34m[38;5;88m    [34m[38;5;28m 48 [34m[32m    background_color: Option<Color>,[0m
[34m[38;5;88m    [34m[38;5;28m 49 [34m[32m    buf: &mut String,[0m
[34m[38;5;88m    [34m[38;5;28m 50 [34m[32m) -> () {[0m
[34m[38;5;88m    [34m[38;5;28m 51 [34m[32m    for &(ref style, text) in foreground_style_ranges.iter() {[0m
[34m[38;5;88m    [34m[38;5;28m 52 [34m[32m        paint(text, Some(style.foreground), background_color, false, buf);[0m
[34m[38;5;88m    [34m[38;5;28m 53 [34m[32m    }[0m
[34m[38;5;88m    [34m[38;5;28m 54 [34m[32m    buf.push_str("\x1b[0m");[0m
[34m[38;5;88m    [34m[38;5;28m 55 [34m[32m}[0m
[34m[38;5;88m    [34m[38;5;28m 56 [34m[0m
[34m[38;5;88m    [34m[38;5;28m 57 [34m[32m/// Write text to buffer with color escape codes applied.[0m
[34m[38;5;88m    [34m[38;5;28m 58 [34m[32mfn paint([0m
[34m[38;5;88m    [34m[38;5;28m 59 [34m[32m    text: &str,[0m
[34m[38;5;88m    [34m[38;5;28m 60 [34m[32m    foreground_color: Option<Color>,[0m
[34m[38;5;88m    [34m[38;5;28m 61 [34m[32m    background_color: Option<Color>,[0m
[34m[38;5;88m    [34m[38;5;28m 62 [34m[32m    reset_color: bool,[0m
[34m[38;5;88m    [34m[38;5;28m 63 [34m[32m    buf: &mut String,[0m
[34m[38;5;88m    [34m[38;5;28m 64 [34m[32m) -> () {[0m
[34m[38;5;88m    [34m[38;5;28m 65 [34m[32m    use std::fmt::Write;[0m
[34m[38;5;88m    [34m[38;5;28m 66 [34m[32m    match background_color {[0m
[34m[38;5;88m    [34m[38;5;28m 67 [34m[32m        Some(background_color) => {[0m
[34m[38;5;88m    [34m[38;5;28m 68 [34m[32m            write!([0m
[34m[38;5;88m    [34m[38;5;28m 69 [34m[32m                buf,[0m
[34m[38;5;88m    [34m[38;5;28m 70 [34m[32m                "\x1b[48;2;{};{};{}m",[0m
[34m[38;5;88m    [34m[38;5;28m 71 [34m[32m                background_color.r,[0m
[34m[38;5;88m    [34m[38;5;28m 72 [34m[32m                background_color.g,[0m
[34m[38;5;88m    [34m[38;5;28m 73 [34m[32m                background_color.b[0m
[34m[38;5;88m    [34m[38;5;28m 74 [34m[32m            ).unwrap();[0m
[34m[38;5;88m    [34m[38;5;28m 75 [34m[32m            if reset_color {[0m
[34m[38;5;88m    [34m[38;5;28m 76 [34m[32m                buf.push_str("\x1b[0m");[0m
[34m[38;5;88m    [34m[38;5;28m 77 [34m[32m            }[0m
[34m[38;5;88m    [34m[38;5;28m 78 [34m[32m        }[0m
[34m[38;5;88m    [34m[38;5;28m 79 [34m[32m        None => (),[0m
[34m[38;5;88m    [34m[38;5;28m 80 [34m[32m    }[0m
[34m[38;5;88m    [34m[38;5;28m 81 [34m[32m    match foreground_color {[0m
[34m[38;5;88m    [34m[38;5;28m 82 [34m[32m        Some(foreground_color) => {[0m
[34m[38;5;88m    [34m[38;5;28m 83 [34m[32m            write!([0m
[34m[38;5;88m    [34m[38;5;28m 84 [34m[32m                buf,[0m
[34m[38;5;88m    [34m[38;5;28m 85 [34m[32m                "\x1b[38;2;{};{};{}m{}",[0m
[34m[38;5;88m    [34m[38;5;28m 86 [34m[32m                foreground_color.r,[0m
[34m[38;5;88m    [34m[38;5;28m 87 [34m[32m                foreground_color.g,[0m
[34m[38;5;88m    [34m[38;5;28m 88 [34m[32m                foreground_color.b,[0m
[34m[38;5;88m    [34m[38;5;28m 89 [34m[32m                text[0m
[34m[38;5;88m    [34m[38;5;28m 90 [34m[32m            ).unwrap();[0m
[34m[38;5;88m    [34m[38;5;28m 91 [34m[32m            if reset_color {[0m
[34m[38;5;88m    [34m[38;5;28m 92 [34m[32m                buf.push_str("\x1b[0m");[0m
[34m[38;5;88m    [34m[38;5;28m 93 [34m[32m            }[0m
[34m[38;5;88m    [34m[38;5;28m 94 [34m[32m        }[0m
[34m[38;5;88m    [34m[38;5;28m 95 [34m[32m        None => {[0m
[34m[38;5;88m    [34m[38;5;28m 96 [34m[32m            write!(buf, "{}", text).unwrap();[0m
[34m[38;5;88m    [34m[38;5;28m 97 [34m[32m        }[0m
[34m[38;5;88m    [34m[38;5;28m 98 [34m[32m    }[0m
[34m[38;5;88m    [34m[38;5;28m 99 [34m[32m}[0m
