commit 3f39600c3888ece6e2726ea82cc41a1fb09d4ded
Author:     Dan Davison <dandavison7@gmail.com>
AuthorDate: Fri Jun 28 12:21:17 2019 -0400
Commit:     Dan Davison <dandavison7@gmail.com>
CommitDate: Fri Jun 28 13:04:58 2019 -0400

    Refactor: move paint responsibilities into paint module


[34mΔ src/main.rs[0m
[34m────────────────────────────────────────────────────────────────────────────────[0m

[34m───────────────────[0m[34m┐[0m
[34m•[0m  mod parse_diff; [34m│[0m
[34m───────────────────[0m[34m┘[0m
[34m[38;2;68;68;68m  5 [34m[38;2;68;68;68m  5 [34m[0m
[34m[38;2;68;68;68m  6 [34m[38;2;68;68;68m  6 [34m[0muse std::io::{self, BufRead, ErrorKind, Write};
[34m[38;2;68;68;68m  7 [34m[38;2;68;68;68m  7 [34m[0muse std::process;
[34m[38;5;88m  8 [34m[38;5;28m    [34m[31muse std::str::FromStr;[0m
[34m[38;2;68;68;68m  9 [34m[38;2;68;68;68m  8 [34m[0m
[34m[38;2;68;68;68m 10 [34m[38;2;68;68;68m  9 [34m[0muse console::strip_ansi_codes;
[34m[38;2;68;68;68m 11 [34m[38;2;68;68;68m 10 [34m[0muse structopt::StructOpt;
[34m[38;5;88m 12 [34m[38;5;28m    [34m[31muse syntect::highlighting::[1;7m{Color, [0m[31mThemeSet[1;7m}[0m[31m;[0m
[34m[38;5;88m    [34m[38;5;28m 11 [34m[32muse syntect::highlighting::ThemeSet;[0m
[34m[38;2;68;68;68m 13 [34m[38;2;68;68;68m 12 [34m[0muse syntect::parsing::SyntaxReference;
[34m[38;2;68;68;68m 14 [34m[38;2;68;68;68m 13 [34m[0m
[34m[38;2;68;68;68m 15 [34m[38;2;68;68;68m 14 [34m[0m#[derive(StructOpt, Debug)]

[34m────────────────────────────────────────────────────────────────────────────────────[0m[34m┐[0m
[34m•[0m  fn parse_args<'a>(theme_set: &'a ThemeSet, opt: &'a mut Opt) -> paint::Config<'a [34m│[0m
[34m────────────────────────────────────────────────────────────────────────────────────[0m[34m┘[0m
[34m[38;2;68;68;68m 123[34m[38;2;68;68;68m 122[34m[0m        eprintln!("--light or --dark cannot be used together. Default is --light.");
[34m[38;2;68;68;68m 124[34m[38;2;68;68;68m 123[34m[0m        process::exit(1);
[34m[38;2;68;68;68m 125[34m[38;2;68;68;68m 124[34m[0m    }
[34m[38;5;88m 126[34m[38;5;28m    [34m[31m    let theme_name = match opt.theme {[0m
[34m[38;5;88m 127[34m[38;5;28m    [34m[31m        Some(ref theme) => {[0m
[34m[38;5;88m 128[34m[38;5;28m    [34m[31m            if !theme_set.themes.contains_key(theme.as_str()) {[0m
[34m[38;5;88m 129[34m[38;5;28m    [34m[31m                eprintln!("Invalid theme: '{}'", theme);[0m
[34m[38;5;88m 130[34m[38;5;28m    [34m[31m                process::exit(1);[0m
[34m[38;5;88m 131[34m[38;5;28m    [34m[31m            }[0m
[34m[38;5;88m 132[34m[38;5;28m    [34m[31m            theme[0m
[34m[38;5;88m 133[34m[38;5;28m    [34m[31m        }[0m
[34m[38;5;88m 134[34m[38;5;28m    [34m[31m        None => {[0m
[34m[38;5;88m 135[34m[38;5;28m    [34m[31m            if !(opt.light || opt.dark) {[0m
[34m[38;5;88m 136[34m[38;5;28m    [34m[31m                opt.light = true;[0m
[34m[38;5;88m 137[34m[38;5;28m    [34m[31m            }[0m
[34m[38;5;88m 138[34m[38;5;28m    [34m[31m            match opt.light {[0m
[34m[38;5;88m 139[34m[38;5;28m    [34m[31m                true => "InspiredGitHub",[0m
[34m[38;5;88m 140[34m[38;5;28m    [34m[31m                false => "base16-mocha.dark",[0m
[34m[38;5;88m 141[34m[38;5;28m    [34m[31m            }[0m
[34m[38;5;88m 142[34m[38;5;28m    [34m[31m        }[0m
[34m[38;5;88m 143[34m[38;5;28m    [34m[31m    };[0m
[34m[38;5;88m 144[34m[38;5;28m    [34m[31m    let minus_color = opt.minus_color.as_ref().and_then([0m
[34m[38;5;88m 145[34m[38;5;28m    [34m[31m        |s| Color::from_str(s).ok(),[0m
[34m[38;5;88m 146[34m[38;5;28m    [34m[31m    );[0m
[34m[38;5;88m 147[34m[38;5;28m    [34m[31m    let plus_color = opt.plus_color.as_ref().and_then([0m
[34m[38;5;88m 148[34m[38;5;28m    [34m[31m        |s| Color::from_str(s).ok(),[0m
[34m[38;5;88m 149[34m[38;5;28m    [34m[31m    );[0m
[34m[38;5;88m    [34m[38;5;28m 125[34m[0m
[34m[38;2;68;68;68m 150[34m[38;2;68;68;68m 126[34m[0m    paint::get_config(
[34m[38;5;88m 151[34m[38;5;28m    [34m[31m        [1;7m&[0m[31mtheme_set[1;7m.themes[theme_name][0m[31m,[0m
[34m[38;5;88m 152[34m[38;5;28m    [34m[31m        theme_name,[0m
[34m[38;5;88m 153[34m[38;5;28m    [34m[31m        plus_color,[0m
[34m[38;5;88m 154[34m[38;5;28m    [34m[31m        minus_color,[0m
[34m[38;5;88m    [34m[38;5;28m 127[34m[32m        &opt.theme,[0m
[34m[38;5;88m    [34m[38;5;28m 128[34m[32m        theme_set,[0m
[34m[38;5;88m    [34m[38;5;28m 129[34m[32m        opt.dark,[0m
[34m[38;5;88m    [34m[38;5;28m 130[34m[32m        [1;7m&opt.[0m[32mplus_color,[0m
[34m[38;5;88m    [34m[38;5;28m 131[34m[32m        [1;7m&opt.[0m[32mminus_color,[0m
[34m[38;2;68;68;68m 155[34m[38;2;68;68;68m 132[34m[0m        opt.width,
[34m[38;2;68;68;68m 156[34m[38;2;68;68;68m 133[34m[0m    )
[34m[38;2;68;68;68m 157[34m[38;2;68;68;68m 134[34m[0m}

[34mΔ src/paint.rs[0m
[34m────────────────────────────────────────────────────────────────────────────────[0m

[34m[38;2;68;68;68m  1 [34m[38;2;68;68;68m  1 [34m[0muse std::fmt::Write;
[34m[38;5;88m    [34m[38;5;28m  2 [34m[32muse std::process;[0m
[34m[38;5;88m    [34m[38;5;28m  3 [34m[32muse std::str::FromStr;[0m
[34m[38;2;68;68;68m  2 [34m[38;2;68;68;68m  4 [34m[0m
[34m[38;2;68;68;68m  3 [34m[38;2;68;68;68m  5 [34m[0muse syntect::easy::HighlightLines;
[34m[38;5;88m  4 [34m[38;5;28m    [34m[31muse syntect::highlighting::{Color, Style, Theme};[0m
[34m[38;5;88m    [34m[38;5;28m  6 [34m[32muse syntect::highlighting::{Color, Style, Theme[1;7m, ThemeSet[0m[32m};[0m
[34m[38;2;68;68;68m  5 [34m[38;2;68;68;68m  7 [34m[0muse syntect::parsing::{SyntaxReference, SyntaxSet};
[34m[38;2;68;68;68m  6 [34m[38;2;68;68;68m  8 [34m[0m
[34m[38;2;68;68;68m  7 [34m[38;2;68;68;68m  9 [34m[0mpub const DARK_THEMES: [&str; 4] = [

[34m─────────────────────────────────────────────────[0m[34m┐[0m
[34m•[0m  const DARK_THEME_MINUS_COLOR: Color = Color { [34m│[0m
[34m─────────────────────────────────────────────────[0m[34m┘[0m
[34m[38;2;68;68;68m 40 [34m[38;2;68;68;68m 42 [34m[0m};
[34m[38;2;68;68;68m 41 [34m[38;2;68;68;68m 43 [34m[0m
[34m[38;2;68;68;68m 42 [34m[38;2;68;68;68m 44 [34m[0mpub struct Config<'a> {
[34m[38;5;88m 43 [34m[38;5;28m    [34m[31m    [1;7mpub [0m[31mtheme: &'a Theme,[0m
[34m[38;5;88m    [34m[38;5;28m 45 [34m[32m    theme: &'a Theme,[0m
[34m[38;2;68;68;68m 44 [34m[38;2;68;68;68m 46 [34m[0m    plus_color: Color,
[34m[38;2;68;68;68m 45 [34m[38;2;68;68;68m 47 [34m[0m    minus_color: Color,
[34m[38;2;68;68;68m 46 [34m[38;2;68;68;68m 48 [34m[0m    pub syntax_set: SyntaxSet,
[34m[38;5;88m 47 [34m[38;5;28m    [34m[31m    [1;7mpub [0m[31mwidth: Option<usize>,[0m
[34m[38;5;88m    [34m[38;5;28m 49 [34m[32m    width: Option<usize>,[0m
[34m[38;2;68;68;68m 48 [34m[38;2;68;68;68m 50 [34m[0m}
[34m[38;2;68;68;68m 49 [34m[38;2;68;68;68m 51 [34m[0m
[34m[38;2;68;68;68m 50 [34m[38;2;68;68;68m 52 [34m[0mpub fn get_config<'a>(
[34m[38;5;88m 51 [34m[38;5;28m    [34m[31m    theme: &[1;7m'a Theme[0m[31m,[0m
[34m[38;5;88m 52 [34m[38;5;28m    [34m[31m    theme_name: &'a str,[0m
[34m[38;5;88m 53 [34m[38;5;28m    [34m[31m    plus_color: Option<Color>,[0m
[34m[38;5;88m 54 [34m[38;5;28m    [34m[31m    minus_color: Option<Color>,[0m
[34m[38;5;88m    [34m[38;5;28m 53 [34m[32m    theme: &[1;7mOption<String>[0m[32m,[0m
[34m[38;5;88m    [34m[38;5;28m 54 [34m[32m    theme_set: &'a ThemeSet,[0m
[34m[38;5;88m    [34m[38;5;28m 55 [34m[32m    dark: bool,[0m
[34m[38;5;88m    [34m[38;5;28m 56 [34m[32m    plus_color_str: &Option<String>,[0m
[34m[38;5;88m    [34m[38;5;28m 57 [34m[32m    minus_color_str: &Option<String>,[0m
[34m[38;2;68;68;68m 55 [34m[38;2;68;68;68m 58 [34m[0m    width: Option<usize>,
[34m[38;2;68;68;68m 56 [34m[38;2;68;68;68m 59 [34m[0m) -> Config<'a> {
[34m[38;2;68;68;68m 57 [34m[38;2;68;68;68m 60 [34m[0m
[34m[38;5;88m 58 [34m[38;5;28m    [34m[31m    let [1;7mis_dark[0m[31m = DARK_THEMES.contains(&theme_name);[0m
[34m[38;5;88m    [34m[38;5;28m 61 [34m[32m    let theme_name = match theme {[0m
[34m[38;5;88m    [34m[38;5;28m 62 [34m[32m        Some(ref theme) => {[0m
[34m[38;5;88m    [34m[38;5;28m 63 [34m[32m            if !theme_set.themes.contains_key(theme.as_str()) {[0m
[34m[38;5;88m    [34m[38;5;28m 64 [34m[32m                eprintln!("Invalid theme: '{}'", theme);[0m
[34m[38;5;88m    [34m[38;5;28m 65 [34m[32m                process::exit(1);[0m
[34m[38;5;88m    [34m[38;5;28m 66 [34m[32m            }[0m
[34m[38;5;88m    [34m[38;5;28m 67 [34m[32m            theme[0m
[34m[38;5;88m    [34m[38;5;28m 68 [34m[32m        }[0m
[34m[38;5;88m    [34m[38;5;28m 69 [34m[32m        None => {[0m
[34m[38;5;88m    [34m[38;5;28m 70 [34m[32m            match dark {[0m
[34m[38;5;88m    [34m[38;5;28m 71 [34m[32m                true => "base16-mocha.dark",[0m
[34m[38;5;88m    [34m[38;5;28m 72 [34m[32m                false => "InspiredGitHub",[0m
[34m[38;5;88m    [34m[38;5;28m 73 [34m[32m            }[0m
[34m[38;5;88m    [34m[38;5;28m 74 [34m[32m        }[0m
[34m[38;5;88m    [34m[38;5;28m 75 [34m[32m    };[0m
[34m[38;5;88m    [34m[38;5;28m 76 [34m[32m    let minus_color = minus_color_str.as_ref().and_then([0m
[34m[38;5;88m    [34m[38;5;28m 77 [34m[32m        |s| Color::from_str(s).ok(),[0m
[34m[38;5;88m    [34m[38;5;28m 78 [34m[32m    );[0m
[34m[38;5;88m    [34m[38;5;28m 79 [34m[32m    let plus_color = plus_color_str.as_ref().and_then([0m
[34m[38;5;88m    [34m[38;5;28m 80 [34m[32m        |s| Color::from_str(s).ok(),[0m
[34m[38;5;88m    [34m[38;5;28m 81 [34m[32m    );[0m
[34m[38;5;88m    [34m[38;5;28m 82 [34m[0m
[34m[38;5;88m    [34m[38;5;28m 83 [34m[32m    let [1;7mis_dark_theme[0m[32m = DARK_THEMES.contains(&theme_name);[0m
[34m[38;2;68;68;68m 59 [34m[38;2;68;68;68m 84 [34m[0m
[34m[38;2;68;68;68m 60 [34m[38;2;68;68;68m 85 [34m[0m    Config {
[34m[38;5;88m 61 [34m[38;5;28m    [34m[31m        theme: theme,[0m
[34m[38;5;88m 62 [34m[38;5;28m    [34m[31m        plus_color: plus_color.unwrap_or_else(|| if [1;7mis_dark[0m[31m {[0m
[34m[38;5;88m    [34m[38;5;28m 86 [34m[32m        theme: &theme_set.themes[theme_name],[0m
[34m[38;5;88m    [34m[38;5;28m 87 [34m[32m        plus_color: plus_color.unwrap_or_else(|| if [1;7mis_dark_theme[0m[32m {[0m
[34m[38;2;68;68;68m 63 [34m[38;2;68;68;68m 88 [34m[0m            DARK_THEME_PLUS_COLOR
[34m[38;2;68;68;68m 64 [34m[38;2;68;68;68m 89 [34m[0m        } else {
[34m[38;2;68;68;68m 65 [34m[38;2;68;68;68m 90 [34m[0m            LIGHT_THEME_PLUS_COLOR
[34m[38;2;68;68;68m 66 [34m[38;2;68;68;68m 91 [34m[0m        }),
[34m[38;5;88m 67 [34m[38;5;28m    [34m[31m        minus_color: minus_color.unwrap_or_else(|| if [1;7mis_dark[0m[31m {[0m
[34m[38;5;88m    [34m[38;5;28m 92 [34m[32m        minus_color: minus_color.unwrap_or_else(|| if [1;7mis_dark_theme[0m[32m {[0m
[34m[38;2;68;68;68m 68 [34m[38;2;68;68;68m 93 [34m[0m            DARK_THEME_MINUS_COLOR
[34m[38;2;68;68;68m 69 [34m[38;2;68;68;68m 94 [34m[0m        } else {
[34m[38;2;68;68;68m 70 [34m[38;2;68;68;68m 95 [34m[0m            LIGHT_THEME_MINUS_COLOR
