commit 76bf59b8a57bd081f74707c2462bdec18d64c800
Author:     Dan Davison <dandavison7@gmail.com>
AuthorDate: Tue Jun 25 08:49:30 2019 -0400
Commit:     Dan Davison <dandavison7@gmail.com>
CommitDate: Tue Jun 25 08:49:30 2019 -0400

    Reuse a buffer for output strings


[34mΔ src/main.rs[0m
[34m────────────────────────────────────────────────────────────────────────────────[0m

[34m───────────────[0m[34m┐[0m
[34m•[0m  fn main() { [34m│[0m
[34m───────────────[0m[34m┘[0m
[34m[38;2;68;68;68m 31 [34m[38;2;68;68;68m 31 [34m[0m    let ts = ThemeSet::load_defaults();
[34m[38;2;68;68;68m 32 [34m[38;2;68;68;68m 32 [34m[0m    let theme = &ts.themes[DELTA_THEME_DEFAULT];
[34m[38;2;68;68;68m 33 [34m[38;2;68;68;68m 33 [34m[0m    let mut input = String::new();
[34m[38;5;88m    [34m[38;5;28m 34 [34m[32m    let mut output = String::new();[0m
[34m[38;5;88m    [34m[38;5;28m 35 [34m[0m
[34m[38;2;68;68;68m 34 [34m[38;2;68;68;68m 36 [34m[0m    io::stdin().read_to_string(&mut input).expect(
[34m[38;2;68;68;68m 35 [34m[38;2;68;68;68m 37 [34m[0m        "Error reading input",
[34m[38;2;68;68;68m 36 [34m[38;2;68;68;68m 38 [34m[0m    );

[34m───────────────[0m[34m┐[0m
[34m•[0m  fn main() { [34m│[0m
[34m───────────────[0m[34m┘[0m
[34m[38;2;68;68;68m 60 [34m[38;2;68;68;68m 62 [34m[0m                            _ => None,
[34m[38;2;68;68;68m 61 [34m[38;2;68;68;68m 63 [34m[0m                        };
[34m[38;2;68;68;68m 62 [34m[38;2;68;68;68m 64 [34m[0m                        let ranges: Vec<(Style, &str)> = highlighter.highlight(line, &ps);
[34m[38;5;88m 63 [34m[38;5;28m    [34m[31m                        [1;7mlet escaped = [0m[31mmy_as_24_bit_terminal_escaped(&ranges[..], background_color);[0m
[34m[38;5;88m 64 [34m[38;5;28m    [34m[31m                        print!("{}", [1;7mescaped[0m[31m);[0m
[34m[38;5;88m    [34m[38;5;28m 65 [34m[32m                        my_as_24_bit_terminal_escaped(&ranges[..], background_color[1;7m, &mut output[0m[32m);[0m
[34m[38;5;88m    [34m[38;5;28m 66 [34m[32m                        print!("{}", [1;7moutput[0m[32m);[0m
[34m[38;5;88m    [34m[38;5;28m 67 [34m[32m                        output.truncate(0);[0m
[34m[38;2;68;68;68m 65 [34m[38;2;68;68;68m 68 [34m[0m                    }
[34m[38;2;68;68;68m 66 [34m[38;2;68;68;68m 69 [34m[0m                }
[34m[38;2;68;68;68m 67 [34m[38;2;68;68;68m 70 [34m[0m            }

[34m───────────────[0m[34m┐[0m
[34m•[0m  fn main() { [34m│[0m
[34m───────────────[0m[34m┘[0m
[34m[38;2;68;68;68m 77 [34m[38;2;68;68;68m 80 [34m[0m    println!("");
[34m[38;2;68;68;68m 78 [34m[38;2;68;68;68m 81 [34m[0m}
[34m[38;2;68;68;68m 79 [34m[38;2;68;68;68m 82 [34m[0m
[34m[38;5;88m 80 [34m[38;5;28m    [34m[31mfn my_as_24_bit_terminal_escaped([1;7mv: &[(Style, &str)], background_color: Option<Color>) -> String {[0m
[34m[38;5;88m 81 [34m[38;5;28m    [34m[31m    let mut s: String = String::new();[0m
[34m[38;5;88m    [34m[38;5;28m 83 [34m[32mfn my_as_24_bit_terminal_escaped([0m
[34m[38;5;88m    [34m[38;5;28m 84 [34m[32m    v: &[(Style, &str)],[0m
[34m[38;5;88m    [34m[38;5;28m 85 [34m[32m    background_color: Option<Color>,[0m
[34m[38;5;88m    [34m[38;5;28m 86 [34m[32m    buf: &mut String,[0m
[34m[38;5;88m    [34m[38;5;28m 87 [34m[32m) -> () {[0m
[34m[38;2;68;68;68m 82 [34m[38;2;68;68;68m 88 [34m[0m    for &(ref style, text) in v.iter() {
[34m[38;2;68;68;68m 83 [34m[38;2;68;68;68m 89 [34m[0m        match background_color {
[34m[38;2;68;68;68m 84 [34m[38;2;68;68;68m 90 [34m[0m            Some(background_color) => {
[34m[38;2;68;68;68m 85 [34m[38;2;68;68;68m 91 [34m[0m                write!(
[34m[38;5;88m 86 [34m[38;5;28m    [34m[31m                    s,[0m
[34m[38;5;88m    [34m[38;5;28m 92 [34m[32m                    buf,[0m
[34m[38;2;68;68;68m 87 [34m[38;2;68;68;68m 93 [34m[0m                    "\x1b[48;2;{};{};{}m",
[34m[38;2;68;68;68m 88 [34m[38;2;68;68;68m 94 [34m[0m                    background_color.r,
[34m[38;2;68;68;68m 89 [34m[38;2;68;68;68m 95 [34m[0m                    background_color.g,

[34m────────────────────────────────────────────────────────────────────────────────────[0m[34m┐[0m
[34m•[0m  fn my_as_24_bit_terminal_escaped(v: &[(Style, &str)], background_color: Option<C [34m│[0m
[34m────────────────────────────────────────────────────────────────────────────────────[0m[34m┘[0m
[34m[38;2;68;68;68m 93 [34m[38;2;68;68;68m 99 [34m[0m            None => (),
[34m[38;2;68;68;68m 94 [34m[38;2;68;68;68m 100[34m[0m        }
[34m[38;2;68;68;68m 95 [34m[38;2;68;68;68m 101[34m[0m        write!(
[34m[38;5;88m 96 [34m[38;5;28m    [34m[31m            s,[0m
[34m[38;5;88m    [34m[38;5;28m 102[34m[32m            buf,[0m
[34m[38;2;68;68;68m 97 [34m[38;2;68;68;68m 103[34m[0m            "\x1b[38;2;{};{};{}m{}",
[34m[38;2;68;68;68m 98 [34m[38;2;68;68;68m 104[34m[0m            style.foreground.r,
[34m[38;2;68;68;68m 99 [34m[38;2;68;68;68m 105[34m[0m            style.foreground.g,

[34m────────────────────────────────────────────────────────────────────────────────────[0m[34m┐[0m
[34m•[0m  fn my_as_24_bit_terminal_escaped(v: &[(Style, &str)], background_color: Option<C [34m│[0m
[34m────────────────────────────────────────────────────────────────────────────────────[0m[34m┘[0m
[34m[38;2;68;68;68m 101[34m[38;2;68;68;68m 107[34m[0m            text
[34m[38;2;68;68;68m 102[34m[38;2;68;68;68m 108[34m[0m        ).unwrap();
[34m[38;2;68;68;68m 103[34m[38;2;68;68;68m 109[34m[0m    }
[34m[38;5;88m 104[34m[38;5;28m    [34m[31m    [1;7ms[0m[31m.push_str("\x1b[0m");[0m
[34m[38;5;88m 105[34m[38;5;28m    [34m[31m    s[0m
[34m[38;5;88m    [34m[38;5;28m 110[34m[32m    [1;7mbuf[0m[32m.push_str("\x1b[0m");[0m
[34m[38;2;68;68;68m 106[34m[38;2;68;68;68m 111[34m[0m}
