commit 950a78a78d315a08ec95621e329b088fe5284b14
Author:     Dan Davison <dandavison7@gmail.com>
AuthorDate: Sun Jun 30 17:35:54 2019 -0400
Commit:     Dan Davison <dandavison7@gmail.com>
CommitDate: Sun Jun 30 18:28:23 2019 -0400

    rustfmt


[34mΔ src/output.rs[0m
[34m────────────────────────────────────────────────────────────────────────────────[0m

[34m─────────────────────[0m[34m┐[0m
[34m•[0m  impl OutputType { [34m│[0m
[34m─────────────────────[0m[34m┘[0m
[34m[38;2;68;68;68m 63 [34m[38;2;68;68;68m 63 [34m[0m            replace_arguments_to_less = false;
[34m[38;2;68;68;68m 64 [34m[38;2;68;68;68m 64 [34m[0m        }
[34m[38;2;68;68;68m 65 [34m[38;2;68;68;68m 65 [34m[0m
[34m[38;5;88m 66 [34m[38;5;28m    [34m[31m        let pager = pager_from_config[0m
[34m[38;5;88m 67 [34m[38;5;28m    [34m[31m            .or(pager_from_env)[0m
[34m[38;5;88m 68 [34m[38;5;28m    [34m[31m            [1;7m.unwrap_or_else([0m[31m|| String::from("less")[1;7m);[0m
[34m[38;5;88m    [34m[38;5;28m 66 [34m[32m        let pager = pager_from_config[1;7m.or(pager_from_env).unwrap_or_else([0m
[34m[38;5;88m    [34m[38;5;28m 67 [34m[32m            || String::from("less")[1;7m,[0m
[34m[38;5;88m    [34m[38;5;28m 68 [34m[32m        );[0m
[34m[38;2;68;68;68m 69 [34m[38;2;68;68;68m 69 [34m[0m
[34m[38;5;88m 70 [34m[38;5;28m    [34m[31m        let pagerflags =[0m
[34m[38;5;88m 71 [34m[38;5;28m    [34m[31m            [1;7mshell_words::split(&pager).chain_err([0m[31m|| "Could not parse pager command."[1;7m)?;[0m
[34m[38;5;88m    [34m[38;5;28m 70 [34m[32m        let pagerflags =[1;7m shell_words::split(&pager).chain_err([0m
[34m[38;5;88m    [34m[38;5;28m 71 [34m[32m            || "Could not parse pager command."[1;7m,[0m
[34m[38;5;88m    [34m[38;5;28m 72 [34m[32m        )?;[0m
[34m[38;2;68;68;68m 72 [34m[38;2;68;68;68m 73 [34m[0m
[34m[38;2;68;68;68m 73 [34m[38;2;68;68;68m 74 [34m[0m        match pagerflags.split_first() {
[34m[38;2;68;68;68m 74 [34m[38;2;68;68;68m 75 [34m[0m            Some((pager_name, args)) => {

[34m─────────────────────[0m[34m┐[0m
[34m•[0m  impl OutputType { [34m│[0m
[34m─────────────────────[0m[34m┘[0m
[34m[38;2;68;68;68m 98 [34m[38;2;68;68;68m 99 [34m[0m                    p
[34m[38;2;68;68;68m 99 [34m[38;2;68;68;68m 100[34m[0m                };
[34m[38;2;68;68;68m 100[34m[38;2;68;68;68m 101[34m[0m
[34m[38;5;88m 101[34m[38;5;28m    [34m[31m                Ok([1;7mprocess[0m
[34m[38;5;88m 102[34m[38;5;28m    [34m[31m                    .stdin(Stdio::piped())[0m
[34m[38;5;88m 103[34m[38;5;28m    [34m[31m                    .spawn()[0m
[34m[38;5;88m 104[34m[38;5;28m    [34m[31m                    .map(OutputType::Pager)[0m
[34m[38;5;88m 105[34m[38;5;28m    [34m[31m                    .unwrap_or_else(|_| OutputType::stdout())[1;7m)[0m
[34m[38;5;88m    [34m[38;5;28m 102[34m[32m                Ok([0m
[34m[38;5;88m    [34m[38;5;28m 103[34m[32m                    process[0m
[34m[38;5;88m    [34m[38;5;28m 104[34m[32m                    [1;7m    [0m[32m.stdin(Stdio::piped())[0m
[34m[38;5;88m    [34m[38;5;28m 105[34m[32m                    [1;7m    [0m[32m.spawn()[0m
[34m[38;5;88m    [34m[38;5;28m 106[34m[32m                    [1;7m    [0m[32m.map(OutputType::Pager)[0m
[34m[38;5;88m    [34m[38;5;28m 107[34m[32m                    [1;7m    [0m[32m.unwrap_or_else(|_| OutputType::stdout())[1;7m,[0m
[34m[38;5;88m    [34m[38;5;28m 108[34m[32m                )[0m
[34m[38;2;68;68;68m 106[34m[38;2;68;68;68m 109[34m[0m            }
[34m[38;2;68;68;68m 107[34m[38;2;68;68;68m 110[34m[0m            None => Ok(OutputType::stdout()),
[34m[38;2;68;68;68m 108[34m[38;2;68;68;68m 111[34m[0m        }

[34m─────────────────────[0m[34m┐[0m
[34m•[0m  impl OutputType { [34m│[0m
[34m─────────────────────[0m[34m┘[0m
[34m[38;2;68;68;68m 114[34m[38;2;68;68;68m 117[34m[0m
[34m[38;2;68;68;68m 115[34m[38;2;68;68;68m 118[34m[0m    pub fn handle(&mut self) -> Result<&mut Write> {
[34m[38;2;68;68;68m 116[34m[38;2;68;68;68m 119[34m[0m        Ok(match *self {
[34m[38;5;88m 117[34m[38;5;28m    [34m[31m            OutputType::Pager(ref mut command) => [1;7mcommand[0m
[34m[38;5;88m 118[34m[38;5;28m    [34m[31m                .stdin[0m
[34m[38;5;88m 119[34m[38;5;28m    [34m[31m                .as_mut()[0m
[34m[38;5;88m 120[34m[38;5;28m    [34m[31m                [1;7m.chain_err([0m[31m|| "Could not open stdin for pager"[1;7m)?[0m[31m,[0m
[34m[38;5;88m    [34m[38;5;28m 120[34m[32m            OutputType::Pager(ref mut command) => [1;7m{[0m
[34m[38;5;88m    [34m[38;5;28m 121[34m[32m                [1;7mcommand.stdin[0m[32m.as_mut()[1;7m.chain_err([0m
[34m[38;5;88m    [34m[38;5;28m 122[34m[32m                [1;7m    [0m[32m|| "Could not open stdin for pager",[0m
[34m[38;5;88m    [34m[38;5;28m 123[34m[32m                )?[0m
[34m[38;5;88m    [34m[38;5;28m 124[34m[32m            }[0m
[34m[38;2;68;68;68m 121[34m[38;2;68;68;68m 125[34m[0m            OutputType::Stdout(ref mut handle) => handle,
[34m[38;2;68;68;68m 122[34m[38;2;68;68;68m 126[34m[0m        })
[34m[38;2;68;68;68m 123[34m[38;2;68;68;68m 127[34m[0m    }
