commit d3262c8f76cf93ffe1860916dabf1a38907861e0
Author:     Dan Davison <dandavison7@gmail.com>
AuthorDate: Thu Jun 27 11:02:24 2019 -0400
Commit:     Dan Davison <dandavison7@gmail.com>
CommitDate: Thu Jun 27 11:11:46 2019 -0400

    Set unused alpha values to FF


[34mΔ src/paint.rs[0m
[34m────────────────────────────────────────────────────────────────────────────────[0m

[34m─────────────────────────────────────────────────[0m[34m┐[0m
[34m•[0m  const LIGHT_THEME_PLUS_COLOR: Color = Color { [34m│[0m
[34m─────────────────────────────────────────────────[0m[34m┘[0m
[34m[38;2;68;68;68m 15 [34m[38;2;68;68;68m 15 [34m[0m    r: 0xd0,
[34m[38;2;68;68;68m 16 [34m[38;2;68;68;68m 16 [34m[0m    g: 0xff,
[34m[38;2;68;68;68m 17 [34m[38;2;68;68;68m 17 [34m[0m    b: 0xd0,
[34m[38;5;88m 18 [34m[38;5;28m    [34m[31m    a: [1;7m0x00[0m[31m,[0m
[34m[38;5;88m    [34m[38;5;28m 18 [34m[32m    a: [1;7m0xff[0m[32m,[0m
[34m[38;2;68;68;68m 19 [34m[38;2;68;68;68m 19 [34m[0m};
[34m[38;2;68;68;68m 20 [34m[38;2;68;68;68m 20 [34m[0m
[34m[38;2;68;68;68m 21 [34m[38;2;68;68;68m 21 [34m[0mconst LIGHT_THEME_MINUS_COLOR: Color = Color {
[34m[38;2;68;68;68m 22 [34m[38;2;68;68;68m 22 [34m[0m    r: 0xff,
[34m[38;2;68;68;68m 23 [34m[38;2;68;68;68m 23 [34m[0m    g: 0xd0,
[34m[38;2;68;68;68m 24 [34m[38;2;68;68;68m 24 [34m[0m    b: 0xd0,
[34m[38;5;88m 25 [34m[38;5;28m    [34m[31m    a: [1;7m0x00[0m[31m,[0m
[34m[38;5;88m    [34m[38;5;28m 25 [34m[32m    a: [1;7m0xff[0m[32m,[0m
[34m[38;2;68;68;68m 26 [34m[38;2;68;68;68m 26 [34m[0m};
[34m[38;2;68;68;68m 27 [34m[38;2;68;68;68m 27 [34m[0m
[34m[38;2;68;68;68m 28 [34m[38;2;68;68;68m 28 [34m[0mconst DARK_THEME_PLUS_COLOR: Color = Color {
[34m[38;2;68;68;68m 29 [34m[38;2;68;68;68m 29 [34m[0m    r: 0x01,
[34m[38;2;68;68;68m 30 [34m[38;2;68;68;68m 30 [34m[0m    g: 0x3B,
[34m[38;2;68;68;68m 31 [34m[38;2;68;68;68m 31 [34m[0m    b: 0x01,
[34m[38;5;88m 32 [34m[38;5;28m    [34m[31m    a: [1;7m0x00[0m[31m,[0m
[34m[38;5;88m    [34m[38;5;28m 32 [34m[32m    a: [1;7m0xff[0m[32m,[0m
[34m[38;2;68;68;68m 33 [34m[38;2;68;68;68m 33 [34m[0m};
[34m[38;2;68;68;68m 34 [34m[38;2;68;68;68m 34 [34m[0m
[34m[38;2;68;68;68m 35 [34m[38;2;68;68;68m 35 [34m[0mconst DARK_THEME_MINUS_COLOR: Color = Color {
[34m[38;2;68;68;68m 36 [34m[38;2;68;68;68m 36 [34m[0m    r: 0x3F,
[34m[38;2;68;68;68m 37 [34m[38;2;68;68;68m 37 [34m[0m    g: 0x00,
[34m[38;2;68;68;68m 38 [34m[38;2;68;68;68m 38 [34m[0m    b: 0x01,
[34m[38;5;88m 39 [34m[38;5;28m    [34m[31m    a: [1;7m0x00[0m[31m,[0m
[34m[38;5;88m    [34m[38;5;28m 39 [34m[32m    a: [1;7m0xff[0m[32m,[0m
[34m[38;2;68;68;68m 40 [34m[38;2;68;68;68m 40 [34m[0m};
[34m[38;2;68;68;68m 41 [34m[38;2;68;68;68m 41 [34m[0m
[34m[38;2;68;68;68m 42 [34m[38;2;68;68;68m 42 [34m[0m/// Write line to buffer with color escape codes applied.
