commit 299904b493ebc17b586ae4df3cae8312331ae8dc
Author:     Dan Davison <dandavison7@gmail.com>
AuthorDate: Sun Jun 30 17:01:26 2019 -0400
Commit:     Dan Davison <dandavison7@gmail.com>
CommitDate: Sun Jun 30 17:06:07 2019 -0400

    Classify themes as light vs dark in --list-themes output


[34mΔ src/assets.rs[0m
[34m────────────────────────────────────────────────────────────────────────────────[0m

[34m────────────────────────────────────────────────────[0m[34m┐[0m
[34m•[0m  pub fn list_languages() -> std::io::Result<()> { [34m│[0m
[34m────────────────────────────────────────────────────[0m[34m┘[0m
[34m[38;2;68;68;68m 116[34m[38;2;68;68;68m 116[34m[0m
[34m[38;2;68;68;68m 117[34m[38;2;68;68;68m 117[34m[0m    Ok(())
[34m[38;2;68;68;68m 118[34m[38;2;68;68;68m 118[34m[0m}
[34m[38;5;88m 119[34m[38;5;28m    [34m[0m
[34m[38;5;88m 120[34m[38;5;28m    [34m[31mpub fn list_themes() -> std::io::Result<()> {[0m
[34m[38;5;88m 121[34m[38;5;28m    [34m[31m    let assets = HighlightingAssets::new();[0m
[34m[38;5;88m 122[34m[38;5;28m    [34m[31m    let themes = &assets.theme_set.themes;[0m
[34m[38;5;88m 123[34m[38;5;28m    [34m[31m    let stdout = io::stdout();[0m
[34m[38;5;88m 124[34m[38;5;28m    [34m[31m    let mut stdout = stdout.lock();[0m
[34m[38;5;88m 125[34m[38;5;28m    [34m[0m
[34m[38;5;88m 126[34m[38;5;28m    [34m[31m    for (theme, _) in themes.iter() {[0m
[34m[38;5;88m 127[34m[38;5;28m    [34m[31m        writeln!(stdout, "{}", theme)?;[0m
[34m[38;5;88m 128[34m[38;5;28m    [34m[31m    }[0m
[34m[38;5;88m 129[34m[38;5;28m    [34m[0m
[34m[38;5;88m 130[34m[38;5;28m    [34m[31m    Ok(())[0m
[34m[38;5;88m 131[34m[38;5;28m    [34m[31m}[0m

[34mΔ src/main.rs[0m
[34m────────────────────────────────────────────────────────────────────────────────[0m

[34m───────────────────[0m[34m┐[0m
[34m•[0m  mod parse_diff; [34m│[0m
[34m───────────────────[0m[34m┘[0m
[34m[38;2;68;68;68m  5 [34m[38;2;68;68;68m  5 [34m[0muse std::io::{self, BufRead, ErrorKind, Read, Write};
[34m[38;2;68;68;68m  6 [34m[38;2;68;68;68m  6 [34m[0muse std::process;
[34m[38;2;68;68;68m  7 [34m[38;2;68;68;68m  7 [34m[0m
[34m[38;5;88m  8 [34m[38;5;28m    [34m[31muse assets::{HighlightingAssets, list_languages[1;7m, list_themes[0m[31m};[0m
[34m[38;5;88m    [34m[38;5;28m  8 [34m[32muse assets::{HighlightingAssets, list_languages};[0m
[34m[38;2;68;68;68m  9 [34m[38;2;68;68;68m  9 [34m[0muse console::strip_ansi_codes;
[34m[38;2;68;68;68m 10 [34m[38;2;68;68;68m 10 [34m[0muse structopt::StructOpt;
[34m[38;2;68;68;68m 11 [34m[38;2;68;68;68m 11 [34m[0muse syntect::parsing::SyntaxReference;

[34m───────────────────────────────────────────────────────────────────────────[0m[34m┐[0m
[34m•[0m  fn compare_themes(assets: &HighlightingAssets) -> std::io::Result<()> { [34m│[0m
[34m───────────────────────────────────────────────────────────────────────────[0m[34m┘[0m
[34m[38;2;68;68;68m 218[34m[38;2;68;68;68m 218[34m[0m
[34m[38;2;68;68;68m 219[34m[38;2;68;68;68m 219[34m[0m    Ok(())
[34m[38;2;68;68;68m 220[34m[38;2;68;68;68m 220[34m[0m}
[34m[38;5;88m    [34m[38;5;28m 221[34m[0m
[34m[38;5;88m    [34m[38;5;28m 222[34m[0m
[34m[38;5;88m    [34m[38;5;28m 223[34m[32mpub fn list_themes() -> std::io::Result<()> {[0m
[34m[38;5;88m    [34m[38;5;28m 224[34m[32m    let assets = HighlightingAssets::new();[0m
[34m[38;5;88m    [34m[38;5;28m 225[34m[32m    let themes = &assets.theme_set.themes;[0m
[34m[38;5;88m    [34m[38;5;28m 226[34m[32m    let stdout = io::stdout();[0m
[34m[38;5;88m    [34m[38;5;28m 227[34m[32m    let mut stdout = stdout.lock();[0m
[34m[38;5;88m    [34m[38;5;28m 228[34m[0m
[34m[38;5;88m    [34m[38;5;28m 229[34m[32m    writeln!(stdout, "Light themes:")?;[0m
[34m[38;5;88m    [34m[38;5;28m 230[34m[32m    for (theme, _) in themes.iter() {[0m
[34m[38;5;88m    [34m[38;5;28m 231[34m[32m        if paint::is_light_theme(theme) {[0m
[34m[38;5;88m    [34m[38;5;28m 232[34m[32m            writeln!(stdout, "    {}", theme)?;[0m
[34m[38;5;88m    [34m[38;5;28m 233[34m[32m        }[0m
[34m[38;5;88m    [34m[38;5;28m 234[34m[32m    }[0m
[34m[38;5;88m    [34m[38;5;28m 235[34m[32m    writeln!(stdout, "Dark themes:")?;[0m
[34m[38;5;88m    [34m[38;5;28m 236[34m[32m    for (theme, _) in themes.iter() {[0m
[34m[38;5;88m    [34m[38;5;28m 237[34m[32m        if !paint::is_light_theme(theme) {[0m
[34m[38;5;88m    [34m[38;5;28m 238[34m[32m            writeln!(stdout, "    {}", theme)?;[0m
[34m[38;5;88m    [34m[38;5;28m 239[34m[32m        }[0m
[34m[38;5;88m    [34m[38;5;28m 240[34m[32m    }[0m
[34m[38;5;88m    [34m[38;5;28m 241[34m[32m    Ok(())[0m
[34m[38;5;88m    [34m[38;5;28m 242[34m[32m}[0m

[34mΔ src/paint.rs[0m
[34m────────────────────────────────────────────────────────────────────────────────[0m

[34m─────────────────────────────────────────[0m[34m┐[0m
[34m•[0m  pub const LIGHT_THEMES: [&str; 4] = [ [34m│[0m
[34m─────────────────────────────────────────[0m[34m┘[0m
[34m[38;2;68;68;68m 12 [34m[38;2;68;68;68m 12 [34m[0m    "ansi-light",
[34m[38;2;68;68;68m 13 [34m[38;2;68;68;68m 13 [34m[0m];
[34m[38;2;68;68;68m 14 [34m[38;2;68;68;68m 14 [34m[0m
[34m[38;5;88m    [34m[38;5;28m 15 [34m[32mpub fn is_light_theme(theme: &str) -> bool {[0m
[34m[38;5;88m    [34m[38;5;28m 16 [34m[32m    LIGHT_THEMES.contains(&theme)[0m
[34m[38;5;88m    [34m[38;5;28m 17 [34m[32m}[0m
[34m[38;5;88m    [34m[38;5;28m 18 [34m[0m
[34m[38;2;68;68;68m 15 [34m[38;2;68;68;68m 19 [34m[0mconst LIGHT_THEME_PLUS_COLOR: Color = Color {
[34m[38;2;68;68;68m 16 [34m[38;2;68;68;68m 20 [34m[0m    r: 0xd0,
[34m[38;2;68;68;68m 17 [34m[38;2;68;68;68m 21 [34m[0m    g: 0xff,
