commit c4f5d2eae3f96a8c37a4a242dd35f1bb93c1a0e0
Author:     Dan Davison <dandavison7@gmail.com>
AuthorDate: Tue Jul 2 10:41:35 2019 -0400
Commit:     Dan Davison <dandavison7@gmail.com>
CommitDate: Tue Jul 2 23:19:50 2019 -0400

    rustfmt: new version


[34mΔ src/main.rs[0m
[34m────────────────────────────────────────────────────────────────────────────────[0m

[34m───────────────────[0m[34m┐[0m
[34m•[0m  mod parse_diff; [34m│[0m
[34m───────────────────[0m[34m┘[0m
[34m[38;2;68;68;68m  9 [34m[38;2;68;68;68m  9 [34m[0muse std::io::{self, BufRead, ErrorKind, Read, Write};
[34m[38;2;68;68;68m 10 [34m[38;2;68;68;68m 10 [34m[0muse std::process;
[34m[38;2;68;68;68m 11 [34m[38;2;68;68;68m 11 [34m[0m
[34m[38;5;88m 12 [34m[38;5;28m    [34m[31muse assets::{HighlightingAssets, list_languages};[0m
[34m[38;5;88m 13 [34m[38;5;28m    [34m[31muse console::{[1;7mTerm[0m[31m, [1;7mstrip_ansi_codes[0m[31m};[0m
[34m[38;5;88m 14 [34m[38;5;28m    [34m[31muse output::{OutputType, PagingMode};[0m
[34m[38;5;88m    [34m[38;5;28m 12 [34m[32muse console::{[1;7mstrip_ansi_codes[0m[32m, [1;7mTerm[0m[32m};[0m
[34m[38;2;68;68;68m 15 [34m[38;2;68;68;68m 13 [34m[0muse structopt::StructOpt;
[34m[38;2;68;68;68m 16 [34m[38;2;68;68;68m 14 [34m[0muse syntect::parsing::SyntaxReference;
[34m[38;2;68;68;68m 17 [34m[38;2;68;68;68m 15 [34m[0m
[34m[38;5;88m    [34m[38;5;28m 16 [34m[32muse crate::assets::{list_languages, HighlightingAssets};[0m
[34m[38;5;88m    [34m[38;5;28m 17 [34m[32muse crate::output::{OutputType, PagingMode};[0m
[34m[38;2;68;68;68m 18 [34m[38;2;68;68;68m 18 [34m[0mmod errors {
[34m[38;2;68;68;68m 19 [34m[38;2;68;68;68m 19 [34m[0m    error_chain! {
[34m[38;2;68;68;68m 20 [34m[38;2;68;68;68m 20 [34m[0m        foreign_links {

[34m──────────────────────────────────────[0m[34m┐[0m
[34m•[0m  fn main() -> std::io::Result<()> { [34m│[0m
[34m──────────────────────────────────────[0m[34m┘[0m
[34m[38;2;68;68;68m 108[34m[38;2;68;68;68m 108[34m[0m        &paint_config,
[34m[38;2;68;68;68m 109[34m[38;2;68;68;68m 109[34m[0m        &assets,
[34m[38;2;68;68;68m 110[34m[38;2;68;68;68m 110[34m[0m    ) {
[34m[38;5;88m 111[34m[38;5;28m    [34m[31m        Err(error) => {[0m
[34m[38;5;88m 112[34m[38;5;28m    [34m[31m            match error.kind() {[0m
[34m[38;5;88m 113[34m[38;5;28m    [34m[31m            [1;7m    [0m[31mErrorKind::BrokenPipe => process::exit(0),[0m
[34m[38;5;88m 114[34m[38;5;28m    [34m[31m            [1;7m    [0m[31m_ => eprintln!("{}", error),[0m
[34m[38;5;88m 115[34m[38;5;28m    [34m[31m        [1;7m    [0m[31m}[0m
[34m[38;5;88m 116[34m[38;5;28m    [34m[31m        }[0m
[34m[38;5;88m    [34m[38;5;28m 111[34m[32m        Err(error) => [1;7mmatch error.kind() [0m[32m{[0m
[34m[38;5;88m    [34m[38;5;28m 112[34m[32m            ErrorKind::BrokenPipe => process::exit(0),[0m
[34m[38;5;88m    [34m[38;5;28m 113[34m[32m            _ => eprintln!("{}", error),[0m
[34m[38;5;88m    [34m[38;5;28m 114[34m[32m        }[1;7m,[0m
[34m[38;2;68;68;68m 117[34m[38;2;68;68;68m 115[34m[0m        _ => (),
[34m[38;2;68;68;68m 118[34m[38;2;68;68;68m 116[34m[0m    };
[34m[38;2;68;68;68m 119[34m[38;2;68;68;68m 117[34m[0m    Ok(())

[34m──────────────────────────────────────────[0m[34m┐[0m
[34m•[0m  fn process_command_line_arguments<'a>( [34m│[0m
[34m──────────────────────────────────────────[0m[34m┘[0m
[34m[38;2;68;68;68m 123[34m[38;2;68;68;68m 121[34m[0m    assets: &'a HighlightingAssets,
[34m[38;2;68;68;68m 124[34m[38;2;68;68;68m 122[34m[0m    opt: &'a Opt,
[34m[38;2;68;68;68m 125[34m[38;2;68;68;68m 123[34m[0m) -> paint::Config<'a> {
[34m[38;5;88m 126[34m[38;5;28m    [34m[0m
[34m[38;2;68;68;68m 127[34m[38;2;68;68;68m 124[34m[0m    if opt.light && opt.dark {
[34m[38;2;68;68;68m 128[34m[38;2;68;68;68m 125[34m[0m        eprintln!("--light and --dark cannot be used together.");
[34m[38;2;68;68;68m 129[34m[38;2;68;68;68m 126[34m[0m        process::exit(1);

[34m──────────────────────────────────────────[0m[34m┐[0m
[34m•[0m  fn process_command_line_arguments<'a>( [34m│[0m
[34m──────────────────────────────────────────[0m[34m┘[0m
[34m[38;2;68;68;68m 156[34m[38;2;68;68;68m 153[34m[0m
[34m[38;2;68;68;68m 157[34m[38;2;68;68;68m 154[34m[0m    let width = match opt.width.as_ref().map(String::as_str) {
[34m[38;2;68;68;68m 158[34m[38;2;68;68;68m 155[34m[0m        Some("variable") => None,
[34m[38;5;88m 159[34m[38;5;28m    [34m[31m        Some(width) => [1;7m{[0m
[34m[38;5;88m 160[34m[38;5;28m    [34m[31m            [1;7mSome(width[0m[31m.parse::<usize>()[1;7m.unwrap_or_else([0m
[34m[38;5;88m 161[34m[38;5;28m    [34m[31m                |_| panic!("Invalid width: {}", width),[0m
[34m[38;5;88m 162[34m[38;5;28m    [34m[31m        [1;7m    )[0m[31m)[0m
[34m[38;5;88m 163[34m[38;5;28m    [34m[31m        }[0m
[34m[38;5;88m    [34m[38;5;28m 156[34m[32m        Some(width) => [1;7mSome([0m
[34m[38;5;88m    [34m[38;5;28m 157[34m[32m            width[0m
[34m[38;5;88m    [34m[38;5;28m 158[34m[32m            [1;7m    [0m[32m.parse::<usize>()[0m
[34m[38;5;88m    [34m[38;5;28m 159[34m[32m                [1;7m.unwrap_or_else([0m[32m|_| panic!("Invalid width: {}", width)[1;7m)[0m[32m,[0m
[34m[38;5;88m    [34m[38;5;28m 160[34m[32m        )[1;7m,[0m
[34m[38;2;68;68;68m 164[34m[38;2;68;68;68m 161[34m[0m        None => Some((Term::stdout().size().1 - 1) as usize),
[34m[38;2;68;68;68m 165[34m[38;2;68;68;68m 162[34m[0m    };
[34m[38;2;68;68;68m 166[34m[38;2;68;68;68m 163[34m[0m

[34m─────────────[0m[34m┐[0m
[34m•[0m  fn delta( [34m│[0m
[34m─────────────[0m[34m┘[0m
[34m[38;2;68;68;68m 181[34m[38;2;68;68;68m 178[34m[0m    paint_config: &paint::Config,
[34m[38;2;68;68;68m 182[34m[38;2;68;68;68m 179[34m[0m    assets: &HighlightingAssets,
[34m[38;2;68;68;68m 183[34m[38;2;68;68;68m 180[34m[0m) -> std::io::Result<()> {
[34m[38;5;88m 184[34m[38;5;28m    [34m[0m
[34m[38;2;68;68;68m 185[34m[38;2;68;68;68m 181[34m[0m    let mut syntax: Option<&SyntaxReference> = None;
[34m[38;2;68;68;68m 186[34m[38;2;68;68;68m 182[34m[0m    let mut output_buffer = String::new();
[34m[38;2;68;68;68m 187[34m[38;2;68;68;68m 183[34m[0m    let mut output_type =

[34m───────────────────────────────────────────────────────────────────────────[0m[34m┐[0m
[34m•[0m  fn compare_themes(assets: &HighlightingAssets) -> std::io::Result<()> { [34m│[0m
[34m───────────────────────────────────────────────────────────────────────────[0m[34m┘[0m
[34m[38;2;68;68;68m 233[34m[38;2;68;68;68m 229[34m[0m    let hline = "-".repeat(100);
[34m[38;2;68;68;68m 234[34m[38;2;68;68;68m 230[34m[0m
[34m[38;2;68;68;68m 235[34m[38;2;68;68;68m 231[34m[0m    for (theme, _) in assets.theme_set.themes.iter() {
[34m[38;5;88m 236[34m[38;5;28m    [34m[0m
[34m[38;2;68;68;68m 237[34m[38;2;68;68;68m 232[34m[0m        if opt.light && !paint::is_light_theme(theme) || opt.dark && paint::is_light_theme(theme) {
[34m[38;2;68;68;68m 238[34m[38;2;68;68;68m 233[34m[0m            continue;
[34m[38;2;68;68;68m 239[34m[38;2;68;68;68m 234[34m[0m        }

[34m───────────────────────────────────────────────────────────────────────────[0m[34m┐[0m
[34m•[0m  fn compare_themes(assets: &HighlightingAssets) -> std::io::Result<()> { [34m│[0m
[34m───────────────────────────────────────────────────────────────────────────[0m[34m┘[0m
[34m[38;2;68;68;68m 247[34m[38;2;68;68;68m 242[34m[0m    Ok(())
[34m[38;2;68;68;68m 248[34m[38;2;68;68;68m 243[34m[0m}
[34m[38;2;68;68;68m 249[34m[38;2;68;68;68m 244[34m[0m
[34m[38;5;88m 250[34m[38;5;28m    [34m[0m
[34m[38;2;68;68;68m 251[34m[38;2;68;68;68m 245[34m[0mpub fn list_themes() -> std::io::Result<()> {
[34m[38;2;68;68;68m 252[34m[38;2;68;68;68m 246[34m[0m    let assets = HighlightingAssets::new();
[34m[38;2;68;68;68m 253[34m[38;2;68;68;68m 247[34m[0m    let themes = &assets.theme_set.themes;

[34mΔ src/paint.rs[0m
[34m────────────────────────────────────────────────────────────────────────────────[0m

[34m──────────────────────────[0m[34m┐[0m
[34m•[0m  pub fn get_config<'a>( [34m│[0m
[34m──────────────────────────[0m[34m┘[0m
[34m[38;2;68;68;68m 64 [34m[38;2;68;68;68m 64 [34m[0m    highlight_removed: bool,
[34m[38;2;68;68;68m 65 [34m[38;2;68;68;68m 65 [34m[0m    width: Option<usize>,
[34m[38;2;68;68;68m 66 [34m[38;2;68;68;68m 66 [34m[0m) -> Config<'a> {
[34m[38;5;88m 67 [34m[38;5;28m    [34m[0m
[34m[38;2;68;68;68m 68 [34m[38;2;68;68;68m 67 [34m[0m    let theme_name = match theme {
[34m[38;2;68;68;68m 69 [34m[38;2;68;68;68m 68 [34m[0m        Some(ref theme) => theme,
[34m[38;5;88m 70 [34m[38;5;28m    [34m[31m        None => {[0m
[34m[38;5;88m 71 [34m[38;5;28m    [34m[31m        [1;7m   [0m[31m match user_requests_theme_for_light_terminal_background {[0m
[34m[38;5;88m 72 [34m[38;5;28m    [34m[31m            [1;7m    [0m[31mtrue => "GitHub",[0m
[34m[38;5;88m 73 [34m[38;5;28m    [34m[31m            [1;7m    [0m[31mfalse => "Monokai Extended",[0m
[34m[38;5;88m 74 [34m[38;5;28m    [34m[31m        [1;7m    [0m[31m}[0m
[34m[38;5;88m 75 [34m[38;5;28m    [34m[31m        }[0m
[34m[38;5;88m    [34m[38;5;28m 69 [34m[32m        [1;7mNone =>[0m[32m match user_requests_theme_for_light_terminal_background {[0m
[34m[38;5;88m    [34m[38;5;28m 70 [34m[32m            true => "GitHub",[0m
[34m[38;5;88m    [34m[38;5;28m 71 [34m[32m            false => "Monokai Extended",[0m
[34m[38;5;88m    [34m[38;5;28m 72 [34m[32m        }[1;7m,[0m
[34m[38;2;68;68;68m 76 [34m[38;2;68;68;68m 73 [34m[0m    };
[34m[38;5;88m 77 [34m[38;5;28m    [34m[31m    let minus_color = minus_color_str[1;7m.as_ref().and_then([0m
[34m[38;5;88m 78 [34m[38;5;28m    [34m[31m        |s| Color::from_str(s).ok()[1;7m,[0m
[34m[38;5;88m 79 [34m[38;5;28m    [34m[31m    );[0m
[34m[38;5;88m 80 [34m[38;5;28m    [34m[31m    let plus_color = plus_color_str[1;7m.as_ref().and_then([0m
[34m[38;5;88m 81 [34m[38;5;28m    [34m[31m        |s| Color::from_str(s).ok()[1;7m,[0m
[34m[38;5;88m 82 [34m[38;5;28m    [34m[31m    );[0m
[34m[38;5;88m    [34m[38;5;28m 74 [34m[32m    let minus_color = minus_color_str[0m
[34m[38;5;88m    [34m[38;5;28m 75 [34m[32m        .as_ref()[0m
[34m[38;5;88m    [34m[38;5;28m 76 [34m[32m        [1;7m.and_then([0m[32m|s| Color::from_str(s).ok()[1;7m);[0m
[34m[38;5;88m    [34m[38;5;28m 77 [34m[32m    let plus_color = plus_color_str[0m
[34m[38;5;88m    [34m[38;5;28m 78 [34m[32m        .as_ref()[0m
[34m[38;5;88m    [34m[38;5;28m 79 [34m[32m        [1;7m.and_then([0m[32m|s| Color::from_str(s).ok()[1;7m);[0m
[34m[38;2;68;68;68m 83 [34m[38;2;68;68;68m 80 [34m[0m
[34m[38;2;68;68;68m 84 [34m[38;2;68;68;68m 81 [34m[0m    let is_light_theme = LIGHT_THEMES.contains(&theme_name);
[34m[38;2;68;68;68m 85 [34m[38;2;68;68;68m 82 [34m[0m
[34m[38;2;68;68;68m 86 [34m[38;2;68;68;68m 83 [34m[0m    Config {
[34m[38;2;68;68;68m 87 [34m[38;2;68;68;68m 84 [34m[0m        theme: &theme_set.themes[theme_name],
[34m[38;5;88m 88 [34m[38;5;28m    [34m[31m        plus_color: plus_color.unwrap_or_else(|| [1;7mif is_light_theme [0m[31m{[0m
[34m[38;5;88m 89 [34m[38;5;28m    [34m[31m            LIGHT_THEME_PLUS_COLOR[0m
[34m[38;5;88m 90 [34m[38;5;28m    [34m[31m        } else {[0m
[34m[38;5;88m 91 [34m[38;5;28m    [34m[31m            DARK_THEME_PLUS_COLOR[0m
[34m[38;5;88m    [34m[38;5;28m 85 [34m[32m        plus_color: plus_color.unwrap_or_else(|| {[0m
[34m[38;5;88m    [34m[38;5;28m 86 [34m[32m            if is_light_theme {[0m
[34m[38;5;88m    [34m[38;5;28m 87 [34m[32m            [1;7m    [0m[32mLIGHT_THEME_PLUS_COLOR[0m
[34m[38;5;88m    [34m[38;5;28m 88 [34m[32m        [1;7m    [0m[32m} else {[0m
[34m[38;5;88m    [34m[38;5;28m 89 [34m[32m            [1;7m    [0m[32mDARK_THEME_PLUS_COLOR[0m
[34m[38;5;88m    [34m[38;5;28m 90 [34m[32m            }[0m
[34m[38;2;68;68;68m 92 [34m[38;2;68;68;68m 91 [34m[0m        }),
[34m[38;5;88m 93 [34m[38;5;28m    [34m[31m        minus_color: minus_color.unwrap_or_else(|| [1;7mif is_light_theme [0m[31m{[0m
[34m[38;5;88m 94 [34m[38;5;28m    [34m[31m            LIGHT_THEME_MINUS_COLOR[0m
[34m[38;5;88m 95 [34m[38;5;28m    [34m[31m        } else {[0m
[34m[38;5;88m 96 [34m[38;5;28m    [34m[31m            DARK_THEME_MINUS_COLOR[0m
[34m[38;5;88m    [34m[38;5;28m 92 [34m[32m        minus_color: minus_color.unwrap_or_else(|| {[0m
[34m[38;5;88m    [34m[38;5;28m 93 [34m[32m            if is_light_theme {[0m
[34m[38;5;88m    [34m[38;5;28m 94 [34m[32m            [1;7m    [0m[32mLIGHT_THEME_MINUS_COLOR[0m
[34m[38;5;88m    [34m[38;5;28m 95 [34m[32m        [1;7m    [0m[32m} else {[0m
[34m[38;5;88m    [34m[38;5;28m 96 [34m[32m            [1;7m    [0m[32mDARK_THEME_MINUS_COLOR[0m
[34m[38;5;88m    [34m[38;5;28m 97 [34m[32m            }[0m
[34m[38;2;68;68;68m 97 [34m[38;2;68;68;68m 98 [34m[0m        }),
[34m[38;2;68;68;68m 98 [34m[38;2;68;68;68m 99 [34m[0m        width: width,
[34m[38;2;68;68;68m 99 [34m[38;2;68;68;68m 100[34m[0m        highlight_removed: highlight_removed,

[34m─────────────[0m[34m┐[0m
[34m•[0m  fn paint( [34m│[0m
[34m─────────────[0m[34m┘[0m
[34m[38;2;68;68;68m 169[34m[38;2;68;68;68m 170[34m[0m            write!(
[34m[38;2;68;68;68m 170[34m[38;2;68;68;68m 171[34m[0m                buf,
[34m[38;2;68;68;68m 171[34m[38;2;68;68;68m 172[34m[0m                "\x1b[48;2;{};{};{}m",
[34m[38;5;88m 172[34m[38;5;28m    [34m[31m                background_color.r,[0m
[34m[38;5;88m 173[34m[38;5;28m    [34m[31m                background_color.g,[0m
[34m[38;5;88m 174[34m[38;5;28m    [34m[31m                background_color.b[0m
[34m[38;5;88m 175[34m[38;5;28m    [34m[31m            [1;7m)[0m[31m.unwrap();[0m
[34m[38;5;88m    [34m[38;5;28m 173[34m[32m                background_color.r,[1;7m background_color.g, background_color.b[0m
[34m[38;5;88m    [34m[38;5;28m 174[34m[32m            )[0m
[34m[38;5;88m    [34m[38;5;28m 175[34m[32m            .unwrap();[0m
[34m[38;2;68;68;68m 176[34m[38;2;68;68;68m 176[34m[0m            if reset_color {
[34m[38;2;68;68;68m 177[34m[38;2;68;68;68m 177[34m[0m                buf.push_str("\x1b[0m");
[34m[38;2;68;68;68m 178[34m[38;2;68;68;68m 178[34m[0m            }

[34m─────────────[0m[34m┐[0m
[34m•[0m  fn paint( [34m│[0m
[34m─────────────[0m[34m┘[0m
[34m[38;2;68;68;68m 184[34m[38;2;68;68;68m 184[34m[0m            write!(
[34m[38;2;68;68;68m 185[34m[38;2;68;68;68m 185[34m[0m                buf,
[34m[38;2;68;68;68m 186[34m[38;2;68;68;68m 186[34m[0m                "\x1b[38;2;{};{};{}m{}",
[34m[38;5;88m 187[34m[38;5;28m    [34m[31m                foreground_color.r,[0m
[34m[38;5;88m 188[34m[38;5;28m    [34m[31m                foreground_color.g,[0m
[34m[38;5;88m 189[34m[38;5;28m    [34m[31m                foreground_color.b,[0m
[34m[38;5;88m 190[34m[38;5;28m    [34m[31m                text[0m
[34m[38;5;88m 191[34m[38;5;28m    [34m[31m            [1;7m)[0m[31m.unwrap();[0m
[34m[38;5;88m    [34m[38;5;28m 187[34m[32m                foreground_color.r,[1;7m foreground_color.g, foreground_color.b, text[0m
[34m[38;5;88m    [34m[38;5;28m 188[34m[32m            )[0m
[34m[38;5;88m    [34m[38;5;28m 189[34m[32m            .unwrap();[0m
[34m[38;2;68;68;68m 192[34m[38;2;68;68;68m 190[34m[0m            if reset_color {
[34m[38;2;68;68;68m 193[34m[38;2;68;68;68m 191[34m[0m                buf.push_str("\x1b[0m");
[34m[38;2;68;68;68m 194[34m[38;2;68;68;68m 192[34m[0m            }
