commit fe25f99a663027f20aac1a2c719f8af13cce7093
Author:     Dan Davison <dandavison7@gmail.com>
AuthorDate: Sun Jun 30 23:57:10 2019 -0400
Commit:     Dan Davison <dandavison7@gmail.com>
CommitDate: Sun Jun 30 23:57:10 2019 -0400

    By default do not apply syntax highlighting to removed lines


[34mΔ src/main.rs[0m
[34m────────────────────────────────────────────────────────────────────────────────[0m

[34m────────────────[0m[34m┐[0m
[34m•[0m  struct Opt { [34m│[0m
[34m────────────────[0m[34m┘[0m
[34m[38;2;68;68;68m 50 [34m[38;2;68;68;68m 50 [34m[0m    /// The syntax highlighting theme to use.
[34m[38;2;68;68;68m 51 [34m[38;2;68;68;68m 51 [34m[0m    theme: Option<String>,
[34m[38;2;68;68;68m 52 [34m[38;2;68;68;68m 52 [34m[0m
[34m[38;5;88m    [34m[38;5;28m 53 [34m[32m    #[structopt(long = "highlight-removed")][0m
[34m[38;5;88m    [34m[38;5;28m 54 [34m[32m    /// Apply syntax highlighting to removed lines. The default is to[0m
[34m[38;5;88m    [34m[38;5;28m 55 [34m[32m    /// apply syntax highlighting to unchanged and new lines only.[0m
[34m[38;5;88m    [34m[38;5;28m 56 [34m[32m    highlight_removed: bool,[0m
[34m[38;5;88m    [34m[38;5;28m 57 [34m[0m
[34m[38;2;68;68;68m 53 [34m[38;2;68;68;68m 58 [34m[0m    /// The width (in characters) of the diff highlighting. By
[34m[38;2;68;68;68m 54 [34m[38;2;68;68;68m 59 [34m[0m    /// default, the highlighting extends to the last character on
[34m[38;2;68;68;68m 55 [34m[38;2;68;68;68m 60 [34m[0m    /// each line. By default, the width is equal to the current

[34m──────────────────────────────────────────[0m[34m┐[0m
[34m•[0m  fn process_command_line_arguments<'a>( [34m│[0m
[34m──────────────────────────────────────────[0m[34m┘[0m
[34m[38;2;68;68;68m 156[34m[38;2;68;68;68m 161[34m[0m        opt.light,
[34m[38;2;68;68;68m 157[34m[38;2;68;68;68m 162[34m[0m        &opt.plus_color,
[34m[38;2;68;68;68m 158[34m[38;2;68;68;68m 163[34m[0m        &opt.minus_color,
[34m[38;5;88m    [34m[38;5;28m 164[34m[32m        opt.highlight_removed,[0m
[34m[38;2;68;68;68m 159[34m[38;2;68;68;68m 165[34m[0m        opt.width,
[34m[38;2;68;68;68m 160[34m[38;2;68;68;68m 166[34m[0m    )
[34m[38;2;68;68;68m 161[34m[38;2;68;68;68m 167[34m[0m}

[34mΔ src/paint.rs[0m
[34m────────────────────────────────────────────────────────────────────────────────[0m

[34m───────────────────────────[0m[34m┐[0m
[34m•[0m  pub struct Config<'a> { [34m│[0m
[34m───────────────────────────[0m[34m┘[0m
[34m[38;2;68;68;68m 51 [34m[38;2;68;68;68m 51 [34m[0m    minus_color: Color,
[34m[38;2;68;68;68m 52 [34m[38;2;68;68;68m 52 [34m[0m    pub syntax_set: &'a SyntaxSet,
[34m[38;2;68;68;68m 53 [34m[38;2;68;68;68m 53 [34m[0m    width: Option<usize>,
[34m[38;5;88m    [34m[38;5;28m 54 [34m[32m    highlight_removed: bool,[0m
[34m[38;2;68;68;68m 54 [34m[38;2;68;68;68m 55 [34m[0m    pub pager: &'a str,
[34m[38;2;68;68;68m 55 [34m[38;2;68;68;68m 56 [34m[0m}
[34m[38;2;68;68;68m 56 [34m[38;2;68;68;68m 57 [34m[0m

[34m──────────────────────────[0m[34m┐[0m
[34m•[0m  pub fn get_config<'a>( [34m│[0m
[34m──────────────────────────[0m[34m┘[0m
[34m[38;2;68;68;68m 61 [34m[38;2;68;68;68m 62 [34m[0m    user_requests_theme_for_light_terminal_background: bool,
[34m[38;2;68;68;68m 62 [34m[38;2;68;68;68m 63 [34m[0m    plus_color_str: &Option<String>,
[34m[38;2;68;68;68m 63 [34m[38;2;68;68;68m 64 [34m[0m    minus_color_str: &Option<String>,
[34m[38;5;88m    [34m[38;5;28m 65 [34m[32m    highlight_removed: bool,[0m
[34m[38;2;68;68;68m 64 [34m[38;2;68;68;68m 66 [34m[0m    width: Option<usize>,
[34m[38;2;68;68;68m 65 [34m[38;2;68;68;68m 67 [34m[0m) -> Config<'a> {
[34m[38;2;68;68;68m 66 [34m[38;2;68;68;68m 68 [34m[0m

[34m──────────────────────────[0m[34m┐[0m
[34m•[0m  pub fn get_config<'a>( [34m│[0m
[34m──────────────────────────[0m[34m┘[0m
[34m[38;2;68;68;68m 95 [34m[38;2;68;68;68m 97 [34m[0m            DARK_THEME_MINUS_COLOR
[34m[38;2;68;68;68m 96 [34m[38;2;68;68;68m 98 [34m[0m        }),
[34m[38;2;68;68;68m 97 [34m[38;2;68;68;68m 99 [34m[0m        width: width.or_else(|| Some((Term::stdout().size().1 - 1) as usize)),
[34m[38;5;88m    [34m[38;5;28m 100[34m[32m        highlight_removed: highlight_removed,[0m
[34m[38;2;68;68;68m 98 [34m[38;2;68;68;68m 101[34m[0m        syntax_set: &syntax_set,
[34m[38;2;68;68;68m 99 [34m[38;2;68;68;68m 102[34m[0m        pager: "less",
[34m[38;2;68;68;68m 100[34m[38;2;68;68;68m 103[34m[0m    }

[34m────────────────────────────────────────────────────────────────────────────────────[0m[34m┐[0m
[34m•[0m  pub fn paint_line(mut line: String, syntax: &SyntaxReference, config: &Config, b [34m│[0m
[34m────────────────────────────────────────────────────────────────────────────────────[0m[34m┘[0m
[34m[38;2;68;68;68m 109[34m[38;2;68;68;68m 112[34m[0m        Some('-') => Some(config.minus_color),
[34m[38;2;68;68;68m 110[34m[38;2;68;68;68m 113[34m[0m        _ => None,
[34m[38;2;68;68;68m 111[34m[38;2;68;68;68m 114[34m[0m    };
[34m[38;5;88m    [34m[38;5;28m 115[34m[32m    let apply_syntax_highlighting = first_char != Some('-') || config.highlight_removed;[0m
[34m[38;2;68;68;68m 112[34m[38;2;68;68;68m 116[34m[0m    if first_char == Some('+') || first_char == Some('-') {
[34m[38;2;68;68;68m 113[34m[38;2;68;68;68m 117[34m[0m        line = line[1..].to_string();
[34m[38;2;68;68;68m 114[34m[38;2;68;68;68m 118[34m[0m        buf.push_str(" ");

[34m────────────────────────────────────────────────────────────────────────────────────[0m[34m┐[0m
[34m•[0m  pub fn paint_line(mut line: String, syntax: &SyntaxReference, config: &Config, b [34m│[0m
[34m────────────────────────────────────────────────────────────────────────────────────[0m[34m┘[0m
[34m[38;2;68;68;68m 122[34m[38;2;68;68;68m 126[34m[0m        _ => (),
[34m[38;2;68;68;68m 123[34m[38;2;68;68;68m 127[34m[0m    }
[34m[38;2;68;68;68m 124[34m[38;2;68;68;68m 128[34m[0m    let ranges: Vec<(Style, &str)> = highlighter.highlight(&line, &config.syntax_set);
[34m[38;5;88m 125[34m[38;5;28m    [34m[31m    paint_ranges([1;7m&ranges[..], background_color, buf);[0m
[34m[38;5;88m    [34m[38;5;28m 129[34m[32m    paint_ranges([0m
[34m[38;5;88m    [34m[38;5;28m 130[34m[32m        &ranges[..],[0m
[34m[38;5;88m    [34m[38;5;28m 131[34m[32m        background_color,[0m
[34m[38;5;88m    [34m[38;5;28m 132[34m[32m        apply_syntax_highlighting,[0m
[34m[38;5;88m    [34m[38;5;28m 133[34m[32m        buf,[0m
[34m[38;5;88m    [34m[38;5;28m 134[34m[32m    );[0m
[34m[38;2;68;68;68m 126[34m[38;2;68;68;68m 135[34m[0m}
[34m[38;2;68;68;68m 127[34m[38;2;68;68;68m 136[34m[0m
[34m[38;2;68;68;68m 128[34m[38;2;68;68;68m 137[34m[0m/// Based on as_24_bit_terminal_escaped from syntect
[34m[38;2;68;68;68m 129[34m[38;2;68;68;68m 138[34m[0mfn paint_ranges(
[34m[38;2;68;68;68m 130[34m[38;2;68;68;68m 139[34m[0m    foreground_style_ranges: &[(Style, &str)],
[34m[38;2;68;68;68m 131[34m[38;2;68;68;68m 140[34m[0m    background_color: Option<Color>,
[34m[38;5;88m    [34m[38;5;28m 141[34m[32m    apply_syntax_highlighting: bool,[0m
[34m[38;2;68;68;68m 132[34m[38;2;68;68;68m 142[34m[0m    buf: &mut String,
[34m[38;2;68;68;68m 133[34m[38;2;68;68;68m 143[34m[0m) -> () {
[34m[38;2;68;68;68m 134[34m[38;2;68;68;68m 144[34m[0m    for &(ref style, text) in foreground_style_ranges.iter() {
[34m[38;5;88m 135[34m[38;5;28m    [34m[31m        [1;7mpaint(text,[0m[31m Some(style.foreground)[1;7m, background_color, false, buf);[0m
[34m[38;5;88m    [34m[38;5;28m 145[34m[32m        paint([0m
[34m[38;5;88m    [34m[38;5;28m 146[34m[32m            text,[0m
[34m[38;5;88m    [34m[38;5;28m 147[34m[32m            if apply_syntax_highlighting {[0m
[34m[38;5;88m    [34m[38;5;28m 148[34m[32m        [1;7m       [0m[32m Some(style.foreground)[0m
[34m[38;5;88m    [34m[38;5;28m 149[34m[32m            } else {[0m
[34m[38;5;88m    [34m[38;5;28m 150[34m[32m                None[0m
[34m[38;5;88m    [34m[38;5;28m 151[34m[32m            },[0m
[34m[38;5;88m    [34m[38;5;28m 152[34m[32m            background_color,[0m
[34m[38;5;88m    [34m[38;5;28m 153[34m[32m            false,[0m
[34m[38;5;88m    [34m[38;5;28m 154[34m[32m            buf,[0m
[34m[38;5;88m    [34m[38;5;28m 155[34m[32m        );[0m
[34m[38;2;68;68;68m 136[34m[38;2;68;68;68m 156[34m[0m    }
[34m[38;2;68;68;68m 137[34m[38;2;68;68;68m 157[34m[0m    buf.push_str("\x1b[0m");
[34m[38;2;68;68;68m 138[34m[38;2;68;68;68m 158[34m[0m}
