commit 9c23378589ac6fc743f4224455b0f2b5f67a0895
Author:     Dan Davison <dandavison7@gmail.com>
AuthorDate: Mon Jun 24 22:42:55 2019 -0400
Commit:     Dan Davison <dandavison7@gmail.com>
CommitDate: Mon Jun 24 23:20:35 2019 -0400

    Apply background colors


[34mΔ src/main.rs[0m
[34m────────────────────────────────────────────────────────────────────────────────[0m

[34m──────────────────────────────[0m[34m┐[0m
[34m•[0m  use std::io::{self, Read}; [34m│[0m
[34m──────────────────────────────[0m[34m┘[0m
[34m[38;2;68;68;68m  5 [34m[38;2;68;68;68m  5 [34m[0muse std::path::Path;
[34m[38;2;68;68;68m  6 [34m[38;2;68;68;68m  6 [34m[0m
[34m[38;2;68;68;68m  7 [34m[38;2;68;68;68m  7 [34m[0muse syntect::easy::HighlightLines;
[34m[38;5;88m  8 [34m[38;5;28m    [34m[31muse syntect::highlighting::{[1;7mThemeSet[0m[31m, Style};[0m
[34m[38;5;88m    [34m[38;5;28m  8 [34m[32muse syntect::highlighting::{[1;7mColor[0m[32m, Style[1;7m, ThemeSet[0m[32m};[0m
[34m[38;2;68;68;68m  9 [34m[38;2;68;68;68m  9 [34m[0muse syntect::parsing::SyntaxSet;
[34m[38;2;68;68;68m 10 [34m[38;2;68;68;68m 10 [34m[0muse syntect::util::{LinesWithEndings};
[34m[38;2;68;68;68m 11 [34m[38;2;68;68;68m 11 [34m[0muse unidiff::PatchSet;
[34m[38;2;68;68;68m 12 [34m[38;2;68;68;68m 12 [34m[0m
[34m[38;2;68;68;68m 13 [34m[38;2;68;68;68m 13 [34m[0mpub const DELTA_THEME_DEFAULT: &str = "InspiredGitHub";  // base16-mocha.dark
[34m[38;2;68;68;68m 14 [34m[38;2;68;68;68m 14 [34m[0m
[34m[38;5;88m    [34m[38;5;28m 15 [34m[32mconst GREEN: Color = Color {[0m
[34m[38;5;88m    [34m[38;5;28m 16 [34m[32m    r: 0xd0,[0m
[34m[38;5;88m    [34m[38;5;28m 17 [34m[32m    g: 0xff,[0m
[34m[38;5;88m    [34m[38;5;28m 18 [34m[32m    b: 0xd0,[0m
[34m[38;5;88m    [34m[38;5;28m 19 [34m[32m    a: 0x00,[0m
[34m[38;5;88m    [34m[38;5;28m 20 [34m[32m};[0m
[34m[38;5;88m    [34m[38;5;28m 21 [34m[0m
[34m[38;5;88m    [34m[38;5;28m 22 [34m[32mconst RED: Color = Color {[0m
[34m[38;5;88m    [34m[38;5;28m 23 [34m[32m    r: 0xff,[0m
[34m[38;5;88m    [34m[38;5;28m 24 [34m[32m    g: 0xd0,[0m
[34m[38;5;88m    [34m[38;5;28m 25 [34m[32m    b: 0xd0,[0m
[34m[38;5;88m    [34m[38;5;28m 26 [34m[32m    a: 0x00,[0m
[34m[38;5;88m    [34m[38;5;28m 27 [34m[32m};[0m
[34m[38;5;88m    [34m[38;5;28m 28 [34m[0m
[34m[38;2;68;68;68m 15 [34m[38;2;68;68;68m 29 [34m[0mfn main() {
[34m[38;2;68;68;68m 16 [34m[38;2;68;68;68m 30 [34m[0m    let ps = SyntaxSet::load_defaults_newlines();
[34m[38;2;68;68;68m 17 [34m[38;2;68;68;68m 31 [34m[0m    let ts = ThemeSet::load_defaults();

[34m───────────────[0m[34m┐[0m
[34m•[0m  fn main() { [34m│[0m
[34m───────────────[0m[34m┘[0m
[34m[38;2;68;68;68m 34 [34m[38;2;68;68;68m 48 [34m[0m                let mut highlighter = HighlightLines::new(syntax, theme);
[34m[38;2;68;68;68m 35 [34m[38;2;68;68;68m 49 [34m[0m                for hunk in patched_file {
[34m[38;2;68;68;68m 36 [34m[38;2;68;68;68m 50 [34m[0m                    for line in LinesWithEndings::from(&hunk.to_string()) {
[34m[38;5;88m    [34m[38;5;28m 51 [34m[32m                        let background_color = match line.chars().next() {[0m
[34m[38;5;88m    [34m[38;5;28m 52 [34m[32m                            Some('+') => Some(GREEN),[0m
[34m[38;5;88m    [34m[38;5;28m 53 [34m[32m                            Some('-') => Some(RED),[0m
[34m[38;5;88m    [34m[38;5;28m 54 [34m[32m                            _ => None,[0m
[34m[38;5;88m    [34m[38;5;28m 55 [34m[32m                        };[0m
[34m[38;2;68;68;68m 37 [34m[38;2;68;68;68m 56 [34m[0m                        let ranges: Vec<(Style, &str)> = highlighter.highlight(line, &ps);
[34m[38;5;88m 38 [34m[38;5;28m    [34m[31m                        let escaped = my_as_24_bit_terminal_escaped(&ranges[..], [1;7mfalse[0m[31m);[0m
[34m[38;5;88m    [34m[38;5;28m 57 [34m[32m                        let escaped = my_as_24_bit_terminal_escaped(&ranges[..], [1;7mbackground_color[0m[32m);[0m
[34m[38;2;68;68;68m 39 [34m[38;2;68;68;68m 58 [34m[0m                        print!("{}", escaped);
[34m[38;2;68;68;68m 40 [34m[38;2;68;68;68m 59 [34m[0m                    }
[34m[38;2;68;68;68m 41 [34m[38;2;68;68;68m 60 [34m[0m                }

[34m───────────────[0m[34m┐[0m
[34m•[0m  fn main() { [34m│[0m
[34m───────────────[0m[34m┘[0m
[34m[38;2;68;68;68m 52 [34m[38;2;68;68;68m 71 [34m[0m    println!("");
[34m[38;2;68;68;68m 53 [34m[38;2;68;68;68m 72 [34m[0m}
[34m[38;2;68;68;68m 54 [34m[38;2;68;68;68m 73 [34m[0m
[34m[38;5;88m 55 [34m[38;5;28m    [34m[31mfn my_as_24_bit_terminal_escaped(v: &[(Style, &str)], [1;7mbg[0m[31m: [1;7mbool[0m[31m) -> String {[0m
[34m[38;5;88m    [34m[38;5;28m 74 [34m[32mfn my_as_24_bit_terminal_escaped(v: &[(Style, &str)], [1;7mbackground_color[0m[32m: [1;7mOption<Color>[0m[32m) -> String {[0m
[34m[38;2;68;68;68m 56 [34m[38;2;68;68;68m 75 [34m[0m    let mut s: String = String::new();
[34m[38;2;68;68;68m 57 [34m[38;2;68;68;68m 76 [34m[0m    for &(ref style, text) in v.iter() {
[34m[38;5;88m 58 [34m[38;5;28m    [34m[31m        if bg {[0m
[34m[38;5;88m 59 [34m[38;5;28m    [34m[31m            write!(s,[0m
[34m[38;5;88m 60 [34m[38;5;28m    [34m[31m                   "\x1b[48;2;{};{};{}m",[0m
[34m[38;5;88m 61 [34m[38;5;28m    [34m[31m                   style.background.r,[0m
[34m[38;5;88m 62 [34m[38;5;28m    [34m[31m                   style.background.g,[0m
[34m[38;5;88m 63 [34m[38;5;28m    [34m[31m                   style.background.b)[0m
[34m[38;5;88m 64 [34m[38;5;28m    [34m[31m                .unwrap()[1;7m;[0m
[34m[38;5;88m    [34m[38;5;28m 77 [34m[32m        match background_color {[0m
[34m[38;5;88m    [34m[38;5;28m 78 [34m[32m            [1;7mSome(background_color) => [0m[32mwrite!(s,[0m
[34m[38;5;88m    [34m[38;5;28m 79 [34m[32m                   [1;7m                          [0m[32m"\x1b[48;2;{};{};{}m",[0m
[34m[38;5;88m    [34m[38;5;28m 80 [34m[32m                                             background_color.r,[0m
[34m[38;5;88m    [34m[38;5;28m 81 [34m[32m                                             background_color.g,[0m
[34m[38;5;88m    [34m[38;5;28m 82 [34m[32m                [1;7m                             background_color.b)[0m[32m.unwrap()[1;7m,[0m
[34m[38;5;88m    [34m[38;5;28m 83 [34m[32m            None => (),[0m
[34m[38;2;68;68;68m 65 [34m[38;2;68;68;68m 84 [34m[0m        }
[34m[38;2;68;68;68m 66 [34m[38;2;68;68;68m 85 [34m[0m        write!(s,
[34m[38;2;68;68;68m 67 [34m[38;2;68;68;68m 86 [34m[0m               "\x1b[38;2;{};{};{}m{}",

[34m───────────────────────────────────────────────────────────────────────────────[0m[34m┐[0m
[34m•[0m  fn my_as_24_bit_terminal_escaped(v: &[(Style, &str)], bg: bool) -> String { [34m│[0m
[34m───────────────────────────────────────────────────────────────────────────────[0m[34m┘[0m
[34m[38;2;68;68;68m 71 [34m[38;2;68;68;68m 90 [34m[0m               text)
[34m[38;2;68;68;68m 72 [34m[38;2;68;68;68m 91 [34m[0m            .unwrap();
[34m[38;2;68;68;68m 73 [34m[38;2;68;68;68m 92 [34m[0m    }
[34m[38;5;88m 74 [34m[38;5;28m    [34m[31m    [1;7m// [0m[31ms.push_str("\x1b[0m");[0m
[34m[38;5;88m    [34m[38;5;28m 93 [34m[32m    s.push_str("\x1b[0m");[0m
[34m[38;2;68;68;68m 75 [34m[38;2;68;68;68m 94 [34m[0m    s
[34m[38;2;68;68;68m 76 [34m[38;2;68;68;68m 95 [34m[0m}
