commit ebdd13c9cba21f0eb4f2006962516f48d532ff8c
Author:     Dan Davison <dandavison7@gmail.com>
AuthorDate: Thu Jun 27 10:45:17 2019 -0400
Commit:     Dan Davison <dandavison7@gmail.com>
CommitDate: Thu Jun 27 11:11:46 2019 -0400

    Parse color arguments


[34mΔ src/main.rs[0m
[34m────────────────────────────────────────────────────────────────────────────────[0m

[34m───────────────────[0m[34m┐[0m
[34m•[0m  mod parse_diff; [34m│[0m
[34m───────────────────[0m[34m┘[0m
[34m[38;2;68;68;68m  5 [34m[38;2;68;68;68m  5 [34m[0m
[34m[38;2;68;68;68m  6 [34m[38;2;68;68;68m  6 [34m[0muse std::io::{self, BufRead, ErrorKind};
[34m[38;2;68;68;68m  7 [34m[38;2;68;68;68m  7 [34m[0muse std::process;
[34m[38;5;88m    [34m[38;5;28m  8 [34m[32muse std::str::FromStr;[0m
[34m[38;2;68;68;68m  8 [34m[38;2;68;68;68m  9 [34m[0m
[34m[38;2;68;68;68m  9 [34m[38;2;68;68;68m 10 [34m[0muse console::strip_ansi_codes;
[34m[38;2;68;68;68m 10 [34m[38;2;68;68;68m 11 [34m[0muse structopt::StructOpt;
[34m[38;5;88m 11 [34m[38;5;28m    [34m[31muse syntect::highlighting::ThemeSet;[0m
[34m[38;5;88m    [34m[38;5;28m 12 [34m[32muse syntect::highlighting::[1;7m{Color, [0m[32mThemeSet[1;7m}[0m[32m;[0m
[34m[38;2;68;68;68m 12 [34m[38;2;68;68;68m 13 [34m[0muse syntect::parsing::{SyntaxReference, SyntaxSet};
[34m[38;2;68;68;68m 13 [34m[38;2;68;68;68m 14 [34m[0m
[34m[38;2;68;68;68m 14 [34m[38;2;68;68;68m 15 [34m[0m#[derive(StructOpt, Debug)]

[34m───────────────────────────────────────[0m[34m┐[0m
[34m•[0m  fn delta() -> std::io::Result<()> { [34m│[0m
[34m───────────────────────────────────────[0m[34m┘[0m
[34m[38;2;68;68;68m 113[34m[38;2;68;68;68m 114[34m[0m            }
[34m[38;2;68;68;68m 114[34m[38;2;68;68;68m 115[34m[0m        }
[34m[38;2;68;68;68m 115[34m[38;2;68;68;68m 116[34m[0m    }
[34m[38;5;88m    [34m[38;5;28m 117[34m[32m    let minus_color = opt.minus_color.as_ref().and_then([0m
[34m[38;5;88m    [34m[38;5;28m 118[34m[32m        |s| Color::from_str(s).ok(),[0m
[34m[38;5;88m    [34m[38;5;28m 119[34m[32m    );[0m
[34m[38;5;88m    [34m[38;5;28m 120[34m[32m    let plus_color = opt.plus_color.as_ref().and_then([0m
[34m[38;5;88m    [34m[38;5;28m 121[34m[32m        |s| Color::from_str(s).ok(),[0m
[34m[38;5;88m    [34m[38;5;28m 122[34m[32m    );[0m
[34m[38;2;68;68;68m 116[34m[38;2;68;68;68m 123[34m[0m    let theme_name = opt.theme.unwrap();
[34m[38;2;68;68;68m 117[34m[38;2;68;68;68m 124[34m[0m    let theme = &theme_set.themes[&theme_name];
[34m[38;2;68;68;68m 118[34m[38;2;68;68;68m 125[34m[0m

[34m───────────────────────────────────────[0m[34m┐[0m
[34m•[0m  fn delta() -> std::io::Result<()> { [34m│[0m
[34m───────────────────────────────────────[0m[34m┘[0m
[34m[38;2;68;68;68m 140[34m[38;2;68;68;68m 147[34m[0m                        &syntax_set,
[34m[38;2;68;68;68m 141[34m[38;2;68;68;68m 148[34m[0m                        theme,
[34m[38;2;68;68;68m 142[34m[38;2;68;68;68m 149[34m[0m                        &theme_name,
[34m[38;5;88m 143[34m[38;5;28m    [34m[31m                        [1;7m&opt.[0m[31mminus_color,[0m
[34m[38;5;88m 144[34m[38;5;28m    [34m[31m                        &opt.plus_color,[0m
[34m[38;5;88m    [34m[38;5;28m 150[34m[32m                        plus_color,[0m
[34m[38;5;88m    [34m[38;5;28m 151[34m[32m                        minus_color,[0m
[34m[38;2;68;68;68m 145[34m[38;2;68;68;68m 152[34m[0m                        &mut output,
[34m[38;2;68;68;68m 146[34m[38;2;68;68;68m 153[34m[0m                    );
[34m[38;2;68;68;68m 147[34m[38;2;68;68;68m 154[34m[0m                    writeln!(stdout, "{}", output)?;

[34mΔ src/paint.rs[0m
[34m────────────────────────────────────────────────────────────────────────────────[0m

[34m────────────────────────────────────────[0m[34m┐[0m
[34m•[0m  pub const DARK_THEMES: [&str; 4] = [ [34m│[0m
[34m────────────────────────────────────────[0m[34m┘[0m
[34m[38;2;68;68;68m 11 [34m[38;2;68;68;68m 11 [34m[0m    "base16-ocean.dark",
[34m[38;2;68;68;68m 12 [34m[38;2;68;68;68m 12 [34m[0m];
[34m[38;2;68;68;68m 13 [34m[38;2;68;68;68m 13 [34m[0m
[34m[38;5;88m 14 [34m[38;5;28m    [34m[31mconst [1;7mLIGHT_THEME_GREEN[0m[31m: Color = Color {[0m
[34m[38;5;88m    [34m[38;5;28m 14 [34m[32mconst [1;7mLIGHT_THEME_PLUS_COLOR[0m[32m: Color = Color {[0m
[34m[38;2;68;68;68m 15 [34m[38;2;68;68;68m 15 [34m[0m    r: 0xd0,
[34m[38;2;68;68;68m 16 [34m[38;2;68;68;68m 16 [34m[0m    g: 0xff,
[34m[38;2;68;68;68m 17 [34m[38;2;68;68;68m 17 [34m[0m    b: 0xd0,
[34m[38;2;68;68;68m 18 [34m[38;2;68;68;68m 18 [34m[0m    a: 0x00,
[34m[38;2;68;68;68m 19 [34m[38;2;68;68;68m 19 [34m[0m};
[34m[38;2;68;68;68m 20 [34m[38;2;68;68;68m 20 [34m[0m
[34m[38;5;88m 21 [34m[38;5;28m    [34m[31mconst [1;7mLIGHT_THEME_RED[0m[31m: Color = Color {[0m
[34m[38;5;88m    [34m[38;5;28m 21 [34m[32mconst [1;7mLIGHT_THEME_MINUS_COLOR[0m[32m: Color = Color {[0m
[34m[38;2;68;68;68m 22 [34m[38;2;68;68;68m 22 [34m[0m    r: 0xff,
[34m[38;2;68;68;68m 23 [34m[38;2;68;68;68m 23 [34m[0m    g: 0xd0,
[34m[38;2;68;68;68m 24 [34m[38;2;68;68;68m 24 [34m[0m    b: 0xd0,
[34m[38;2;68;68;68m 25 [34m[38;2;68;68;68m 25 [34m[0m    a: 0x00,
[34m[38;2;68;68;68m 26 [34m[38;2;68;68;68m 26 [34m[0m};
[34m[38;2;68;68;68m 27 [34m[38;2;68;68;68m 27 [34m[0m
[34m[38;5;88m 28 [34m[38;5;28m    [34m[31mconst [1;7mDARK_THEME_GREEN[0m[31m: Color = Color {[0m
[34m[38;5;88m    [34m[38;5;28m 28 [34m[32mconst [1;7mDARK_THEME_PLUS_COLOR[0m[32m: Color = Color {[0m
[34m[38;2;68;68;68m 29 [34m[38;2;68;68;68m 29 [34m[0m    r: 0x01,
[34m[38;2;68;68;68m 30 [34m[38;2;68;68;68m 30 [34m[0m    g: 0x18,
[34m[38;2;68;68;68m 31 [34m[38;2;68;68;68m 31 [34m[0m    b: 0x00,
[34m[38;2;68;68;68m 32 [34m[38;2;68;68;68m 32 [34m[0m    a: 0x00,
[34m[38;2;68;68;68m 33 [34m[38;2;68;68;68m 33 [34m[0m};
[34m[38;2;68;68;68m 34 [34m[38;2;68;68;68m 34 [34m[0m
[34m[38;5;88m 35 [34m[38;5;28m    [34m[31mconst [1;7mDARK_THEME_RED[0m[31m: Color = Color {[0m
[34m[38;5;88m    [34m[38;5;28m 35 [34m[32mconst [1;7mDARK_THEME_MINUS_COLOR[0m[32m: Color = Color {[0m
[34m[38;2;68;68;68m 36 [34m[38;2;68;68;68m 36 [34m[0m    r: 0x24,
[34m[38;2;68;68;68m 37 [34m[38;2;68;68;68m 37 [34m[0m    g: 0x00,
[34m[38;2;68;68;68m 38 [34m[38;2;68;68;68m 38 [34m[0m    b: 0x01,

[34m──────────────────────[0m[34m┐[0m
[34m•[0m  pub fn paint_line( [34m│[0m
[34m──────────────────────[0m[34m┘[0m
[34m[38;2;68;68;68m 46 [34m[38;2;68;68;68m 46 [34m[0m    syntax_set: &SyntaxSet,
[34m[38;2;68;68;68m 47 [34m[38;2;68;68;68m 47 [34m[0m    theme: &Theme,
[34m[38;2;68;68;68m 48 [34m[38;2;68;68;68m 48 [34m[0m    theme_name: &String,
[34m[38;5;88m 49 [34m[38;5;28m    [34m[31m    minus_color: [1;7m&[0m[31mOption<[1;7mString[0m[31m>,[0m
[34m[38;5;88m 50 [34m[38;5;28m    [34m[31m    plus_color: &Option<String>,[0m
[34m[38;5;88m    [34m[38;5;28m 49 [34m[32m    plus_color: Option<Color>,[0m
[34m[38;5;88m    [34m[38;5;28m 50 [34m[32m    minus_color: Option<[1;7mColor[0m[32m>,[0m
[34m[38;2;68;68;68m 51 [34m[38;2;68;68;68m 51 [34m[0m    buf: &mut String,
[34m[38;2;68;68;68m 52 [34m[38;2;68;68;68m 52 [34m[0m) {
[34m[38;2;68;68;68m 53 [34m[38;2;68;68;68m 53 [34m[0m    let mut highlighter = HighlightLines::new(syntax, theme);
[34m[38;2;68;68;68m 54 [34m[38;2;68;68;68m 54 [34m[0m    let first_char = line.chars().next();
[34m[38;2;68;68;68m 55 [34m[38;2;68;68;68m 55 [34m[0m    let is_dark = DARK_THEMES.contains(&theme_name.as_str());
[34m[38;2;68;68;68m 56 [34m[38;2;68;68;68m 56 [34m[0m    let background_color = match (first_char, is_dark) {
[34m[38;5;88m 57 [34m[38;5;28m    [34m[31m        (Some('+'), true) => Some([1;7mDARK_THEME_GREEN[0m[31m),[0m
[34m[38;5;88m 58 [34m[38;5;28m    [34m[31m        (Some('-'), true) => Some([1;7mDARK_THEME_RED[0m[31m),[0m
[34m[38;5;88m 59 [34m[38;5;28m    [34m[31m        (Some('+'), false) => Some([1;7mLIGHT_THEME_GREEN[0m[31m),[0m
[34m[38;5;88m 60 [34m[38;5;28m    [34m[31m        (Some('-'), false) => Some([1;7mLIGHT_THEME_RED[0m[31m),[0m
[34m[38;5;88m    [34m[38;5;28m 57 [34m[32m        (Some('+'), true) => [1;7mplus_color.or_else(|| [0m[32mSome([1;7mDARK_THEME_PLUS_COLOR)[0m[32m),[0m
[34m[38;5;88m    [34m[38;5;28m 58 [34m[32m        (Some('-'), true) => [1;7mminus_color.or_else(|| [0m[32mSome([1;7mDARK_THEME_MINUS_COLOR)[0m[32m),[0m
[34m[38;5;88m    [34m[38;5;28m 59 [34m[32m        (Some('+'), false) => [1;7mplus_color.or_else(|| [0m[32mSome([1;7mLIGHT_THEME_PLUS_COLOR)[0m[32m),[0m
[34m[38;5;88m    [34m[38;5;28m 60 [34m[32m        (Some('-'), false) => [1;7mminus_color.or_else(|| [0m[32mSome([1;7mLIGHT_THEME_MINUS_COLOR)[0m[32m),[0m
[34m[38;2;68;68;68m 61 [34m[38;2;68;68;68m 61 [34m[0m        _ => None,
[34m[38;2;68;68;68m 62 [34m[38;2;68;68;68m 62 [34m[0m    };
[34m[38;2;68;68;68m 63 [34m[38;2;68;68;68m 63 [34m[0m    if first_char == Some('+') || first_char == Some('-') {
