commit d6c60ae1414b7a11b7c79b266bd2075b57aa4d85
Author:     Dan Davison <dandavison7@gmail.com>
AuthorDate: Sun Jun 30 21:32:59 2019 -0400
Commit:     Dan Davison <dandavison7@gmail.com>
CommitDate: Sun Jun 30 21:32:59 2019 -0400

    Default to full terminal width


[34mΔ src/main.rs[0m
[34m────────────────────────────────────────────────────────────────────────────────[0m

[34m─────────────────────────────────────────────────────────[0m[34m┐[0m
[34m•[0m  use std::io::{self, BufRead, ErrorKind, Read, Write}; [34m│[0m
[34m─────────────────────────────────────────────────────────[0m[34m┘[0m
[34m[38;2;68;68;68m 10 [34m[38;2;68;68;68m 10 [34m[0muse std::process;
[34m[38;2;68;68;68m 11 [34m[38;2;68;68;68m 11 [34m[0m
[34m[38;2;68;68;68m 12 [34m[38;2;68;68;68m 12 [34m[0muse assets::{HighlightingAssets, list_languages};
[34m[38;5;88m 13 [34m[38;5;28m    [34m[31muse console::[1;7m{Term, [0m[31mstrip_ansi_codes[1;7m}[0m[31m;[0m
[34m[38;5;88m    [34m[38;5;28m 13 [34m[32muse console::strip_ansi_codes;[0m
[34m[38;2;68;68;68m 14 [34m[38;2;68;68;68m 14 [34m[0muse output::{OutputType, PagingMode};
[34m[38;2;68;68;68m 15 [34m[38;2;68;68;68m 15 [34m[0muse structopt::StructOpt;
[34m[38;2;68;68;68m 16 [34m[38;2;68;68;68m 16 [34m[0muse syntect::parsing::SyntaxReference;

[34m────────────────[0m[34m┐[0m
[34m•[0m  struct Opt { [34m│[0m
[34m────────────────[0m[34m┘[0m
[34m[38;2;68;68;68m 52 [34m[38;2;68;68;68m 52 [34m[0m
[34m[38;2;68;68;68m 53 [34m[38;2;68;68;68m 53 [34m[0m    /// The width (in characters) of the diff highlighting. By
[34m[38;2;68;68;68m 54 [34m[38;2;68;68;68m 54 [34m[0m    /// default, the highlighting extends to the last character on
[34m[38;5;88m 55 [34m[38;5;28m    [34m[31m    /// each line. [1;7mUse --width=max to set[0m[31m width equal to current[0m
[34m[38;5;88m    [34m[38;5;28m 55 [34m[32m    /// each line. [1;7mBy default, the[0m[32m width [1;7mis [0m[32mequal to [1;7mthe [0m[32mcurrent[0m
[34m[38;2;68;68;68m 56 [34m[38;2;68;68;68m 56 [34m[0m    /// terminal width.
[34m[38;2;68;68;68m 57 [34m[38;2;68;68;68m 57 [34m[0m    #[structopt(short = "w", long = "width")]
[34m[38;5;88m 58 [34m[38;5;28m    [34m[31m    width: Option<[1;7mString[0m[31m>,[0m
[34m[38;5;88m    [34m[38;5;28m 58 [34m[32m    width: Option<[1;7musize[0m[32m>,[0m
[34m[38;2;68;68;68m 59 [34m[38;2;68;68;68m 59 [34m[0m
[34m[38;2;68;68;68m 60 [34m[38;2;68;68;68m 60 [34m[0m    /// List supported languages and associated file extensions.
[34m[38;2;68;68;68m 61 [34m[38;2;68;68;68m 61 [34m[0m    #[structopt(long = "list-languages")]

[34m──────────────────────────────────────────[0m[34m┐[0m
[34m•[0m  fn process_command_line_arguments<'a>( [34m│[0m
[34m──────────────────────────────────────────[0m[34m┘[0m
[34m[38;2;68;68;68m 195[34m[38;2;68;68;68m 195[34m[0m        None => (),
[34m[38;2;68;68;68m 196[34m[38;2;68;68;68m 196[34m[0m    };
[34m[38;2;68;68;68m 197[34m[38;2;68;68;68m 197[34m[0m
[34m[38;5;88m 198[34m[38;5;28m    [34m[31m    let width = match opt.width.as_ref().map(String::as_str) {[0m
[34m[38;5;88m 199[34m[38;5;28m    [34m[31m        Some("max") => Some((Term::stdout().size().1 - 1) as usize),[0m
[34m[38;5;88m 200[34m[38;5;28m    [34m[31m        Some(width) => {[0m
[34m[38;5;88m 201[34m[38;5;28m    [34m[31m            Some(width.parse::<usize>().unwrap_or_else([0m
[34m[38;5;88m 202[34m[38;5;28m    [34m[31m                |_| panic!("Invalid width: {}", width),[0m
[34m[38;5;88m 203[34m[38;5;28m    [34m[31m            ))[0m
[34m[38;5;88m 204[34m[38;5;28m    [34m[31m        }[0m
[34m[38;5;88m 205[34m[38;5;28m    [34m[31m        None => None,[0m
[34m[38;5;88m 206[34m[38;5;28m    [34m[31m    };[0m
[34m[38;5;88m 207[34m[38;5;28m    [34m[0m
[34m[38;2;68;68;68m 208[34m[38;2;68;68;68m 198[34m[0m    paint::get_config(
[34m[38;2;68;68;68m 209[34m[38;2;68;68;68m 199[34m[0m        &assets.syntax_set,
[34m[38;2;68;68;68m 210[34m[38;2;68;68;68m 200[34m[0m        &opt.theme,

[34m──────────────────────────────────────────[0m[34m┐[0m
[34m•[0m  fn process_command_line_arguments<'a>( [34m│[0m
[34m──────────────────────────────────────────[0m[34m┘[0m
[34m[38;2;68;68;68m 212[34m[38;2;68;68;68m 202[34m[0m        opt.light,
[34m[38;2;68;68;68m 213[34m[38;2;68;68;68m 203[34m[0m        &opt.plus_color,
[34m[38;2;68;68;68m 214[34m[38;2;68;68;68m 204[34m[0m        &opt.minus_color,
[34m[38;5;88m 215[34m[38;5;28m    [34m[31m        width,[0m
[34m[38;5;88m    [34m[38;5;28m 205[34m[32m        [1;7mopt.[0m[32mwidth,[0m
[34m[38;2;68;68;68m 216[34m[38;2;68;68;68m 206[34m[0m    )
[34m[38;2;68;68;68m 217[34m[38;2;68;68;68m 207[34m[0m}
[34m[38;2;68;68;68m 218[34m[38;2;68;68;68m 208[34m[0m

[34mΔ src/paint.rs[0m
[34m────────────────────────────────────────────────────────────────────────────────[0m

[34m[38;2;68;68;68m  1 [34m[38;2;68;68;68m  1 [34m[0muse std::fmt::Write;
[34m[38;2;68;68;68m  2 [34m[38;2;68;68;68m  2 [34m[0muse std::str::FromStr;
[34m[38;2;68;68;68m  3 [34m[38;2;68;68;68m  3 [34m[0m
[34m[38;5;88m    [34m[38;5;28m  4 [34m[32muse console::Term;[0m
[34m[38;2;68;68;68m  4 [34m[38;2;68;68;68m  5 [34m[0muse syntect::easy::HighlightLines;
[34m[38;2;68;68;68m  5 [34m[38;2;68;68;68m  6 [34m[0muse syntect::highlighting::{Color, Style, Theme, ThemeSet};
[34m[38;2;68;68;68m  6 [34m[38;2;68;68;68m  7 [34m[0muse syntect::parsing::{SyntaxReference, SyntaxSet};

[34m──────────────────────────[0m[34m┐[0m
[34m•[0m  pub fn get_config<'a>( [34m│[0m
[34m──────────────────────────[0m[34m┘[0m
[34m[38;2;68;68;68m 93 [34m[38;2;68;68;68m 94 [34m[0m        } else {
[34m[38;2;68;68;68m 94 [34m[38;2;68;68;68m 95 [34m[0m            DARK_THEME_MINUS_COLOR
[34m[38;2;68;68;68m 95 [34m[38;2;68;68;68m 96 [34m[0m        }),
[34m[38;5;88m 96 [34m[38;5;28m    [34m[31m        width: width,[0m
[34m[38;5;88m    [34m[38;5;28m 97 [34m[32m        width: width.or_else(|| Some((Term::stdout().size().1 - 1) as usize)),[0m
[34m[38;2;68;68;68m 97 [34m[38;2;68;68;68m 98 [34m[0m        syntax_set: &syntax_set,
[34m[38;2;68;68;68m 98 [34m[38;2;68;68;68m 99 [34m[0m        pager: "less",
[34m[38;2;68;68;68m 99 [34m[38;2;68;68;68m 100[34m[0m    }
