commit d2989885a3bae52618a95979bf6bb07f7f764c38
Author:     Dan Davison <dandavison7@gmail.com>
AuthorDate: Sun Jun 30 12:44:59 2019 -0400
Commit:     Dan Davison <dandavison7@gmail.com>
CommitDate: Sun Jun 30 14:00:48 2019 -0400

    Use correct theme set. Ref #4
    
    Fixes bug in 6a34f9146d4efaae547e9c316c6016c8bbcf1833


[34mΔ src/main.rs[0m
[34m────────────────────────────────────────────────────────────────────────────────[0m

[34m─────────────────────[0m[34m┐[0m
[34m•[0m  use std::process; [34m│[0m
[34m─────────────────────[0m[34m┘[0m
[34m[38;2;68;68;68m  8 [34m[38;2;68;68;68m  8 [34m[0muse assets::{HighlightingAssets, list_languages, list_themes};
[34m[38;2;68;68;68m  9 [34m[38;2;68;68;68m  9 [34m[0muse console::strip_ansi_codes;
[34m[38;2;68;68;68m 10 [34m[38;2;68;68;68m 10 [34m[0muse structopt::StructOpt;
[34m[38;5;88m 11 [34m[38;5;28m    [34m[31muse syntect::[1;7mhighlighting[0m[31m::[1;7mThemeSet[0m[31m;[0m
[34m[38;5;88m 12 [34m[38;5;28m    [34m[31muse syntect::parsing::{SyntaxReference, SyntaxSet};[0m
[34m[38;5;88m    [34m[38;5;28m 11 [34m[32muse syntect::[1;7mparsing[0m[32m::[1;7mSyntaxReference[0m[32m;[0m
[34m[38;2;68;68;68m 13 [34m[38;2;68;68;68m 12 [34m[0m
[34m[38;2;68;68;68m 14 [34m[38;2;68;68;68m 13 [34m[0m#[derive(StructOpt, Debug)]
[34m[38;2;68;68;68m 15 [34m[38;2;68;68;68m 14 [34m[0m#[structopt(name = "delta",

[34m──────────────────────────────────────[0m[34m┐[0m
[34m•[0m  fn main() -> std::io::Result<()> { [34m│[0m
[34m──────────────────────────────────────[0m[34m┘[0m
[34m[38;2;68;68;68m 80 [34m[38;2;68;68;68m 79 [34m[0m    }
[34m[38;2;68;68;68m 81 [34m[38;2;68;68;68m 80 [34m[0m
[34m[38;2;68;68;68m 82 [34m[38;2;68;68;68m 81 [34m[0m    let assets = HighlightingAssets::new();
[34m[38;5;88m 83 [34m[38;5;28m    [34m[31m    let theme_set = ThemeSet::load_defaults();[0m
[34m[38;5;88m 84 [34m[38;5;28m    [34m[31m    let paint_config = parse_args(&assets[1;7m.syntax_set, &theme_set[0m[31m, &opt);[0m
[34m[38;5;88m    [34m[38;5;28m 82 [34m[32m    let paint_config = parse_args(&assets, &opt);[0m
[34m[38;2;68;68;68m 85 [34m[38;2;68;68;68m 83 [34m[0m
[34m[38;2;68;68;68m 86 [34m[38;2;68;68;68m 84 [34m[0m    match delta(
[34m[38;2;68;68;68m 87 [34m[38;2;68;68;68m 85 [34m[0m        io::stdin().lock().lines().map(|l| l.unwrap()),

[34m─────────────[0m[34m┐[0m
[34m•[0m  fn delta( [34m│[0m
[34m─────────────[0m[34m┘[0m
[34m[38;2;68;68;68m 143[34m[38;2;68;68;68m 141[34m[0m    Ok(())
[34m[38;2;68;68;68m 144[34m[38;2;68;68;68m 142[34m[0m}
[34m[38;2;68;68;68m 145[34m[38;2;68;68;68m 143[34m[0m
[34m[38;5;88m 146[34m[38;5;28m    [34m[31mfn parse_args<'a>([0m
[34m[38;5;88m 147[34m[38;5;28m    [34m[31m    syntax_set: &'a SyntaxSet,[0m
[34m[38;5;88m 148[34m[38;5;28m    [34m[31m    theme_set: &'a ThemeSet,[0m
[34m[38;5;88m 149[34m[38;5;28m    [34m[31m    opt: &'a Opt,[0m
[34m[38;5;88m 150[34m[38;5;28m    [34m[31m) -> paint::Config<'a> {[0m
[34m[38;5;88m    [34m[38;5;28m 144[34m[1;7;32mfn parse_args<'a>(assets: &'a HighlightingAssets, opt: &'a Opt[0m[32m) -> paint::Config<'a> {[0m
[34m[38;2;68;68;68m 151[34m[38;2;68;68;68m 145[34m[0m
[34m[38;2;68;68;68m 152[34m[38;2;68;68;68m 146[34m[0m    if opt.light && opt.dark {
[34m[38;2;68;68;68m 153[34m[38;2;68;68;68m 147[34m[0m        eprintln!("--light and --dark cannot be used together.");

[34m──────────────────────[0m[34m┐[0m
[34m•[0m  fn parse_args<'a>( [34m│[0m
[34m──────────────────────[0m[34m┘[0m
[34m[38;2;68;68;68m 164[34m[38;2;68;68;68m 158[34m[0m    };
[34m[38;2;68;68;68m 165[34m[38;2;68;68;68m 159[34m[0m
[34m[38;2;68;68;68m 166[34m[38;2;68;68;68m 160[34m[0m    paint::get_config(
[34m[38;5;88m 167[34m[38;5;28m    [34m[31m        syntax_set,[0m
[34m[38;5;88m    [34m[38;5;28m 161[34m[32m        [1;7m&assets.[0m[32msyntax_set,[0m
[34m[38;2;68;68;68m 168[34m[38;2;68;68;68m 162[34m[0m        &opt.theme,
[34m[38;5;88m 169[34m[38;5;28m    [34m[31m        theme_set,[0m
[34m[38;5;88m 170[34m[38;5;28m    [34m[31m        opt.[1;7mdark[0m[31m,[0m
[34m[38;5;88m    [34m[38;5;28m 163[34m[32m        [1;7m&assets.[0m[32mtheme_set,[0m
[34m[38;5;88m    [34m[38;5;28m 164[34m[32m        opt.[1;7mlight[0m[32m,[0m
[34m[38;2;68;68;68m 171[34m[38;2;68;68;68m 165[34m[0m        &opt.plus_color,
[34m[38;2;68;68;68m 172[34m[38;2;68;68;68m 166[34m[0m        &opt.minus_color,
[34m[38;2;68;68;68m 173[34m[38;2;68;68;68m 167[34m[0m        width,

[34mΔ src/paint.rs[0m
[34m────────────────────────────────────────────────────────────────────────────────[0m

[34m──────────────────────────────────────[0m[34m┐[0m
[34m•[0m  use syntect::easy::HighlightLines; [34m│[0m
[34m──────────────────────────────────────[0m[34m┘[0m
[34m[38;2;68;68;68m  6 [34m[38;2;68;68;68m  6 [34m[0muse syntect::highlighting::{Color, Style, Theme, ThemeSet};
[34m[38;2;68;68;68m  7 [34m[38;2;68;68;68m  7 [34m[0muse syntect::parsing::{SyntaxReference, SyntaxSet};
[34m[38;2;68;68;68m  8 [34m[38;2;68;68;68m  8 [34m[0m
[34m[38;5;88m  9 [34m[38;5;28m    [34m[31mpub const [1;7mDARK_THEMES[0m[31m: [&str; 4] = [[0m
[34m[38;5;88m 10 [34m[38;5;28m    [34m[31m    "Solarized (dark)",[0m
[34m[38;5;88m 11 [34m[38;5;28m    [34m[31m    "base16-eighties.dark",[0m
[34m[38;5;88m 12 [34m[38;5;28m    [34m[31m    "base16-mocha.dark",[0m
[34m[38;5;88m 13 [34m[38;5;28m    [34m[31m    "base16-ocean.dark",[0m
[34m[38;5;88m    [34m[38;5;28m  9 [34m[32mpub const [1;7mLIGHT_THEMES[0m[32m: [&str; 4] = [[0m
[34m[38;5;88m    [34m[38;5;28m 10 [34m[32m    "GitHub",[0m
[34m[38;5;88m    [34m[38;5;28m 11 [34m[32m    "Monokai Extended Light",[0m
[34m[38;5;88m    [34m[38;5;28m 12 [34m[32m    "OneHalfLight",[0m
[34m[38;5;88m    [34m[38;5;28m 13 [34m[32m    "ansi-light",[0m
[34m[38;2;68;68;68m 14 [34m[38;2;68;68;68m 14 [34m[0m];
[34m[38;2;68;68;68m 15 [34m[38;2;68;68;68m 15 [34m[0m
[34m[38;2;68;68;68m 16 [34m[38;2;68;68;68m 16 [34m[0mconst LIGHT_THEME_PLUS_COLOR: Color = Color {

[34m──────────────────────────[0m[34m┐[0m
[34m•[0m  pub fn get_config<'a>( [34m│[0m
[34m──────────────────────────[0m[34m┘[0m
[34m[38;2;68;68;68m 53 [34m[38;2;68;68;68m 53 [34m[0m    syntax_set: &'a SyntaxSet,
[34m[38;2;68;68;68m 54 [34m[38;2;68;68;68m 54 [34m[0m    theme: &Option<String>,
[34m[38;2;68;68;68m 55 [34m[38;2;68;68;68m 55 [34m[0m    theme_set: &'a ThemeSet,
[34m[38;5;88m 56 [34m[38;5;28m    [34m[31m    [1;7mdark[0m[31m: bool,[0m
[34m[38;5;88m    [34m[38;5;28m 56 [34m[32m    [1;7mlight[0m[32m: bool,[0m
[34m[38;2;68;68;68m 57 [34m[38;2;68;68;68m 57 [34m[0m    plus_color_str: &Option<String>,
[34m[38;2;68;68;68m 58 [34m[38;2;68;68;68m 58 [34m[0m    minus_color_str: &Option<String>,
[34m[38;2;68;68;68m 59 [34m[38;2;68;68;68m 59 [34m[0m    width: Option<usize>,

[34m──────────────────────────[0m[34m┐[0m
[34m•[0m  pub fn get_config<'a>( [34m│[0m
[34m──────────────────────────[0m[34m┘[0m
[34m[38;2;68;68;68m 68 [34m[38;2;68;68;68m 68 [34m[0m            theme
[34m[38;2;68;68;68m 69 [34m[38;2;68;68;68m 69 [34m[0m        }
[34m[38;2;68;68;68m 70 [34m[38;2;68;68;68m 70 [34m[0m        None => {
[34m[38;5;88m 71 [34m[38;5;28m    [34m[31m            match [1;7mdark[0m[31m {[0m
[34m[38;5;88m 72 [34m[38;5;28m    [34m[31m                true => "[1;7mbase16-mocha.dark[0m[31m",[0m
[34m[38;5;88m 73 [34m[38;5;28m    [34m[31m                false => "[1;7mInspiredGitHub[0m[31m",[0m
[34m[38;5;88m    [34m[38;5;28m 71 [34m[32m            match [1;7mlight[0m[32m {[0m
[34m[38;5;88m    [34m[38;5;28m 72 [34m[32m                true => "[1;7mGitHub[0m[32m",[0m
[34m[38;5;88m    [34m[38;5;28m 73 [34m[32m                false => "[1;7mbase16[0m[32m",[0m
[34m[38;2;68;68;68m 74 [34m[38;2;68;68;68m 74 [34m[0m            }
[34m[38;2;68;68;68m 75 [34m[38;2;68;68;68m 75 [34m[0m        }
[34m[38;2;68;68;68m 76 [34m[38;2;68;68;68m 76 [34m[0m    };

[34m──────────────────────────[0m[34m┐[0m
[34m•[0m  pub fn get_config<'a>( [34m│[0m
[34m──────────────────────────[0m[34m┘[0m
[34m[38;2;68;68;68m 81 [34m[38;2;68;68;68m 81 [34m[0m        |s| Color::from_str(s).ok(),
[34m[38;2;68;68;68m 82 [34m[38;2;68;68;68m 82 [34m[0m    );
[34m[38;2;68;68;68m 83 [34m[38;2;68;68;68m 83 [34m[0m
[34m[38;5;88m 84 [34m[38;5;28m    [34m[31m    let [1;7mis_dark_theme[0m[31m = [1;7mDARK_THEMES[0m[31m.contains(&theme_name);[0m
[34m[38;5;88m    [34m[38;5;28m 84 [34m[32m    let [1;7mis_light_theme[0m[32m = [1;7mLIGHT_THEMES[0m[32m.contains(&theme_name);[0m
[34m[38;2;68;68;68m 85 [34m[38;2;68;68;68m 85 [34m[0m
[34m[38;2;68;68;68m 86 [34m[38;2;68;68;68m 86 [34m[0m    Config {
[34m[38;2;68;68;68m 87 [34m[38;2;68;68;68m 87 [34m[0m        theme: &theme_set.themes[theme_name],
[34m[38;5;88m 88 [34m[38;5;28m    [34m[31m        plus_color: plus_color.unwrap_or_else(|| if [1;7mis_dark_theme[0m[31m {[0m
[34m[38;5;88m 89 [34m[38;5;28m    [34m[31m            DARK_THEME_PLUS_COLOR[0m
[34m[38;5;88m 90 [34m[38;5;28m    [34m[31m        } else {[0m
[34m[38;5;88m    [34m[38;5;28m 88 [34m[32m        plus_color: plus_color.unwrap_or_else(|| if [1;7mis_light_theme[0m[32m {[0m
[34m[38;2;68;68;68m 91 [34m[38;2;68;68;68m 89 [34m[0m            LIGHT_THEME_PLUS_COLOR
[34m[38;5;88m 92 [34m[38;5;28m    [34m[31m        }),[0m
[34m[38;5;88m 93 [34m[38;5;28m    [34m[31m        minus_color: minus_color.unwrap_or_else(|| if is_dark_theme {[0m
[34m[38;5;88m 94 [34m[38;5;28m    [34m[31m            DARK_THEME_MINUS_COLOR[0m
[34m[38;2;68;68;68m 95 [34m[38;2;68;68;68m 90 [34m[0m        } else {
[34m[38;5;88m    [34m[38;5;28m 91 [34m[32m            DARK_THEME_PLUS_COLOR[0m
[34m[38;5;88m    [34m[38;5;28m 92 [34m[32m        }),[0m
[34m[38;5;88m    [34m[38;5;28m 93 [34m[32m        minus_color: minus_color.unwrap_or_else(|| if is_light_theme {[0m
[34m[38;2;68;68;68m 96 [34m[38;2;68;68;68m 94 [34m[0m            LIGHT_THEME_MINUS_COLOR
[34m[38;5;88m    [34m[38;5;28m 95 [34m[32m        } else {[0m
[34m[38;5;88m    [34m[38;5;28m 96 [34m[32m            DARK_THEME_MINUS_COLOR[0m
[34m[38;2;68;68;68m 97 [34m[38;2;68;68;68m 97 [34m[0m        }),
[34m[38;2;68;68;68m 98 [34m[38;2;68;68;68m 98 [34m[0m        width: width,
[34m[38;2;68;68;68m 99 [34m[38;2;68;68;68m 99 [34m[0m        syntax_set: &syntax_set,
