commit e096e6d7e6e29309346c3521971b784bbc30ddfd
Author:     Dan Davison <dandavison7@gmail.com>
AuthorDate: Sun Jun 30 12:20:19 2019 -0400
Commit:     Dan Davison <dandavison7@gmail.com>
CommitDate: Sun Jun 30 12:20:19 2019 -0400

    Revert "DNC: Use Display trait instead of String"
    
    This reverts commit ba3dbe6c5d6ecf9c7ee9898e7ad9eededd4bf4f3.


[34mΔ src/main.rs[0m
[34m────────────────────────────────────────────────────────────────────────────────[0m

[34m───────────────[0m[34m┐[0m
[34m•[0m  mod assets; [34m│[0m
[34m───────────────[0m[34m┘[0m
[34m[38;2;68;68;68m  2 [34m[38;2;68;68;68m  2 [34m[0mmod paint;
[34m[38;2;68;68;68m  3 [34m[38;2;68;68;68m  3 [34m[0mmod parse_diff;
[34m[38;2;68;68;68m  4 [34m[38;2;68;68;68m  4 [34m[0m
[34m[38;5;88m  5 [34m[38;5;28m    [34m[31muse std::fmt::Display;[0m
[34m[38;2;68;68;68m  6 [34m[38;2;68;68;68m  5 [34m[0muse std::io::{self, BufRead, ErrorKind, Write};
[34m[38;2;68;68;68m  7 [34m[38;2;68;68;68m  6 [34m[0muse std::process;
[34m[38;2;68;68;68m  8 [34m[38;2;68;68;68m  7 [34m[0m

[34m──────────────────────────────────────[0m[34m┐[0m
[34m•[0m  fn main() -> std::io::Result<()> { [34m│[0m
[34m──────────────────────────────────────[0m[34m┘[0m
[34m[38;2;68;68;68m 100[34m[38;2;68;68;68m 99 [34m[0m    Ok(())
[34m[38;2;68;68;68m 101[34m[38;2;68;68;68m 100[34m[0m}
[34m[38;2;68;68;68m 102[34m[38;2;68;68;68m 101[34m[0m
[34m[38;5;88m 103[34m[38;5;28m    [34m[31mfn delta[1;7m<I>[0m[31m([0m
[34m[38;5;88m 104[34m[38;5;28m    [34m[31m    lines: I,[0m
[34m[38;5;88m    [34m[38;5;28m 102[34m[32mfn delta([0m
[34m[38;5;88m    [34m[38;5;28m 103[34m[32m    lines: impl Iterator<Item = String>,[0m
[34m[38;2;68;68;68m 105[34m[38;2;68;68;68m 104[34m[0m    paint_config: &paint::Config,
[34m[38;2;68;68;68m 106[34m[38;2;68;68;68m 105[34m[0m    assets: &HighlightingAssets,
[34m[38;5;88m 107[34m[38;5;28m    [34m[31m) -> std::io::Result<()>[0m
[34m[38;5;88m 108[34m[38;5;28m    [34m[31mwhere[0m
[34m[38;5;88m 109[34m[38;5;28m    [34m[31m    I: Iterator,[0m
[34m[38;5;88m 110[34m[38;5;28m    [34m[31m    I::Item: Display,[0m
[34m[38;5;88m 111[34m[38;5;28m    [34m[31m{[0m
[34m[38;5;88m    [34m[38;5;28m 106[34m[32m) -> std::io::Result<()>[1;7m {[0m
[34m[38;2;68;68;68m 112[34m[38;2;68;68;68m 107[34m[0m
[34m[38;2;68;68;68m 113[34m[38;2;68;68;68m 108[34m[0m    let mut syntax: Option<&SyntaxReference> = None;
[34m[38;2;68;68;68m 114[34m[38;2;68;68;68m 109[34m[0m    let mut output = String::new();
