commit ddf41562143d93f8298dfe36d072a9e86f1d2c40
Author:     Dan Davison <dandavison7@gmail.com>
AuthorDate: Sun Jun 23 18:41:07 2019 -0400
Commit:     Dan Davison <dandavison7@gmail.com>
CommitDate: Sun Jun 23 21:29:47 2019 -0400

    Iterate over hunks


[34mΔ src/main.rs[0m
[34m────────────────────────────────────────────────────────────────────────────────[0m

[34m─────────────────────────────────────[0m[34m┐[0m
[34m•[0m  use std::io::{self, Read, Write}; [34m│[0m
[34m─────────────────────────────────────[0m[34m┘[0m
[34m[38;2;68;68;68m  5 [34m[38;2;68;68;68m  5 [34m[0muse unidiff::PatchSet;
[34m[38;2;68;68;68m  6 [34m[38;2;68;68;68m  6 [34m[0m
[34m[38;2;68;68;68m  7 [34m[38;2;68;68;68m  7 [34m[0mfn main() {
[34m[38;5;88m  8 [34m[38;5;28m    [34m[31m    let mut [1;7mdiff_str[0m[31m = String::new();[0m
[34m[38;5;88m  9 [34m[38;5;28m    [34m[31m    let mut [1;7mpatch[0m[31m = PatchSet::new();[0m
[34m[38;5;88m 10 [34m[38;5;28m    [34m[31m    io::stdin().read_to_string(&mut diff_str);[0m
[34m[38;5;88m 11 [34m[38;5;28m    [34m[31m    [1;7mpatch[0m[31m.parse(&mut [1;7mdiff_str[0m[31m).ok().expect("Error parsing diff");[0m
[34m[38;5;88m 12 [34m[38;5;28m    [34m[31m    io::stdout().write_all([1;7mdiff_str.as_bytes()[0m[31m);[0m
[34m[38;5;88m    [34m[38;5;28m  8 [34m[32m    let mut [1;7minput[0m[32m = String::new();[0m
[34m[38;5;88m    [34m[38;5;28m  9 [34m[32m    io::stdin().read_to_string(&mut input);[0m
[34m[38;5;88m    [34m[38;5;28m 10 [34m[32m    let mut [1;7mpatch_set[0m[32m = PatchSet::new();[0m
[34m[38;5;88m    [34m[38;5;28m 11 [34m[32m    [1;7mpatch_set[0m[32m.parse(&mut [1;7minput[0m[32m).ok().expect("Error parsing diff");[0m
[34m[38;5;88m    [34m[38;5;28m 12 [34m[32m    for patched_file in patch_set {[0m
[34m[38;5;88m    [34m[38;5;28m 13 [34m[32m        for hunk in patched_file {[0m
[34m[38;5;88m    [34m[38;5;28m 14 [34m[32m    [1;7m        [0m[32mio::stdout().write_all([1;7mb"\n<<<<<<<<<<<<<<<<<<<<<<<<<<<<<<<<<<<<<\n"[0m[32m);[0m
[34m[38;5;88m    [34m[38;5;28m 15 [34m[32m            io::stdout().write_all(hunk.to_string().as_bytes());[0m
[34m[38;5;88m    [34m[38;5;28m 16 [34m[32m        }[0m
[34m[38;5;88m    [34m[38;5;28m 17 [34m[32m    }[0m
[34m[38;2;68;68;68m 13 [34m[38;2;68;68;68m 18 [34m[0m}
