commit bd2867848e94b3b6b4dbfbf6d894be2eb38a9570
Author:     Dan Davison <dandavison7@gmail.com>
AuthorDate: Sun Jun 30 12:19:24 2019 -0400
Commit:     Dan Davison <dandavison7@gmail.com>
CommitDate: Sun Jun 30 12:19:24 2019 -0400

    Refactor: generic function processing lines of input


[34mΔ src/main.rs[0m
[34m────────────────────────────────────────────────────────────────────────────────[0m

[34m────────────────[0m[34m┐[0m
[34m•[0m  enum State { [34m│[0m
[34m────────────────[0m[34m┘[0m
[34m[38;2;68;68;68m 68 [34m[38;2;68;68;68m 68 [34m[0m    Unknown,
[34m[38;2;68;68;68m 69 [34m[38;2;68;68;68m 69 [34m[0m}
[34m[38;2;68;68;68m 70 [34m[38;2;68;68;68m 70 [34m[0m
[34m[38;5;88m 71 [34m[38;5;28m    [34m[31mfn main() {[0m
[34m[38;5;88m 72 [34m[38;5;28m    [34m[31m    match delta() {[0m
[34m[38;5;88m 73 [34m[38;5;28m    [34m[31m        Err(error) => {[0m
[34m[38;5;88m 74 [34m[38;5;28m    [34m[31m            match error.kind() {[0m
[34m[38;5;88m 75 [34m[38;5;28m    [34m[31m                ErrorKind::BrokenPipe => process::exit(0),[0m
[34m[38;5;88m 76 [34m[38;5;28m    [34m[31m                _ => eprintln!("{}", error),[0m
[34m[38;5;88m 77 [34m[38;5;28m    [34m[31m            }[0m
[34m[38;5;88m 78 [34m[38;5;28m    [34m[31m        }[0m
[34m[38;5;88m 79 [34m[38;5;28m    [34m[31m        _ => (),[0m
[34m[38;5;88m 80 [34m[38;5;28m    [34m[31m    }[0m
[34m[38;5;88m 81 [34m[38;5;28m    [34m[31m}[0m
[34m[38;5;88m 82 [34m[38;5;28m    [34m[0m
[34m[38;5;88m 83 [34m[38;5;28m    [34m[31mfn delta() -> std::io::Result<()> {[0m
[34m[38;5;88m 84 [34m[38;5;28m    [34m[31m    let [1;7mmut [0m[31mopt = Opt::from_args();[0m
[34m[38;5;88m    [34m[38;5;28m 71 [34m[32mfn main() [1;7m-> std::io::Result<()> [0m[32m{[0m
[34m[38;5;88m    [34m[38;5;28m 72 [34m[32m    let opt = Opt::from_args();[0m
[34m[38;2;68;68;68m 85 [34m[38;2;68;68;68m 73 [34m[0m
[34m[38;2;68;68;68m 86 [34m[38;2;68;68;68m 74 [34m[0m    if opt.list_languages {
[34m[38;2;68;68;68m 87 [34m[38;2;68;68;68m 75 [34m[0m        list_languages()?;

[34m───────────────────────────────────────[0m[34m┐[0m
[34m•[0m  fn delta() -> std::io::Result<()> { [34m│[0m
[34m───────────────────────────────────────[0m[34m┘[0m
[34m[38;2;68;68;68m 95 [34m[38;2;68;68;68m 83 [34m[0m    let theme_set = ThemeSet::load_defaults();
[34m[38;2;68;68;68m 96 [34m[38;2;68;68;68m 84 [34m[0m    let paint_config = parse_args(&assets.syntax_set, &theme_set, &opt);
[34m[38;2;68;68;68m 97 [34m[38;2;68;68;68m 85 [34m[0m
[34m[38;5;88m 98 [34m[38;5;28m    [34m[31m    let stdin = io::stdin();[0m
[34m[38;5;88m 99 [34m[38;5;28m    [34m[31m    let mut stdout = io::stdout();[0m
[34m[38;5;88m    [34m[38;5;28m 86 [34m[32m    match delta([0m
[34m[38;5;88m    [34m[38;5;28m 87 [34m[32m        io::stdin().lock().lines().map(|l| l.unwrap()),[0m
[34m[38;5;88m    [34m[38;5;28m 88 [34m[32m        &paint_config,[0m
[34m[38;5;88m    [34m[38;5;28m 89 [34m[32m        &assets,[0m
[34m[38;5;88m    [34m[38;5;28m 90 [34m[32m    ) {[0m
[34m[38;5;88m    [34m[38;5;28m 91 [34m[32m        Err(error) => {[0m
[34m[38;5;88m    [34m[38;5;28m 92 [34m[32m            match error.kind() {[0m
[34m[38;5;88m    [34m[38;5;28m 93 [34m[32m                ErrorKind::BrokenPipe => process::exit(0),[0m
[34m[38;5;88m    [34m[38;5;28m 94 [34m[32m                _ => eprintln!("{}", error),[0m
[34m[38;5;88m    [34m[38;5;28m 95 [34m[32m            }[0m
[34m[38;5;88m    [34m[38;5;28m 96 [34m[32m        }[0m
[34m[38;5;88m    [34m[38;5;28m 97 [34m[32m        _ => (),[0m
[34m[38;5;88m    [34m[38;5;28m 98 [34m[32m    };[0m
[34m[38;5;88m    [34m[38;5;28m 99 [34m[32m    Ok(())[0m
[34m[38;5;88m    [34m[38;5;28m 100[34m[32m}[0m
[34m[38;5;88m    [34m[38;5;28m 101[34m[0m
[34m[38;5;88m    [34m[38;5;28m 102[34m[32mfn delta([0m
[34m[38;5;88m    [34m[38;5;28m 103[34m[32m    lines: impl Iterator<Item = String>,[0m
[34m[38;5;88m    [34m[38;5;28m 104[34m[32m    paint_config: &paint::Config,[0m
[34m[38;5;88m    [34m[38;5;28m 105[34m[32m    assets: &HighlightingAssets,[0m
[34m[38;5;88m    [34m[38;5;28m 106[34m[32m) -> std::io::Result<()> {[0m
[34m[38;2;68;68;68m 100[34m[38;2;68;68;68m 107[34m[0m
[34m[38;2;68;68;68m 101[34m[38;2;68;68;68m 108[34m[0m    let mut syntax: Option<&SyntaxReference> = None;
[34m[38;2;68;68;68m 102[34m[38;2;68;68;68m 109[34m[0m    let mut output = String::new();
[34m[38;5;88m    [34m[38;5;28m 110[34m[32m    let mut stdout = io::stdout();[0m
[34m[38;2;68;68;68m 103[34m[38;2;68;68;68m 111[34m[0m    let mut state = State::Unknown;
[34m[38;2;68;68;68m 104[34m[38;2;68;68;68m 112[34m[0m    let mut did_emit_line: bool;
[34m[38;2;68;68;68m 105[34m[38;2;68;68;68m 113[34m[0m
[34m[38;5;88m 106[34m[38;5;28m    [34m[31m    for [1;7m_line[0m[31m in [1;7mstdin.lock().[0m[31mlines[1;7m()[0m[31m {[0m
[34m[38;5;88m 107[34m[38;5;28m    [34m[31m        let raw_line = _line?;[0m
[34m[38;5;88m 108[34m[38;5;28m    [34m[31m        let line[1;7m: String[0m[31m = strip_ansi_codes(&raw_line).to_string();[0m
[34m[38;5;88m    [34m[38;5;28m 114[34m[32m    for [1;7mraw_line[0m[32m in lines {[0m
[34m[38;5;88m    [34m[38;5;28m 115[34m[32m        let line = strip_ansi_codes(&raw_line).to_string();[0m
[34m[38;2;68;68;68m 109[34m[38;2;68;68;68m 116[34m[0m        did_emit_line = false;
[34m[38;2;68;68;68m 110[34m[38;2;68;68;68m 117[34m[0m        if line.starts_with("diff --") {
[34m[38;2;68;68;68m 111[34m[38;2;68;68;68m 118[34m[0m            state = State::DiffMeta;
