commit 979763ca4a23e82de4934eeec779695859faa429
Author:     Dan Davison <dandavison7@gmail.com>
AuthorDate: Mon Jul 1 04:22:11 2019 -0400
Commit:     Dan Davison <dandavison7@gmail.com>
CommitDate: Mon Jul 1 04:37:20 2019 -0400

    Add table headers in README


[34mΔ README.md[0m
[34m────────────────────────────────────────────────────────────────────────────────[0m

[34m[38;2;68;68;68m 14 [34m[38;2;68;68;68m 14 [34m[0m           alt="image" />
[34m[38;2;68;68;68m 15 [34m[38;2;68;68;68m 15 [34m[0m    </td>
[34m[38;2;68;68;68m 16 [34m[38;2;68;68;68m 16 [34m[0m  </tr>
[34m[38;5;88m    [34m[38;5;28m 17 [34m[32m  <tr>[0m
[34m[38;5;88m    [34m[38;5;28m 18 [34m[32m    <td>[0m
[34m[38;5;88m    [34m[38;5;28m 19 [34m[32m      delta --dark (default)[0m
[34m[38;5;88m    [34m[38;5;28m 20 [34m[32m    </td>[0m
[34m[38;5;88m    [34m[38;5;28m 21 [34m[32m    <td>[0m
[34m[38;5;88m    [34m[38;5;28m 22 [34m[32m      delta --light --width=variable --highlight-removed[0m
[34m[38;5;88m    [34m[38;5;28m 23 [34m[32m    </td>[0m
[34m[38;5;88m    [34m[38;5;28m 24 [34m[32m  </tr>[0m
[34m[38;2;68;68;68m 17 [34m[38;2;68;68;68m 25 [34m[0m</table>
[34m[38;2;68;68;68m 18 [34m[38;2;68;68;68m 26 [34m[0m
[34m[38;2;68;68;68m 19 [34m[38;2;68;68;68m 27 [34m[0m
