commit cec380c2ee69b17886f56397d1f48b8279c0aa7c
Author:     Dan Davison <dandavison7@gmail.com>
AuthorDate: Sun Jun 30 16:29:03 2019 -0400
Commit:     Dan Davison <dandavison7@gmail.com>
CommitDate: Sun Jun 30 16:33:07 2019 -0400

    Improve help text


[34mΔ README.md[0m
[34m────────────────────────────────────────────────────────────────────────────────[0m

[34m──────────[0m[34m┐[0m
[34m•[0m  USAGE: [34m│[0m
[34m──────────[0m[34m┘[0m
[34m[38;2;68;68;68m 16 [34m[38;2;68;68;68m 16 [34m[0m    delta [FLAGS] [OPTIONS]
[34m[38;2;68;68;68m 17 [34m[38;2;68;68;68m 17 [34m[0m
[34m[38;2;68;68;68m 18 [34m[38;2;68;68;68m 18 [34m[0mFLAGS:
[34m[38;5;88m 19 [34m[38;5;28m    [34m[31m        --dark              Use [1;7mdiff highlighting [0m[31mcolors appropriate for a dark terminal background.[0m
[34m[38;5;88m    [34m[38;5;28m 19 [34m[32m        --compare-themes    Compare available syntax highlighting themes. To use this option, supply git diff output to[0m
[34m[38;5;88m    [34m[38;5;28m 20 [34m[32m                            delta on standard input. For example: `git show --color=always | delta --compare-themes`.[0m
[34m[38;5;88m    [34m[38;5;28m 21 [34m[32m        --dark              Use colors appropriate for a dark terminal background.[1;7m  For more control, see --theme,[0m
[34m[38;5;88m    [34m[38;5;28m 22 [34m[32m                            --plus-color, and --minus-color.[0m
[34m[38;2;68;68;68m 20 [34m[38;2;68;68;68m 23 [34m[0m    -h, --help              Prints help information
[34m[38;5;88m 21 [34m[38;5;28m    [34m[31m        --light             Use [1;7mdiff highlighting [0m[31mcolors appropriate for a light terminal background. [1;7mThis is the[0m
[34m[38;5;88m 22 [34m[38;5;28m    [34m[31m                            default.[0m
[34m[38;5;88m    [34m[38;5;28m 24 [34m[32m        --light             Use colors appropriate for a light terminal background. [1;7mFor more control, see --theme,[0m
[34m[38;5;88m    [34m[38;5;28m 25 [34m[32m                            --plus-color, and --minus-color.[0m
[34m[38;2;68;68;68m 23 [34m[38;2;68;68;68m 26 [34m[0m        --list-languages    List supported languages and associated file extensions.
[34m[38;2;68;68;68m 24 [34m[38;2;68;68;68m 27 [34m[0m        --list-themes       List available syntax highlighting themes.
[34m[38;2;68;68;68m 25 [34m[38;2;68;68;68m 28 [34m[0m    -V, --version           Prints version information
[34m[38;2;68;68;68m 26 [34m[38;2;68;68;68m 29 [34m[0m
[34m[38;2;68;68;68m 27 [34m[38;2;68;68;68m 30 [34m[0mOPTIONS:
[34m[38;5;88m 28 [34m[38;5;28m    [34m[31m        --minus-color <minus_color>    The background color (RGB hex) to use for removed lines.[1;7m The default is "#ffd0d0"[0m
[34m[38;5;88m 29 [34m[38;5;28m    [34m[31m                                       if you are using --light, and "#3f0001" if you are using --dark.[0m
[34m[38;5;88m 30 [34m[38;5;28m    [34m[31m        --plus-color <plus_color>      The background color (RGB hex) to use for added lines.[1;7m The default is "#d0ffd0"[0m
[34m[38;5;88m 31 [34m[38;5;28m    [34m[31m                                       if you are using --light, and "#013B01" if you are using --dark.[0m
[34m[38;5;88m 32 [34m[38;5;28m    [34m[31m        --theme <theme>                The syntax highlighting theme to use.[1;7m Options are Light: ("InspiredGitHub",[0m
[34m[38;5;88m 33 [34m[38;5;28m    [34m[31m                                       "Solarized (light)", "base16-ocean.light"), Dark: ("Solarized, (dark)", "base16-[0m
[34m[38;5;88m 34 [34m[38;5;28m    [34m[31m                                       eighties.dark", "base16-mocha.dark", "base16-ocean.dark").[0m
[34m[38;5;88m    [34m[38;5;28m 31 [34m[32m        --minus-color <minus_color>    The background color (RGB hex) to use for removed lines.[0m
[34m[38;5;88m    [34m[38;5;28m 32 [34m[32m        --plus-color <plus_color>      The background color (RGB hex) to use for added lines.[0m
[34m[38;5;88m    [34m[38;5;28m 33 [34m[32m        --theme <theme>                The syntax highlighting theme to use.[0m
[34m[38;2;68;68;68m 35 [34m[38;2;68;68;68m 34 [34m[0m    -w, --width <width>                The width (in characters) of the diff highlighting. By default, the highlighting
[34m[38;2;68;68;68m 36 [34m[38;2;68;68;68m 35 [34m[0m                                       extends to the last character on each line.
[34m[38;2;68;68;68m 37 [34m[38;2;68;68;68m 36 [34m[0m```

[34mΔ src/main.rs[0m
[34m────────────────────────────────────────────────────────────────────────────────[0m

[34m────────────────[0m[34m┐[0m
[34m•[0m  struct Opt { [34m│[0m
[34m────────────────[0m[34m┘[0m
[34m[38;2;68;68;68m 20 [34m[38;2;68;68;68m 20 [34m[0m    #[structopt(long = "light")]
[34m[38;2;68;68;68m 21 [34m[38;2;68;68;68m 21 [34m[0m    light: bool,
[34m[38;2;68;68;68m 22 [34m[38;2;68;68;68m 22 [34m[0m
[34m[38;5;88m 23 [34m[38;5;28m    [34m[31m    /// Use [1;7mdiff highlighting [0m[31mcolors appropriate for a dark terminal[0m
[34m[38;5;88m 24 [34m[38;5;28m    [34m[31m    /// [1;7mbackground.  For [0m[31mmore control, see --theme, --plus-color, and[0m
[34m[38;5;88m 25 [34m[38;5;28m    [34m[31m    /// --minus-color.[0m
[34m[38;5;88m    [34m[38;5;28m 23 [34m[32m    /// Use colors appropriate for a dark terminal[1;7m background.  For[0m
[34m[38;5;88m    [34m[38;5;28m 24 [34m[32m    /// more control, see --theme, --plus-color, and[1;7m --minus-color.[0m
[34m[38;2;68;68;68m 26 [34m[38;2;68;68;68m 25 [34m[0m    #[structopt(long = "dark")]
[34m[38;2;68;68;68m 27 [34m[38;2;68;68;68m 26 [34m[0m    dark: bool,
[34m[38;2;68;68;68m 28 [34m[38;2;68;68;68m 27 [34m[0m
[34m[38;2;68;68;68m 29 [34m[38;2;68;68;68m 28 [34m[0m    #[structopt(long = "plus-color")]
[34m[38;5;88m 30 [34m[38;5;28m    [34m[31m    /// The background color (RGB hex) to use for added lines.[1;7m The[0m
[34m[38;5;88m 31 [34m[38;5;28m    [34m[31m    /// default is "#d0ffd0" if you are using --light, and "#013B01"[0m
[34m[38;5;88m 32 [34m[38;5;28m    [34m[31m    /// if you are using --dark.[0m
[34m[38;5;88m    [34m[38;5;28m 29 [34m[32m    /// The background color (RGB hex) to use for added lines.[0m
[34m[38;2;68;68;68m 33 [34m[38;2;68;68;68m 30 [34m[0m    plus_color: Option<String>,
[34m[38;2;68;68;68m 34 [34m[38;2;68;68;68m 31 [34m[0m
[34m[38;2;68;68;68m 35 [34m[38;2;68;68;68m 32 [34m[0m    #[structopt(long = "minus-color")]
[34m[38;5;88m 36 [34m[38;5;28m    [34m[31m    /// The background color (RGB hex) to use for removed lines.[1;7m The[0m
[34m[38;5;88m 37 [34m[38;5;28m    [34m[31m    /// default is "#ffd0d0" if you are using --light, and "#3f0001" if[0m
[34m[38;5;88m 38 [34m[38;5;28m    [34m[31m    /// you are using --dark.[0m
[34m[38;5;88m    [34m[38;5;28m 33 [34m[32m    /// The background color (RGB hex) to use for removed lines.[0m
[34m[38;2;68;68;68m 39 [34m[38;2;68;68;68m 34 [34m[0m    minus_color: Option<String>,
[34m[38;2;68;68;68m 40 [34m[38;2;68;68;68m 35 [34m[0m
[34m[38;2;68;68;68m 41 [34m[38;2;68;68;68m 36 [34m[0m    #[structopt(long = "theme")]
[34m[38;5;88m 42 [34m[38;5;28m    [34m[31m    /// The syntax highlighting theme to use.[1;7m Options are Light:[0m
[34m[38;5;88m 43 [34m[38;5;28m    [34m[31m    /// ("InspiredGitHub", "Solarized (light)", "base16-ocean.light"),[0m
[34m[38;5;88m 44 [34m[38;5;28m    [34m[31m    /// Dark: ("Solarized, (dark)", "base16-eighties.dark",[0m
[34m[38;5;88m 45 [34m[38;5;28m    [34m[31m    /// "base16-mocha.dark", "base16-ocean.dark").[0m
[34m[38;5;88m    [34m[38;5;28m 37 [34m[32m    /// The syntax highlighting theme to use.[0m
[34m[38;2;68;68;68m 46 [34m[38;2;68;68;68m 38 [34m[0m    theme: Option<String>,
[34m[38;2;68;68;68m 47 [34m[38;2;68;68;68m 39 [34m[0m
[34m[38;2;68;68;68m 48 [34m[38;2;68;68;68m 40 [34m[0m    /// The width (in characters) of the diff highlighting. By

[34m────────────────[0m[34m┐[0m
[34m•[0m  struct Opt { [34m│[0m
[34m────────────────[0m[34m┘[0m
[34m[38;2;68;68;68m 61 [34m[38;2;68;68;68m 53 [34m[0m
[34m[38;2;68;68;68m 62 [34m[38;2;68;68;68m 54 [34m[0m    /// Compare available syntax highlighting themes. To use this
[34m[38;2;68;68;68m 63 [34m[38;2;68;68;68m 55 [34m[0m    /// option, supply git diff output to delta on standard input.
[34m[38;5;88m    [34m[38;5;28m 56 [34m[32m    /// For example: `git show --color=always | delta --compare-themes`.[0m
[34m[38;2;68;68;68m 64 [34m[38;2;68;68;68m 57 [34m[0m    #[structopt(long = "compare-themes")]
[34m[38;2;68;68;68m 65 [34m[38;2;68;68;68m 58 [34m[0m    compare_themes: bool,
[34m[38;2;68;68;68m 66 [34m[38;2;68;68;68m 59 [34m[0m}
