commit 0cabaa4b4a3d55857fa3cda445ad066b8dac5d1c
Author:     Dan Davison <dandavison7@gmail.com>
AuthorDate: Tue Jun 25 23:11:54 2019 -0400
Commit:     Dan Davison <dandavison7@gmail.com>
CommitDate: Wed Jun 26 09:59:01 2019 -0400

    Revert "Only output color if stdout is a tty"
    
    This reverts commit e0e2d5fb1ea52294afb0d7ed4ab59752b13b3c41.
    
    Pipe to ansifilter if this is needed


[34mΔ Cargo.toml[0m
[34m────────────────────────────────────────────────────────────────────────────────[0m

[34m─────────────────────────────────────────────────────[0m[34m┐[0m
[34m•[0m  authors = ["Dan Davison <dandavison7@gmail.com>"] [34m│[0m
[34m─────────────────────────────────────────────────────[0m[34m┘[0m
[34m[38;2;68;68;68m  5 [34m[38;2;68;68;68m  5 [34m[0medition = "2018"
[34m[38;2;68;68;68m  6 [34m[38;2;68;68;68m  6 [34m[0m
[34m[38;2;68;68;68m  7 [34m[38;2;68;68;68m  7 [34m[0m[dependencies]
[34m[38;5;88m  8 [34m[38;5;28m    [34m[31matty = "0.2.2"[0m
[34m[38;2;68;68;68m  9 [34m[38;2;68;68;68m  8 [34m[0mparsepatch = "0.2.0"
[34m[38;2;68;68;68m 10 [34m[38;2;68;68;68m  9 [34m[0msyntect = "3.2"

[34mΔ src/main.rs[0m
[34m────────────────────────────────────────────────────────────────────────────────[0m

[34m────────────────────────[0m[34m┐[0m
[34m•[0m  use std::fmt::Write; [34m│[0m
[34m────────────────────────[0m[34m┘[0m
[34m[38;2;68;68;68m  2 [34m[38;2;68;68;68m  2 [34m[0muse std::io::{self, BufRead};
[34m[38;2;68;68;68m  3 [34m[38;2;68;68;68m  3 [34m[0muse std::path::Path;
[34m[38;2;68;68;68m  4 [34m[38;2;68;68;68m  4 [34m[0m
[34m[38;5;88m  5 [34m[38;5;28m    [34m[31muse atty::{self, Stream};[0m
[34m[38;2;68;68;68m  6 [34m[38;2;68;68;68m  5 [34m[0muse syntect::easy::HighlightLines;
[34m[38;2;68;68;68m  7 [34m[38;2;68;68;68m  6 [34m[0muse syntect::highlighting::{Color, Style, ThemeSet};
[34m[38;2;68;68;68m  8 [34m[38;2;68;68;68m  7 [34m[0muse syntect::parsing::{SyntaxReference, SyntaxSet};

[34m───────────────[0m[34m┐[0m
[34m•[0m  fn main() { [34m│[0m
[34m───────────────[0m[34m┘[0m
[34m[38;2;68;68;68m 40 [34m[38;2;68;68;68m 39 [34m[0m    let mut syntax: Option<&SyntaxReference> = None;
[34m[38;2;68;68;68m 41 [34m[38;2;68;68;68m 40 [34m[0m    let mut have_printed_line: bool;
[34m[38;2;68;68;68m 42 [34m[38;2;68;68;68m 41 [34m[0m
[34m[38;5;88m 43 [34m[38;5;28m    [34m[31m    let should_apply_colors = atty::is(Stream::Stdout);[0m
[34m[38;5;88m 44 [34m[38;5;28m    [34m[0m
[34m[38;2;68;68;68m 45 [34m[38;2;68;68;68m 42 [34m[0m    for _line in io::stdin().lock().lines() {
[34m[38;2;68;68;68m 46 [34m[38;2;68;68;68m 43 [34m[0m        let line = _line.unwrap(); // TODO: handle None
[34m[38;5;88m 47 [34m[38;5;28m    [34m[31m        if !should_apply_colors {[0m
[34m[38;5;88m 48 [34m[38;5;28m    [34m[31m            println!("{}", line);[0m
[34m[38;5;88m 49 [34m[38;5;28m    [34m[31m            continue;[0m
[34m[38;5;88m 50 [34m[38;5;28m    [34m[31m        }[0m
[34m[38;2;68;68;68m 51 [34m[38;2;68;68;68m 44 [34m[0m        have_printed_line = false;
[34m[38;2;68;68;68m 52 [34m[38;2;68;68;68m 45 [34m[0m        if line.starts_with("diff --") {
[34m[38;2;68;68;68m 53 [34m[38;2;68;68;68m 46 [34m[0m            state = State::DiffMeta;
