commit da441a8f8d7c7bdc916817d89ee4bf189cb17e8a
Author:     Dan Davison <dandavison7@gmail.com>
AuthorDate: Thu Jun 27 11:38:45 2019 -0400
Commit:     Dan Davison <dandavison7@gmail.com>
CommitDate: Thu Jun 27 11:41:07 2019 -0400

    Simplify CLI argument handling


[34mΔ src/main.rs[0m
[34m────────────────────────────────────────────────────────────────────────────────[0m

[34m───────────────────────────────────────[0m[34m┐[0m
[34m•[0m  fn delta() -> std::io::Result<()> { [34m│[0m
[34m───────────────────────────────────────[0m[34m┘[0m
[34m[38;2;68;68;68m 85 [34m[38;2;68;68;68m 85 [34m[0m    let mut opt = Opt::from_args();
[34m[38;2;68;68;68m 86 [34m[38;2;68;68;68m 86 [34m[0m
[34m[38;2;68;68;68m 87 [34m[38;2;68;68;68m 87 [34m[0m    if opt.light && opt.dark {
[34m[38;5;88m 88 [34m[38;5;28m    [34m[31m        [1;7mpanic[0m[31m!("--light or --dark cannot be used together. Default is --light.")[0m
[34m[38;5;88m    [34m[38;5;28m 88 [34m[32m        [1;7meprintln[0m[32m!("--light or --dark cannot be used together. Default is --light.")[1;7m;[0m
[34m[38;5;88m    [34m[38;5;28m 89 [34m[32m        process::exit(1);[0m
[34m[38;2;68;68;68m 89 [34m[38;2;68;68;68m 90 [34m[0m    }
[34m[38;2;68;68;68m 90 [34m[38;2;68;68;68m 91 [34m[0m    match &opt.theme {
[34m[38;2;68;68;68m 91 [34m[38;2;68;68;68m 92 [34m[0m        Some(theme) => {
[34m[38;5;88m 92 [34m[38;5;28m    [34m[31m            if [1;7mpaint::LIGHT_THEMES[0m[31m.[1;7mcontains[0m[31m([1;7m&[0m[31mtheme.as_str()) {[0m
[34m[38;5;88m 93 [34m[38;5;28m    [34m[31m                if opt.dark {[0m
[34m[38;5;88m 94 [34m[38;5;28m    [34m[31m                [1;7m    panic[0m[31m!("[1;7m--dark is invalid with light[0m[31m theme '{}'", theme);[0m
[34m[38;5;88m 95 [34m[38;5;28m    [34m[31m                } else {[0m
[34m[38;5;88m 96 [34m[38;5;28m    [34m[31m                    opt.light = true;[0m
[34m[38;5;88m 97 [34m[38;5;28m    [34m[31m                }[0m
[34m[38;5;88m 98 [34m[38;5;28m    [34m[31m            } else if paint::DARK_THEMES.contains(&theme.as_str()) {[0m
[34m[38;5;88m 99 [34m[38;5;28m    [34m[31m                if opt.light {[0m
[34m[38;5;88m 100[34m[38;5;28m    [34m[31m                    panic!("--light is invalid with dark theme '{}'", theme);[0m
[34m[38;5;88m 101[34m[38;5;28m    [34m[31m                } else {[0m
[34m[38;5;88m 102[34m[38;5;28m    [34m[31m                    opt.dark = true;[0m
[34m[38;5;88m 103[34m[38;5;28m    [34m[31m                }[0m
[34m[38;5;88m 104[34m[38;5;28m    [34m[31m            } else {[0m
[34m[38;5;88m 105[34m[38;5;28m    [34m[31m                panic!("Invalid theme: '{}'", theme);[0m
[34m[38;5;88m    [34m[38;5;28m 93 [34m[32m            if [1;7m!theme_set[0m[32m.[1;7mthemes.contains_key[0m[32m(theme.as_str()) {[0m
[34m[38;5;88m    [34m[38;5;28m 94 [34m[32m                [1;7meprintln[0m[32m!("[1;7mInvalid[0m[32m theme[1;7m:[0m[32m '{}'", theme);[0m
[34m[38;5;88m    [34m[38;5;28m 95 [34m[32m                process::exit(1);[0m
[34m[38;2;68;68;68m 106[34m[38;2;68;68;68m 96 [34m[0m            }
[34m[38;2;68;68;68m 107[34m[38;2;68;68;68m 97 [34m[0m        }
[34m[38;2;68;68;68m 108[34m[38;2;68;68;68m 98 [34m[0m        None => {

[34mΔ src/paint.rs[0m
[34m────────────────────────────────────────────────────────────────────────────────[0m

[34m──────────────────────────────────────[0m[34m┐[0m
[34m•[0m  use syntect::easy::HighlightLines; [34m│[0m
[34m──────────────────────────────────────[0m[34m┘[0m
[34m[38;2;68;68;68m  2 [34m[38;2;68;68;68m  2 [34m[0muse syntect::highlighting::{Color, Style, Theme};
[34m[38;2;68;68;68m  3 [34m[38;2;68;68;68m  3 [34m[0muse syntect::parsing::{SyntaxReference, SyntaxSet};
[34m[38;2;68;68;68m  4 [34m[38;2;68;68;68m  4 [34m[0m
[34m[38;5;88m  5 [34m[38;5;28m    [34m[31mpub const LIGHT_THEMES: [&str; 3] = ["InspiredGitHub", "Solarized (light)", "base16-ocean.light"];[0m
[34m[38;5;88m  6 [34m[38;5;28m    [34m[0m
[34m[38;2;68;68;68m  7 [34m[38;2;68;68;68m  5 [34m[0mpub const DARK_THEMES: [&str; 4] = [
[34m[38;2;68;68;68m  8 [34m[38;2;68;68;68m  6 [34m[0m    "Solarized (dark)",
[34m[38;2;68;68;68m  9 [34m[38;2;68;68;68m  7 [34m[0m    "base16-eighties.dark",
